     VMA      LMA     Size Align Out     In      Symbol
       0        0 80200000     1 . = 0x80200000
80200000        0        0     1 __kernel_base = .
80200000 80200000      9ca     4 .text
80200000 80200000        e     2         /tmp/kernel-bb8953.o:(.text.boot)
80200000 80200000        0     1                 
80200000 80200000        0     1                 
80200000 80200000        0     1                 $x.1
80200000 80200000        0     1                 
80200000 80200000        e     1                 boot
8020000e 8020000e        0     1                 
8020000e 8020000e        0     1                 
80200010 80200010      790     4         /tmp/kernel-bb8953.o:(.text)
80200010 80200010        0     1                 
80200010 80200010        0     1                 
80200010 80200010        0     1                 $x.0
80200010 80200010        0     1                 
80200010 80200010        6     1                 sbi_call
80200014 80200014        0     1                 
80200016 80200016        0     1                 
80200016 80200016        0     1                 
80200016 80200016        0     1                 
80200016 80200016       46     1                 switch_context
8020005c 8020005c        0     1                 
8020005c 8020005c        0     1                 
8020005c 8020005c        0     1                 
8020005c 8020005c       50     1                 alloc_pages
80200062 80200062        0     1                 
8020006a 8020006a        0     1                 
8020006a 8020006a        0     1                 
8020006e 8020006e        0     1                 
80200072 80200072        0     1                 
80200072 80200072        0     1                 
8020007a 8020007a        0     1                 
8020007e 8020007e        0     1                 
80200082 80200082        0     1                 
80200098 80200098        0     1                 
80200098 80200098        0     1                 .LBB2_2
8020009a 8020009a        0     1                 .LBB2_3
8020009a 8020009a        0     1                 
802000a2 802000a2        0     1                 
802000a2 802000a2        0     1                 
802000a8 802000a8        0     1                 
802000a8 802000a8        0     1                 
802000ac 802000ac        0     1                 
802000ac 802000ac        0     1                 
802000ac 802000ac        0     1                 
802000ac 802000ac        0     1                 
802000ac 802000ac        0     1                 
802000ac 802000ac       da     1                 map_page
802000bc 802000bc        0     1                 
802000bc 802000bc        0     1                 
802000c0 802000c0        0     1                 
802000c4 802000c4        0     1                 
802000d4 802000d4        0     1                 
802000d6 802000d6        0     1                 
802000d8 802000d8        0     1                 
802000d8 802000d8        0     1                 .LBB3_2
802000da 802000da        0     1                 .LBB3_3
802000da 802000da        0     1                 
802000da 802000da        0     1                 
802000de 802000de        0     1                 
802000e0 802000e0        0     1                 
802000e2 802000e2        0     1                 
802000e6 802000e6        0     1                 
802000f4 802000f4        0     1                 
802000f8 802000f8        0     1                 
802000fa 802000fa        0     1                 
802000fa 802000fa        0     1                 .LBB3_5
802000fc 802000fc        0     1                 .LBB3_6
802000fc 802000fc        0     1                 
802000fc 802000fc        0     1                 
80200108 80200108        0     1                 
80200108 80200108        0     1                 
8020010c 8020010c        0     1                 
8020010e 8020010e        0     1                 
8020010e 8020010e        0     1                 
80200116 80200116        0     1                 
80200116 80200116        0     1                 
80200118 80200118        0     1                 
8020011a 8020011a        0     1                 
80200122 80200122        0     1                 
80200126 80200126        0     1                 
8020012a 8020012a        0     1                 
8020013e 8020013e        0     1                 
80200140 80200140        0     1                 
80200140 80200140        0     1                 .LBB3_9
80200142 80200142        0     1                 .LBB3_10
80200142 80200142        0     1                 
80200142 80200142        0     1                 
80200144 80200144        0     1                 
80200144 80200144        0     1                 
8020014c 8020014c        0     1                 
80200150 80200150        0     1                 
80200150 80200150        0     1                 
80200154 80200154        0     1                 
80200154 80200154        0     1                 
8020015a 8020015a        0     1                 
8020015c 8020015c        0     1                 
8020015e 8020015e        0     1                 .LBB3_11
8020015e 8020015e        0     1                 
8020015e 8020015e        0     1                 
80200162 80200162        0     1                 
80200162 80200162        0     1                 
80200164 80200164        0     1                 
8020016a 8020016a        0     1                 
8020016c 8020016c        0     1                 
8020016c 8020016c        0     1                 
80200170 80200170        0     1                 
80200174 80200174        0     1                 
80200174 80200174        0     1                 
80200182 80200182        0     1                 
80200186 80200186        0     1                 
80200186 80200186        0     1                 
80200186 80200186        0     1                 
80200186 80200186        0     1                 
80200186 80200186        0     1                 
80200186 80200186       14     1                 user_entry
8020018e 8020018e        0     1                 
8020019a 8020019a        0     1                 
8020019a 8020019a        0     1                 
8020019a 8020019a        0     1                 
8020019a 8020019a      18c     1                 create_process
802001ac 802001ac        0     1                 
802001ac 802001ac        0     1                 
802001b6 802001b6        0     1                 
802001b8 802001b8        0     1                 
802001b8 802001b8        0     1                 
802001be 802001be        0     1                 
802001c0 802001c0        0     1                 
802001c0 802001c0        0     1                 
802001ce 802001ce        0     1                 
802001d0 802001d0        0     1                 
802001d0 802001d0        0     1                 
802001d6 802001d6        0     1                 
802001d8 802001d8        0     1                 
802001d8 802001d8        0     1                 
802001e6 802001e6        0     1                 
802001e8 802001e8        0     1                 
802001e8 802001e8        0     1                 
802001ee 802001ee        0     1                 
802001f0 802001f0        0     1                 
802001f0 802001f0        0     1                 
802001fe 802001fe        0     1                 
80200200 80200200        0     1                 
80200200 80200200        0     1                 
80200206 80200206        0     1                 
80200208 80200208        0     1                 
80200208 80200208        0     1                 
8020021e 8020021e        0     1                 
8020021e 8020021e        0     1                 .LBB5_9
80200220 80200220        0     1                 .LBB5_10
80200220 80200220        0     1                 
80200220 80200220        0     1                 
80200224 80200224        0     1                 .LBB5_11
80200224 80200224        0     1                 
80200228 80200228        0     1                 .LBB5_12
80200228 80200228        0     1                 
8020022c 8020022c        0     1                 .LBB5_13
8020022c 8020022c        0     1                 
80200230 80200230        0     1                 .LBB5_14
80200230 80200230        0     1                 
80200234 80200234        0     1                 .LBB5_15
80200234 80200234        0     1                 
80200238 80200238        0     1                 .LBB5_16
80200238 80200238        0     1                 
8020023c 8020023c        0     1                 .LBB5_17
8020023c 8020023c        0     1                 
8020023e 8020023e        0     1                 .LBB5_18
8020023e 8020023e        0     1                 
8020023e 8020023e        0     1                 
8020024c 8020024c        0     1                 
80200252 80200252        0     1                 
80200256 80200256        0     1                 
8020025a 8020025a        0     1                 
8020025e 8020025e        0     1                 
80200262 80200262        0     1                 
80200266 80200266        0     1                 
8020026a 8020026a        0     1                 
8020026e 8020026e        0     1                 
80200272 80200272        0     1                 
80200276 80200276        0     1                 
8020027a 8020027a        0     1                 
8020027e 8020027e        0     1                 
80200286 80200286        0     1                 
80200288 80200288        0     1                 
80200288 80200288        0     1                 
8020028c 8020028c        0     1                 
8020028c 8020028c        0     1                 
80200294 80200294        0     1                 
80200294 80200294        0     1                 
8020029e 8020029e        0     1                 
8020029e 8020029e        0     1                 
802002a0 802002a0        0     1                 
802002a8 802002a8        0     1                 
802002b0 802002b0        0     1                 
802002c6 802002c6        0     1                 
802002c6 802002c6        0     1                 .LBB5_20
802002c8 802002c8        0     1                 .LBB5_21
802002c8 802002c8        0     1                 
802002d2 802002d2        0     1                 
802002d2 802002d2        0     1                 
802002de 802002de        0     1                 
802002de 802002de        0     1                 
802002e6 802002e6        0     1                 
802002e6 802002e6        0     1                 .LBB5_23
802002e6 802002e6        0     1                 
802002f0 802002f0        0     1                 
802002f0 802002f0        0     1                 
802002f2 802002f2        0     1                 
802002f6 802002f6        0     1                 .LBB5_24
802002f6 802002f6        0     1                 
802002f6 802002f6        0     1                 
80200300 80200300        0     1                 
80200300 80200300        0     1                 
80200302 80200302        0     1                 
80200308 80200308        0     1                 
8020030a 8020030a        0     1                 
8020030e 8020030e        0     1                 
80200322 80200322        0     1                 
80200322 80200322        0     1                 
80200326 80200326        0     1                 
80200326 80200326        0     1                 
80200326 80200326        0     1                 
80200326 80200326        0     1                 
80200326 80200326        0     1                 
80200326 80200326       14     1                 putchar
80200338 80200338        0     1                 
80200338 80200338        0     1                 
8020033a 8020033a        0     1                 
8020033a 8020033a        0     1                 
8020033a 8020033a        0     1                 
8020033a 8020033a       5a     1                 handle_syscall
80200358 80200358        0     1                 
8020035c 8020035c        0     1                 
80200360 80200360        0     1                 
80200360 80200360        0     1                 
80200372 80200372        0     1                 
80200372 80200372        0     1                 
80200374 80200374        0     1                 .LBB7_2
80200374 80200374        0     1                 
80200376 80200376        0     1                 
80200378 80200378        0     1                 
8020037c 8020037c        0     1                 
8020038e 8020038e        0     1                 
8020038e 8020038e        0     1                 
80200392 80200392        0     1                 .LBB7_3
80200392 80200392        0     1                 
80200394 80200394        0     1                 
80200394 80200394        0     1                 
80200394 80200394        0     1                 
80200394 80200394        0     1                 
80200394 80200394        0     1                 
80200394 80200394      1d2     1                 yield
802003a0 802003a0        0     1                 
802003a4 802003a4        0     1                 
802003a4 802003a4        0     1                 
802003b2 802003b2        0     1                 
802003c6 802003c6        0     1                 
802003c6 802003c6        0     1                 
802003ca 802003ca        0     1                 
802003ca 802003ca        0     1                 
802003cc 802003cc        0     1                 
802003cc 802003cc        0     1                 
802003d0 802003d0        0     1                 
802003d0 802003d0        0     1                 
802003d2 802003d2        0     1                 
802003d6 802003d6        0     1                 .LBB8_2
802003d6 802003d6        0     1                 
802003d6 802003d6        0     1                 
802003da 802003da        0     1                 
802003e6 802003e6        0     1                 
802003f2 802003f2        0     1                 
802003f6 802003f6        0     1                 
80200400 80200400        0     1                 
80200400 80200400        0     1                 
80200402 80200402        0     1                 
80200406 80200406        0     1                 .LBB8_4
80200406 80200406        0     1                 
80200406 80200406        0     1                 
8020040a 8020040a        0     1                 
80200416 80200416        0     1                 
8020042e 8020042e        0     1                 
80200432 80200432        0     1                 
80200432 80200432        0     1                 
80200434 80200434        0     1                 
80200438 80200438        0     1                 .LBB8_6
80200438 80200438        0     1                 
80200438 80200438        0     1                 
8020043c 8020043c        0     1                 
80200448 80200448        0     1                 
80200454 80200454        0     1                 
80200458 80200458        0     1                 
80200462 80200462        0     1                 
80200462 80200462        0     1                 
80200464 80200464        0     1                 
80200468 80200468        0     1                 .LBB8_8
80200468 80200468        0     1                 
80200468 80200468        0     1                 
8020046c 8020046c        0     1                 
80200478 80200478        0     1                 
80200490 80200490        0     1                 
80200494 80200494        0     1                 
80200494 80200494        0     1                 
80200496 80200496        0     1                 
8020049a 8020049a        0     1                 .LBB8_10
8020049a 8020049a        0     1                 
8020049a 8020049a        0     1                 
8020049e 8020049e        0     1                 
802004aa 802004aa        0     1                 
802004b6 802004b6        0     1                 
802004ba 802004ba        0     1                 
802004c4 802004c4        0     1                 
802004c4 802004c4        0     1                 
802004c6 802004c6        0     1                 
802004ca 802004ca        0     1                 .LBB8_12
802004ca 802004ca        0     1                 
802004ca 802004ca        0     1                 
802004ce 802004ce        0     1                 
802004da 802004da        0     1                 
802004f2 802004f2        0     1                 
802004f6 802004f6        0     1                 
802004f6 802004f6        0     1                 
802004f8 802004f8        0     1                 
802004fc 802004fc        0     1                 .LBB8_14
802004fc 802004fc        0     1                 
802004fc 802004fc        0     1                 
802004fe 802004fe        0     1                 
8020050a 8020050a        0     1                 
80200516 80200516        0     1                 
8020051a 8020051a        0     1                 
80200524 80200524        0     1                 
80200524 80200524        0     1                 
80200526 80200526        0     1                 
8020052a 8020052a        0     1                 .LBB8_16
8020052a 8020052a        0     1                 
8020052a 8020052a        0     1                 
8020052c 8020052c        0     1                 .LBB8_17
8020052c 8020052c        0     1                 
8020052c 8020052c        0     1                 
80200530 80200530        0     1                 
80200532 80200532        0     1                 
80200538 80200538        0     1                 
8020053e 8020053e        0     1                 
80200540 80200540        0     1                 
80200550 80200550        0     1                 
80200558 80200558        0     1                 
80200558 80200558        0     1                 
8020055a 8020055a        0     1                 
8020055a 8020055a        0     1                 
8020055e 8020055e        0     1                 
80200562 80200562        0     1                 
80200564 80200564        0     1                 .LBB8_19
80200564 80200564        0     1                 
80200564 80200564        0     1                 
80200566 80200566        0     1                 
80200566 80200566        0     1                 
80200568 80200568        0     1                 
80200568 80200568        0     1                 
80200568 80200568        0     1                 
80200568 80200568       96     1                 kernel_entry
802005fe 802005fe        0     1                 
802005fe 802005fe        0     1                 
802005fe 802005fe        0     1                 
802005fe 802005fe        0     1                 
802005fe 802005fe        0     1                 
802005fe 802005fe       10     1                 delay
80200606 80200606        0     1                 .LBB11_1
80200606 80200606        0     1                 
80200606 80200606        0     1                 
80200608 80200608        0     1                 
80200608 80200608        0     1                 
8020060a 8020060a        0     1                 
8020060a 8020060a        0     1                 
8020060c 8020060c        0     1                 
8020060c 8020060c        0     1                 
8020060e 8020060e        0     1                 
8020060e 8020060e        0     1                 
8020060e 8020060e        0     1                 
8020060e 8020060e        0     1                 
8020060e 8020060e        0     1                 
8020060e 8020060e       52     1                 proc_a_entry
80200618 80200618        0     1                 
80200622 80200622        0     1                 
80200622 80200622        0     1                 
80200632 80200632        0     1                 .LBB12_1
80200632 80200632        0     1                 
80200632 80200632        0     1                 
80200648 80200648        0     1                 
80200648 80200648        0     1                 
8020064c 8020064c        0     1                 
80200650 80200650        0     1                 
80200652 80200652        0     1                 
80200654 80200654        0     1                 
80200656 80200656        0     1                 
80200656 80200656        0     1                 
80200658 80200658        0     1                 
80200658 80200658        0     1                 .LBB12_2
80200658 80200658        0     1                 
8020065a 8020065a        0     1                 
8020065a 8020065a        0     1                 
8020065c 8020065c        0     1                 
8020065c 8020065c        0     1                 
80200660 80200660        0     1                 
80200660 80200660        0     1                 
80200660 80200660        0     1                 
80200660 80200660        0     1                 
80200660 80200660        0     1                 
80200660 80200660        0     1                 
80200660 80200660       52     1                 proc_b_entry
8020066a 8020066a        0     1                 
80200674 80200674        0     1                 
80200674 80200674        0     1                 
80200684 80200684        0     1                 .LBB13_1
80200684 80200684        0     1                 
80200684 80200684        0     1                 
8020069a 8020069a        0     1                 
8020069a 8020069a        0     1                 
8020069e 8020069e        0     1                 
802006a2 802006a2        0     1                 
802006a4 802006a4        0     1                 
802006a6 802006a6        0     1                 
802006a8 802006a8        0     1                 
802006a8 802006a8        0     1                 
802006aa 802006aa        0     1                 
802006aa 802006aa        0     1                 .LBB13_2
802006aa 802006aa        0     1                 
802006ac 802006ac        0     1                 
802006ac 802006ac        0     1                 
802006ae 802006ae        0     1                 
802006ae 802006ae        0     1                 
802006b2 802006b2        0     1                 
802006b2 802006b2        0     1                 
802006b2 802006b2        0     1                 
802006b2 802006b2        0     1                 
802006b2 802006b2        0     1                 
802006b2 802006b2        0     1                 
802006b2 802006b2       62     1                 kernel_main
802006b6 802006b6        0     1                 
802006cc 802006cc        0     1                 
802006cc 802006cc        0     1                 
802006d6 802006d6        0     1                 
802006d6 802006d6        0     1                 
802006de 802006de        0     1                 
802006e2 802006e2        0     1                 
802006e2 802006e2        0     1                 
802006e4 802006e4        0     1                 
802006e4 802006e4        0     1                 
802006ec 802006ec        0     1                 
802006f0 802006f0        0     1                 
802006f8 802006f8        0     1                 
802006fa 802006fa        0     1                 
802006fa 802006fa        0     1                 
802006fc 802006fc        0     1                 
802006fc 802006fc        0     1                 
80200712 80200712        0     1                 
80200712 80200712        0     1                 .LBB14_1
80200714 80200714        0     1                 
80200714 80200714        0     1                 
80200714 80200714        0     1                 
80200714 80200714        0     1                 
80200714 80200714        0     1                 
80200714 80200714       8c     1                 handle_trap
80200718 80200718        0     1                 
80200718 80200718        0     1                 
8020071c 8020071c        0     1                 
8020071c 8020071c        0     1                 
80200720 80200720        0     1                 
80200720 80200720        0     1                 
80200722 80200722        0     1                 
80200722 80200722        0     1                 
80200726 80200726        0     1                 
80200726 80200726        0     1                 
8020072a 8020072a        0     1                 
8020072a 8020072a        0     1                 
80200736 80200736        0     1                 
8020073a 8020073a        0     1                 
80200748 80200748        0     1                 
8020074c 8020074c        0     1                 
80200750 80200750        0     1                 
80200750 80200750        0     1                 
80200762 80200762        0     1                 
80200762 80200762        0     1                 
80200764 80200764        0     1                 
80200764 80200764        0     1                 
8020076a 8020076a        0     1                 
8020076e 8020076e        0     1                 .LBB15_3
8020076e 8020076e        0     1                 
8020076e 8020076e        0     1                 
80200772 80200772        0     1                 
80200786 80200786        0     1                 
80200786 80200786        0     1                 .LBB15_4
80200788 80200788        0     1                 .LBB15_5
80200788 80200788        0     1                 
80200788 80200788        0     1                 
8020078c 8020078c        0     1                 
8020079e 8020079e        0     1                 
8020079e 8020079e        0     1                 .LBB15_6
802007a0 802007a0        0     1                 
802007a0 802007a0        0     1                 
802007a0 802007a0        0     1                 
802007a0 802007a0      22a     2         /tmp/common-0d6484.o:(.text)
802007a0 802007a0        0     1                 
802007a0 802007a0        0     1                 
802007a0 802007a0        0     1                 $x.0
802007a0 802007a0        0     1                 
802007a0 802007a0      1a6     1                 printf
802007ce 802007ce        0     1                 
802007f6 802007f6        0     1                 .LBB0_1
802007f6 802007f6        0     1                 
802007fa 802007fa        0     1                 .LBB0_2
802007fa 802007fa        0     1                 
802007fc 802007fc        0     1                 .LBB0_3
802007fc 802007fc        0     1                 
80200800 80200800        0     1                 
80200808 80200808        0     1                 .LBB0_5
80200808 80200808        0     1                 
8020080a 8020080a        0     1                 
8020080a 8020080a        0     1                 
8020080c 8020080c        0     1                 
8020080e 8020080e        0     1                 .LBB0_6
8020080e 8020080e        0     1                 
80200812 80200812        0     1                 
80200814 80200814        0     1                 
80200824 80200824        0     1                 
80200824 80200824        0     1                 
80200830 80200830        0     1                 
80200830 80200830        0     1                 
80200834 80200834        0     1                 
80200834 80200834        0     1                 
80200836 80200836        0     1                 
8020083c 8020083c        0     1                 .LBB0_11
8020083c 8020083c        0     1                 
8020083c 8020083c        0     1                 
80200844 80200844        0     1                 
80200844 80200844        0     1                 
8020084e 8020084e        0     1                 
8020084e 8020084e        0     1                 
80200852 80200852        0     1                 
80200852 80200852        0     1                 
80200854 80200854        0     1                 
80200858 80200858        0     1                 
8020085a 8020085a        0     1                 
8020085a 8020085a        0     1                 
80200860 80200860        0     1                 
80200860 80200860        0     1                 
80200862 80200862        0     1                 
80200866 80200866        0     1                 
80200868 80200868        0     1                 
80200868 80200868        0     1                 
8020086e 8020086e        0     1                 
8020086e 8020086e        0     1                 
80200870 80200870        0     1                 
80200874 80200874        0     1                 
80200876 80200876        0     1                 
80200876 80200876        0     1                 
8020087c 8020087c        0     1                 
8020087c 8020087c        0     1                 
8020087e 8020087e        0     1                 
80200882 80200882        0     1                 
80200884 80200884        0     1                 
80200884 80200884        0     1                 
8020088a 8020088a        0     1                 
8020088a 8020088a        0     1                 
8020088c 8020088c        0     1                 
80200890 80200890        0     1                 
80200892 80200892        0     1                 
80200892 80200892        0     1                 
80200898 80200898        0     1                 
80200898 80200898        0     1                 
8020089a 8020089a        0     1                 
8020089e 8020089e        0     1                 
802008a0 802008a0        0     1                 
802008a0 802008a0        0     1                 
802008a6 802008a6        0     1                 
802008a6 802008a6        0     1                 
802008a8 802008a8        0     1                 
802008ac 802008ac        0     1                 
802008ae 802008ae        0     1                 
802008ae 802008ae        0     1                 
802008b0 802008b0        0     1                 
802008b0 802008b0        0     1                 
802008b2 802008b2        0     1                 
802008b6 802008b6        0     1                 
802008b6 802008b6        0     1                 
802008b8 802008b8        0     1                 
802008b8 802008b8        0     1                 
802008ba 802008ba        0     1                 
802008bc 802008bc        0     1                 .LBB0_14
802008bc 802008bc        0     1                 
802008bc 802008bc        0     1                 
802008c6 802008c6        0     1                 
802008c6 802008c6        0     1                 
802008ca 802008ca        0     1                 
802008d0 802008d0        0     1                 
802008d0 802008d0        0     1                 .LBB0_16
802008d0 802008d0        0     1                 
802008d6 802008d6        0     1                 
802008d6 802008d6        0     1                 
802008da 802008da        0     1                 
802008dc 802008dc        0     1                 
802008e0 802008e0        0     1                 .LBB0_17
802008e0 802008e0        0     1                 
802008e0 802008e0        0     1                 
802008e6 802008e6        0     1                 
802008e6 802008e6        0     1                 
802008ea 802008ea        0     1                 
802008ea 802008ea        0     1                 
802008ec 802008ec        0     1                 
802008f0 802008f0        0     1                 .LBB0_18
802008f0 802008f0        0     1                 
802008f2 802008f2        0     1                 
802008f2 802008f2        0     1                 .LBB0_19
802008f2 802008f2        0     1                 
802008f6 802008f6        0     1                 
802008fa 802008fa        0     1                 
802008fe 802008fe        0     1                 .LBB0_20
802008fe 802008fe        0     1                 
802008fe 802008fe        0     1                 
80200900 80200900        0     1                 
80200900 80200900        0     1                 
80200904 80200904        0     1                 
80200908 80200908        0     1                 
8020090e 8020090e        0     1                 
8020090e 8020090e        0     1                 
80200916 80200916        0     1                 
8020091c 8020091c        0     1                 
8020091c 8020091c        0     1                 
80200922 80200922        0     1                 .LBB0_21
80200922 80200922        0     1                 
80200922 80200922        0     1                 
80200928 80200928        0     1                 .LBB0_22
80200928 80200928        0     1                 
80200928 80200928        0     1                 
8020092c 8020092c        0     1                 
80200942 80200942        0     1                 
80200946 80200946        0     1                 
80200946 80200946        0     1                 
80200946 80200946        0     1                 
80200946 80200946        0     1                 
80200946 80200946        0     1                 
80200946 80200946       1c     1                 memcpy
8020094a 8020094a        0     1                 
8020094a 8020094a        0     1                 
8020094c 8020094c        0     1                 
8020094c 8020094c        0     1                 .LBB1_2
8020094c 8020094c        0     1                 
80200950 80200950        0     1                 
80200952 80200952        0     1                 
80200956 80200956        0     1                 
80200956 80200956        0     1                 
8020095a 8020095a        0     1                 
8020095c 8020095c        0     1                 
8020095c 8020095c        0     1                 
80200960 80200960        0     1                 .LBB1_3
80200960 80200960        0     1                 
80200960 80200960        0     1                 
80200962 80200962        0     1                 
80200962 80200962        0     1                 
80200962 80200962        0     1                 
80200962 80200962        0     1                 
80200962 80200962        0     1                 
80200962 80200962       16     1                 memset
80200966 80200966        0     1                 
80200966 80200966        0     1                 
80200968 80200968        0     1                 
80200968 80200968        0     1                 .LBB2_2
80200968 80200968        0     1                 
8020096c 8020096c        0     1                 
8020096c 8020096c        0     1                 
80200970 80200970        0     1                 
80200972 80200972        0     1                 
80200972 80200972        0     1                 
80200976 80200976        0     1                 .LBB2_3
80200976 80200976        0     1                 
80200976 80200976        0     1                 
80200978 80200978        0     1                 
80200978 80200978        0     1                 
80200978 80200978        0     1                 
80200978 80200978        0     1                 
80200978 80200978        0     1                 
80200978 80200978       24     1                 strcpy
8020097e 8020097e        0     1                 
80200982 80200982        0     1                 
80200982 80200982        0     1                 
80200984 80200984        0     1                 
80200984 80200984        0     1                 .LBB3_2
80200984 80200984        0     1                 
80200988 80200988        0     1                 
8020098c 8020098c        0     1                 
80200990 80200990        0     1                 
80200990 80200990        0     1                 
80200992 80200992        0     1                 
80200992 80200992        0     1                 
80200994 80200994        0     1                 
80200996 80200996        0     1                 .LBB3_3
80200996 80200996        0     1                 
80200996 80200996        0     1                 
8020099a 8020099a        0     1                 
8020099c 8020099c        0     1                 
8020099c 8020099c        0     1                 
8020099c 8020099c        0     1                 
8020099c 8020099c        0     1                 
8020099c 8020099c        0     1                 
8020099c 8020099c       2e     1                 strcmp
802009a0 802009a0        0     1                 
802009a2 802009a2        0     1                 
802009a4 802009a4        0     1                 
802009a4 802009a4        0     1                 .LBB4_2
802009a4 802009a4        0     1                 
802009ac 802009ac        0     1                 
802009b0 802009b0        0     1                 
802009b0 802009b0        0     1                 
802009b4 802009b4        0     1                 
802009b6 802009b6        0     1                 
802009b8 802009b8        0     1                 
802009ba 802009ba        0     1                 .LBB4_4
802009ba 802009ba        0     1                 
802009c0 802009c0        0     1                 .LBB4_5
802009c0 802009c0        0     1                 
802009c0 802009c0        0     1                 
802009c2 802009c2        0     1                 .LBB4_6
802009c2 802009c2        0     1                 
802009c2 802009c2        0     1                 
802009c6 802009c6        0     1                 
802009c6 802009c6        0     1                 
802009c8 802009c8        0     1                 
802009ca 802009ca        0     1                 
802009ca 802009ca        0     1                 
802009cc 802009cc      15e     4 .rodata
802009cc 802009cc      15e     1         <internal>:(.rodata.str1.1)
80200b2c 80200b2c    102a0     4 .data
80200b2c 80200b2c    102a0     1         shell.bin.o:(.data)
80200b2c 80200b2c        0     1                 _binary_shell_bin_start
80210dcc 80210dcc        0     1                 _binary_shell_bin_end
80210dcc 80210dcc        4     4 .sdata
80210dcc 80210dcc        4     4         /tmp/kernel-bb8953.o:(.sdata)
80210dcc 80210dcc        4     1                 alloc_pages.next_paddr
80210dcc 80210dcc        0     1                 $d.2
80210dd0 80210dd0    10090     4 .bss
80210dd0 80210dd0        0     1         __bss = .
80210dd0 80210dd0    10080     4         /tmp/kernel-bb8953.o:(.bss)
80210dd0 80210dd0        0     1                 $d.4
80210dd0 80210dd0    10080     1                 procs
80220e50 80220e50       10     4         /tmp/kernel-bb8953.o:(.sbss)
80220e50 80220e50        0     1                 $d.5
80220e50 80220e50        4     1                 idle_proc
80220e54 80220e54        4     1                 current_proc
80220e58 80220e58        4     1                 proc_a
80220e5c 80220e5c        4     1                 proc_b
80220e60 80220e60        0     1         __bss_end = .
80220e60 80220e60        0     1 . = ALIGN ( 4 )
80220e60 80220e60    20000     1 . += 128 * 1024
80240e60 80240e60        0     1 __stack_top = .
80240e60 80240e60      1a0     1 . = ALIGN ( 4096 )
80241000 80241000        0     1 __free_ram = .
80241000 80241000  4000000     1 . += 64 * 1024 * 1024
84241000 84241000        0     1 __free_ram_end = .
       0        0      a3f     1 .debug_loc
       0        0      754     1         /tmp/kernel-bb8953.o:(.debug_loc)
       0        0        0     1                 
       0        0        0     1                 $d.6
      1b       1b        0     1                 
      36       36        0     1                 
      51       51        0     1                 
      6c       6c        0     1                 
      9d       9d        0     1                 
      c3       c3        0     1                 
     10a      10a        0     1                 
     151      151        0     1                 
     16c      16c        0     1                 
     187      187        0     1                 
     1a2      1a2        0     1                 
     1c9      1c9        0     1                 
     2b6      2b6        0     1                 
     2ef      2ef        0     1                 
     30a      30a        0     1                 
     326      326        0     1                 
     341      341        0     1                 
     35c      35c        0     1                 
     377      377        0     1                 
     394      394        0     1                 
     3ba      3ba        0     1                 
     3d7      3d7        0     1                 
     43f      43f        0     1                 
     4c4      4c4        0     1                 
     4ea      4ea        0     1                 
     505      505        0     1                 
     544      544        0     1                 
     562      562        0     1                 
     57f      57f        0     1                 
     5be      5be        0     1                 
     5dc      5dc        0     1                 
     5f9      5f9        0     1                 
     638      638        0     1                 
     653      653        0     1                 
     684      684        0     1                 
     6aa      6aa        0     1                 
     6d0      6d0        0     1                 
     6eb      6eb        0     1                 
     711      711        0     1                 
     737      737        0     1                 
     754      754      2eb     1         /tmp/common-0d6484.o:(.debug_loc)
     754      754        0     1                 
     754      754        0     1                 $d.2
     772      772        0     1                 
     790      790        0     1                 
     7ae      7ae        0     1                 
     7ef      7ef        0     1                 
     86c      86c        0     1                 
     87f      87f        0     1                 
     8df      8df        0     1                 
     90a      90a        0     1                 
     91d      91d        0     1                 
     951      951        0     1                 
     966      966        0     1                 
     99a      99a        0     1                 
     9af      9af        0     1                 
     9cd      9cd        0     1                 
     9f6      9f6        0     1                 
     a2c      a2c        0     1                 
       0        0      412     1 .debug_abbrev
       0        0      2ea     1         /tmp/kernel-bb8953.o:(.debug_abbrev)
       0        0        0     1                 $d.7
     2ea      2ea      128     1         /tmp/common-0d6484.o:(.debug_abbrev)
     2ea      2ea        0     1                 $d.3
       0        0     1084     1 .debug_info
       0        0      d59     1         /tmp/kernel-bb8953.o:(.debug_info)
       0        0        0     1                 $d.8
     d59      d59      32b     1         /tmp/common-0d6484.o:(.debug_info)
     d59      d59        0     1                 $d.4
       0        0       98     1 .debug_ranges
       0        0       80     1         /tmp/kernel-bb8953.o:(.debug_ranges)
       0        0        0     1                 
       0        0        0     1                 $d.9
      18       18        0     1                 
      30       30        0     1                 
      48       48        0     1                 
      60       60        0     1                 
      80       80       18     1         /tmp/common-0d6484.o:(.debug_ranges)
      80       80        0     1                 
      80       80        0     1                 $d.5
       0        0      35f     1 .debug_str
       0        0      35f     1         <internal>:(.debug_str)
       0        0       42     1 .comment
       0        0       42     1         <internal>:(.comment)
       0        0       2b     1 .riscv.attributes
       0        0       2b     1         <internal>:(.riscv.attributes)
       0        0      1f4     4 .debug_frame
       0        0      170     4         /tmp/kernel-bb8953.o:(.debug_frame)
       0        0        0     1                 
       0        0        0     1                 $d.13
     170      170       84     4         /tmp/common-0d6484.o:(.debug_frame)
     170      170        0     1                 
     170      170        0     1                 $d.9
       0        0      be7     1 .debug_line
       0        0      823     1         /tmp/kernel-bb8953.o:(.debug_line)
       0        0        0     1                 .Lline_table_start0
       0        0        0     1                 $d.14
     823      823      3c4     1         /tmp/common-0d6484.o:(.debug_line)
     823      823        0     1                 .Lline_table_start0
     823      823        0     1                 $d.10
       0        0     3880     4 .symtab
       0        0     3880     4         <internal>:(.symtab)
       0        0       ad     1 .shstrtab
       0        0       ad     1         <internal>:(.shstrtab)
       0        0      237     1 .strtab
       0        0      237     1         <internal>:(.strtab)
