     VMA      LMA     Size Align Out     In      Symbol
       0        0 80200000     1 . = 0x80200000
80200000        0        0     1 __kernel_base = .
80200000 80200000      912     4 .text
80200000 80200000        e     2         /tmp/kernel-782bbe.o:(.text.boot)
80200000 80200000        0     1                 
80200000 80200000        0     1                 
80200000 80200000        0     1                 $x.1
80200000 80200000        0     1                 
80200000 80200000        e     1                 boot
8020000e 8020000e        0     1                 
8020000e 8020000e        0     1                 
80200010 80200010      6d8     4         /tmp/kernel-782bbe.o:(.text)
80200010 80200010        0     1                 
80200010 80200010        0     1                 
80200010 80200010        0     1                 $x.0
80200010 80200010        0     1                 
80200010 80200010        6     1                 sbi_call
80200014 80200014        0     1                 
80200016 80200016        0     1                 
80200016 80200016        0     1                 
80200016 80200016        0     1                 
80200016 80200016       46     1                 switch_context
8020005c 8020005c        0     1                 
8020005c 8020005c        0     1                 
8020005c 8020005c        0     1                 
8020005c 8020005c       50     1                 alloc_pages
80200062 80200062        0     1                 
8020006a 8020006a        0     1                 
8020006a 8020006a        0     1                 
8020006e 8020006e        0     1                 
80200072 80200072        0     1                 
80200072 80200072        0     1                 
8020007a 8020007a        0     1                 
8020007e 8020007e        0     1                 
80200082 80200082        0     1                 
80200098 80200098        0     1                 
80200098 80200098        0     1                 .LBB2_2
8020009a 8020009a        0     1                 .LBB2_3
8020009a 8020009a        0     1                 
802000a2 802000a2        0     1                 
802000a2 802000a2        0     1                 
802000a8 802000a8        0     1                 
802000a8 802000a8        0     1                 
802000ac 802000ac        0     1                 
802000ac 802000ac        0     1                 
802000ac 802000ac        0     1                 
802000ac 802000ac        0     1                 
802000ac 802000ac        0     1                 
802000ac 802000ac       1c     1                 user_entry
802000b0 802000b0        0     1                 
802000c6 802000c6        0     1                 
802000c6 802000c6        0     1                 .LBB3_1
802000c8 802000c8        0     1                 
802000c8 802000c8        0     1                 
802000c8 802000c8        0     1                 
802000c8 802000c8        0     1                 
802000c8 802000c8        0     1                 
802000c8 802000c8       d8     1                 map_page
802000d8 802000d8        0     1                 
802000d8 802000d8        0     1                 
802000dc 802000dc        0     1                 
802000e0 802000e0        0     1                 
802000f0 802000f0        0     1                 
802000f2 802000f2        0     1                 
802000f4 802000f4        0     1                 
802000f4 802000f4        0     1                 .LBB4_2
802000f6 802000f6        0     1                 .LBB4_3
802000f6 802000f6        0     1                 
802000f6 802000f6        0     1                 
802000fa 802000fa        0     1                 
802000fc 802000fc        0     1                 
802000fe 802000fe        0     1                 
80200102 80200102        0     1                 
80200110 80200110        0     1                 
80200114 80200114        0     1                 
80200116 80200116        0     1                 
80200116 80200116        0     1                 .LBB4_5
80200118 80200118        0     1                 .LBB4_6
80200118 80200118        0     1                 
80200118 80200118        0     1                 
80200124 80200124        0     1                 
80200124 80200124        0     1                 
80200128 80200128        0     1                 
8020012a 8020012a        0     1                 
8020012a 8020012a        0     1                 
80200132 80200132        0     1                 
80200132 80200132        0     1                 
80200134 80200134        0     1                 
80200136 80200136        0     1                 
8020013e 8020013e        0     1                 
80200142 80200142        0     1                 
80200146 80200146        0     1                 
8020015a 8020015a        0     1                 
8020015c 8020015c        0     1                 
8020015c 8020015c        0     1                 .LBB4_9
8020015e 8020015e        0     1                 .LBB4_10
8020015e 8020015e        0     1                 
8020015e 8020015e        0     1                 
80200160 80200160        0     1                 
80200160 80200160        0     1                 
80200168 80200168        0     1                 
8020016a 8020016a        0     1                 
8020016a 8020016a        0     1                 
8020016e 8020016e        0     1                 
8020016e 8020016e        0     1                 
80200174 80200174        0     1                 
80200176 80200176        0     1                 
80200178 80200178        0     1                 .LBB4_11
80200178 80200178        0     1                 
80200178 80200178        0     1                 
8020017c 8020017c        0     1                 
8020017c 8020017c        0     1                 
8020017e 8020017e        0     1                 
80200184 80200184        0     1                 
80200186 80200186        0     1                 
80200186 80200186        0     1                 
8020018a 8020018a        0     1                 
8020018e 8020018e        0     1                 
8020018e 8020018e        0     1                 
8020019c 8020019c        0     1                 
802001a0 802001a0        0     1                 
802001a0 802001a0        0     1                 
802001a0 802001a0        0     1                 
802001a0 802001a0        0     1                 
802001a0 802001a0        0     1                 
802001a0 802001a0      18c     1                 create_process
802001b2 802001b2        0     1                 
802001b2 802001b2        0     1                 
802001bc 802001bc        0     1                 
802001be 802001be        0     1                 
802001be 802001be        0     1                 
802001c4 802001c4        0     1                 
802001c6 802001c6        0     1                 
802001c6 802001c6        0     1                 
802001d4 802001d4        0     1                 
802001d6 802001d6        0     1                 
802001d6 802001d6        0     1                 
802001dc 802001dc        0     1                 
802001de 802001de        0     1                 
802001de 802001de        0     1                 
802001ec 802001ec        0     1                 
802001ee 802001ee        0     1                 
802001ee 802001ee        0     1                 
802001f4 802001f4        0     1                 
802001f6 802001f6        0     1                 
802001f6 802001f6        0     1                 
80200204 80200204        0     1                 
80200206 80200206        0     1                 
80200206 80200206        0     1                 
8020020c 8020020c        0     1                 
8020020e 8020020e        0     1                 
8020020e 8020020e        0     1                 
80200224 80200224        0     1                 
80200224 80200224        0     1                 .LBB5_9
80200226 80200226        0     1                 .LBB5_10
80200226 80200226        0     1                 
80200226 80200226        0     1                 
8020022a 8020022a        0     1                 .LBB5_11
8020022a 8020022a        0     1                 
8020022e 8020022e        0     1                 .LBB5_12
8020022e 8020022e        0     1                 
80200232 80200232        0     1                 .LBB5_13
80200232 80200232        0     1                 
80200236 80200236        0     1                 .LBB5_14
80200236 80200236        0     1                 
8020023a 8020023a        0     1                 .LBB5_15
8020023a 8020023a        0     1                 
8020023e 8020023e        0     1                 .LBB5_16
8020023e 8020023e        0     1                 
80200242 80200242        0     1                 .LBB5_17
80200242 80200242        0     1                 
80200244 80200244        0     1                 .LBB5_18
80200244 80200244        0     1                 
80200244 80200244        0     1                 
80200252 80200252        0     1                 
80200258 80200258        0     1                 
8020025c 8020025c        0     1                 
80200260 80200260        0     1                 
80200264 80200264        0     1                 
80200268 80200268        0     1                 
8020026c 8020026c        0     1                 
80200270 80200270        0     1                 
80200274 80200274        0     1                 
80200278 80200278        0     1                 
8020027c 8020027c        0     1                 
80200280 80200280        0     1                 
80200284 80200284        0     1                 
8020028c 8020028c        0     1                 
8020028e 8020028e        0     1                 
8020028e 8020028e        0     1                 
80200292 80200292        0     1                 
80200292 80200292        0     1                 
8020029a 8020029a        0     1                 
8020029a 8020029a        0     1                 
802002a4 802002a4        0     1                 
802002a4 802002a4        0     1                 
802002a6 802002a6        0     1                 
802002ae 802002ae        0     1                 
802002b6 802002b6        0     1                 
802002cc 802002cc        0     1                 
802002cc 802002cc        0     1                 .LBB5_20
802002ce 802002ce        0     1                 .LBB5_21
802002ce 802002ce        0     1                 
802002d8 802002d8        0     1                 
802002d8 802002d8        0     1                 
802002e4 802002e4        0     1                 
802002e4 802002e4        0     1                 
802002ec 802002ec        0     1                 
802002ec 802002ec        0     1                 .LBB5_23
802002ec 802002ec        0     1                 
802002f6 802002f6        0     1                 
802002f6 802002f6        0     1                 
802002f8 802002f8        0     1                 
802002fc 802002fc        0     1                 .LBB5_24
802002fc 802002fc        0     1                 
802002fc 802002fc        0     1                 
80200306 80200306        0     1                 
80200306 80200306        0     1                 
80200308 80200308        0     1                 
8020030e 8020030e        0     1                 
80200310 80200310        0     1                 
80200314 80200314        0     1                 
80200328 80200328        0     1                 
80200328 80200328        0     1                 
8020032c 8020032c        0     1                 
8020032c 8020032c        0     1                 
8020032c 8020032c        0     1                 
8020032c 8020032c        0     1                 
8020032c 8020032c        0     1                 
8020032c 8020032c       14     1                 putchar
8020033e 8020033e        0     1                 
8020033e 8020033e        0     1                 
80200340 80200340        0     1                 
80200340 80200340        0     1                 
80200340 80200340        0     1                 
80200340 80200340      1d2     1                 yield
8020034c 8020034c        0     1                 
80200350 80200350        0     1                 
80200350 80200350        0     1                 
8020035e 8020035e        0     1                 
80200372 80200372        0     1                 
80200372 80200372        0     1                 
80200376 80200376        0     1                 
80200376 80200376        0     1                 
80200378 80200378        0     1                 
80200378 80200378        0     1                 
8020037c 8020037c        0     1                 
8020037c 8020037c        0     1                 
8020037e 8020037e        0     1                 
80200382 80200382        0     1                 .LBB7_2
80200382 80200382        0     1                 
80200382 80200382        0     1                 
80200386 80200386        0     1                 
80200392 80200392        0     1                 
8020039e 8020039e        0     1                 
802003a2 802003a2        0     1                 
802003ac 802003ac        0     1                 
802003ac 802003ac        0     1                 
802003ae 802003ae        0     1                 
802003b2 802003b2        0     1                 .LBB7_4
802003b2 802003b2        0     1                 
802003b2 802003b2        0     1                 
802003b6 802003b6        0     1                 
802003c2 802003c2        0     1                 
802003da 802003da        0     1                 
802003de 802003de        0     1                 
802003de 802003de        0     1                 
802003e0 802003e0        0     1                 
802003e4 802003e4        0     1                 .LBB7_6
802003e4 802003e4        0     1                 
802003e4 802003e4        0     1                 
802003e8 802003e8        0     1                 
802003f4 802003f4        0     1                 
80200400 80200400        0     1                 
80200404 80200404        0     1                 
8020040e 8020040e        0     1                 
8020040e 8020040e        0     1                 
80200410 80200410        0     1                 
80200414 80200414        0     1                 .LBB7_8
80200414 80200414        0     1                 
80200414 80200414        0     1                 
80200418 80200418        0     1                 
80200424 80200424        0     1                 
8020043c 8020043c        0     1                 
80200440 80200440        0     1                 
80200440 80200440        0     1                 
80200442 80200442        0     1                 
80200446 80200446        0     1                 .LBB7_10
80200446 80200446        0     1                 
80200446 80200446        0     1                 
8020044a 8020044a        0     1                 
80200456 80200456        0     1                 
80200462 80200462        0     1                 
80200466 80200466        0     1                 
80200470 80200470        0     1                 
80200470 80200470        0     1                 
80200472 80200472        0     1                 
80200476 80200476        0     1                 .LBB7_12
80200476 80200476        0     1                 
80200476 80200476        0     1                 
8020047a 8020047a        0     1                 
80200486 80200486        0     1                 
8020049e 8020049e        0     1                 
802004a2 802004a2        0     1                 
802004a2 802004a2        0     1                 
802004a4 802004a4        0     1                 
802004a8 802004a8        0     1                 .LBB7_14
802004a8 802004a8        0     1                 
802004a8 802004a8        0     1                 
802004aa 802004aa        0     1                 
802004b6 802004b6        0     1                 
802004c2 802004c2        0     1                 
802004c6 802004c6        0     1                 
802004d0 802004d0        0     1                 
802004d0 802004d0        0     1                 
802004d2 802004d2        0     1                 
802004d6 802004d6        0     1                 .LBB7_16
802004d6 802004d6        0     1                 
802004d6 802004d6        0     1                 
802004d8 802004d8        0     1                 .LBB7_17
802004d8 802004d8        0     1                 
802004d8 802004d8        0     1                 
802004dc 802004dc        0     1                 
802004de 802004de        0     1                 
802004e4 802004e4        0     1                 
802004ea 802004ea        0     1                 
802004ec 802004ec        0     1                 
802004fc 802004fc        0     1                 
80200504 80200504        0     1                 
80200504 80200504        0     1                 
80200506 80200506        0     1                 
80200506 80200506        0     1                 
8020050a 8020050a        0     1                 
8020050e 8020050e        0     1                 
80200510 80200510        0     1                 .LBB7_19
80200510 80200510        0     1                 
80200510 80200510        0     1                 
80200512 80200512        0     1                 
80200512 80200512        0     1                 
80200514 80200514        0     1                 
80200514 80200514        0     1                 
80200514 80200514        0     1                 
80200514 80200514       96     1                 kernel_entry
802005aa 802005aa        0     1                 
802005aa 802005aa        0     1                 
802005aa 802005aa        0     1                 
802005aa 802005aa        0     1                 
802005aa 802005aa        0     1                 
802005aa 802005aa       10     1                 delay
802005b2 802005b2        0     1                 .LBB10_1
802005b2 802005b2        0     1                 
802005b2 802005b2        0     1                 
802005b4 802005b4        0     1                 
802005b4 802005b4        0     1                 
802005b6 802005b6        0     1                 
802005b6 802005b6        0     1                 
802005b8 802005b8        0     1                 
802005b8 802005b8        0     1                 
802005ba 802005ba        0     1                 
802005ba 802005ba        0     1                 
802005ba 802005ba        0     1                 
802005ba 802005ba        0     1                 
802005ba 802005ba        0     1                 
802005ba 802005ba       52     1                 proc_a_entry
802005c4 802005c4        0     1                 
802005ce 802005ce        0     1                 
802005ce 802005ce        0     1                 
802005de 802005de        0     1                 .LBB11_1
802005de 802005de        0     1                 
802005de 802005de        0     1                 
802005f4 802005f4        0     1                 
802005f4 802005f4        0     1                 
802005f8 802005f8        0     1                 
802005fc 802005fc        0     1                 
802005fe 802005fe        0     1                 
80200600 80200600        0     1                 
80200602 80200602        0     1                 
80200602 80200602        0     1                 
80200604 80200604        0     1                 
80200604 80200604        0     1                 .LBB11_2
80200604 80200604        0     1                 
80200606 80200606        0     1                 
80200606 80200606        0     1                 
80200608 80200608        0     1                 
80200608 80200608        0     1                 
8020060c 8020060c        0     1                 
8020060c 8020060c        0     1                 
8020060c 8020060c        0     1                 
8020060c 8020060c        0     1                 
8020060c 8020060c        0     1                 
8020060c 8020060c        0     1                 
8020060c 8020060c       52     1                 proc_b_entry
80200616 80200616        0     1                 
80200620 80200620        0     1                 
80200620 80200620        0     1                 
80200630 80200630        0     1                 .LBB12_1
80200630 80200630        0     1                 
80200630 80200630        0     1                 
80200646 80200646        0     1                 
80200646 80200646        0     1                 
8020064a 8020064a        0     1                 
8020064e 8020064e        0     1                 
80200650 80200650        0     1                 
80200652 80200652        0     1                 
80200654 80200654        0     1                 
80200654 80200654        0     1                 
80200656 80200656        0     1                 
80200656 80200656        0     1                 .LBB12_2
80200656 80200656        0     1                 
80200658 80200658        0     1                 
80200658 80200658        0     1                 
8020065a 8020065a        0     1                 
8020065a 8020065a        0     1                 
8020065e 8020065e        0     1                 
8020065e 8020065e        0     1                 
8020065e 8020065e        0     1                 
8020065e 8020065e        0     1                 
8020065e 8020065e        0     1                 
8020065e 8020065e        0     1                 
8020065e 8020065e       62     1                 kernel_main
80200662 80200662        0     1                 
80200678 80200678        0     1                 
80200678 80200678        0     1                 
80200682 80200682        0     1                 
80200682 80200682        0     1                 
8020068a 8020068a        0     1                 
8020068e 8020068e        0     1                 
8020068e 8020068e        0     1                 
80200690 80200690        0     1                 
80200690 80200690        0     1                 
80200698 80200698        0     1                 
8020069c 8020069c        0     1                 
802006a4 802006a4        0     1                 
802006a6 802006a6        0     1                 
802006a6 802006a6        0     1                 
802006a8 802006a8        0     1                 
802006a8 802006a8        0     1                 
802006be 802006be        0     1                 
802006be 802006be        0     1                 .LBB13_1
802006c0 802006c0        0     1                 
802006c0 802006c0        0     1                 
802006c0 802006c0        0     1                 
802006c0 802006c0        0     1                 
802006c0 802006c0        0     1                 
802006c0 802006c0       28     1                 handle_trap
802006c4 802006c4        0     1                 
802006c4 802006c4        0     1                 
802006c8 802006c8        0     1                 
802006c8 802006c8        0     1                 
802006cc 802006cc        0     1                 
802006cc 802006cc        0     1                 
802006d0 802006d0        0     1                 
802006d0 802006d0        0     1                 
802006d4 802006d4        0     1                 
802006e6 802006e6        0     1                 
802006e6 802006e6        0     1                 .LBB14_1
802006e8 802006e8        0     1                 
802006e8 802006e8        0     1                 
802006e8 802006e8      22a     2         /tmp/common-fe58a5.o:(.text)
802006e8 802006e8        0     1                 
802006e8 802006e8        0     1                 
802006e8 802006e8        0     1                 $x.0
802006e8 802006e8        0     1                 
802006e8 802006e8      1a6     1                 printf
80200716 80200716        0     1                 
8020073e 8020073e        0     1                 .LBB0_1
8020073e 8020073e        0     1                 
80200742 80200742        0     1                 .LBB0_2
80200742 80200742        0     1                 
80200744 80200744        0     1                 .LBB0_3
80200744 80200744        0     1                 
80200748 80200748        0     1                 
80200750 80200750        0     1                 .LBB0_5
80200750 80200750        0     1                 
80200752 80200752        0     1                 
80200752 80200752        0     1                 
80200754 80200754        0     1                 
80200756 80200756        0     1                 .LBB0_6
80200756 80200756        0     1                 
8020075a 8020075a        0     1                 
8020075c 8020075c        0     1                 
8020076c 8020076c        0     1                 
8020076c 8020076c        0     1                 
80200778 80200778        0     1                 
80200778 80200778        0     1                 
8020077c 8020077c        0     1                 
8020077c 8020077c        0     1                 
8020077e 8020077e        0     1                 
80200784 80200784        0     1                 .LBB0_11
80200784 80200784        0     1                 
80200784 80200784        0     1                 
8020078c 8020078c        0     1                 
8020078c 8020078c        0     1                 
80200796 80200796        0     1                 
80200796 80200796        0     1                 
8020079a 8020079a        0     1                 
8020079a 8020079a        0     1                 
8020079c 8020079c        0     1                 
802007a0 802007a0        0     1                 
802007a2 802007a2        0     1                 
802007a2 802007a2        0     1                 
802007a8 802007a8        0     1                 
802007a8 802007a8        0     1                 
802007aa 802007aa        0     1                 
802007ae 802007ae        0     1                 
802007b0 802007b0        0     1                 
802007b0 802007b0        0     1                 
802007b6 802007b6        0     1                 
802007b6 802007b6        0     1                 
802007b8 802007b8        0     1                 
802007bc 802007bc        0     1                 
802007be 802007be        0     1                 
802007be 802007be        0     1                 
802007c4 802007c4        0     1                 
802007c4 802007c4        0     1                 
802007c6 802007c6        0     1                 
802007ca 802007ca        0     1                 
802007cc 802007cc        0     1                 
802007cc 802007cc        0     1                 
802007d2 802007d2        0     1                 
802007d2 802007d2        0     1                 
802007d4 802007d4        0     1                 
802007d8 802007d8        0     1                 
802007da 802007da        0     1                 
802007da 802007da        0     1                 
802007e0 802007e0        0     1                 
802007e0 802007e0        0     1                 
802007e2 802007e2        0     1                 
802007e6 802007e6        0     1                 
802007e8 802007e8        0     1                 
802007e8 802007e8        0     1                 
802007ee 802007ee        0     1                 
802007ee 802007ee        0     1                 
802007f0 802007f0        0     1                 
802007f4 802007f4        0     1                 
802007f6 802007f6        0     1                 
802007f6 802007f6        0     1                 
802007f8 802007f8        0     1                 
802007f8 802007f8        0     1                 
802007fa 802007fa        0     1                 
802007fe 802007fe        0     1                 
802007fe 802007fe        0     1                 
80200800 80200800        0     1                 
80200800 80200800        0     1                 
80200802 80200802        0     1                 
80200804 80200804        0     1                 .LBB0_14
80200804 80200804        0     1                 
80200804 80200804        0     1                 
8020080e 8020080e        0     1                 
8020080e 8020080e        0     1                 
80200812 80200812        0     1                 
80200818 80200818        0     1                 
80200818 80200818        0     1                 .LBB0_16
80200818 80200818        0     1                 
8020081e 8020081e        0     1                 
8020081e 8020081e        0     1                 
80200822 80200822        0     1                 
80200824 80200824        0     1                 
80200828 80200828        0     1                 .LBB0_17
80200828 80200828        0     1                 
80200828 80200828        0     1                 
8020082e 8020082e        0     1                 
8020082e 8020082e        0     1                 
80200832 80200832        0     1                 
80200832 80200832        0     1                 
80200834 80200834        0     1                 
80200838 80200838        0     1                 .LBB0_18
80200838 80200838        0     1                 
8020083a 8020083a        0     1                 
8020083a 8020083a        0     1                 .LBB0_19
8020083a 8020083a        0     1                 
8020083e 8020083e        0     1                 
80200842 80200842        0     1                 
80200846 80200846        0     1                 .LBB0_20
80200846 80200846        0     1                 
80200846 80200846        0     1                 
80200848 80200848        0     1                 
80200848 80200848        0     1                 
8020084c 8020084c        0     1                 
80200850 80200850        0     1                 
80200856 80200856        0     1                 
80200856 80200856        0     1                 
8020085e 8020085e        0     1                 
80200864 80200864        0     1                 
80200864 80200864        0     1                 
8020086a 8020086a        0     1                 .LBB0_21
8020086a 8020086a        0     1                 
8020086a 8020086a        0     1                 
80200870 80200870        0     1                 .LBB0_22
80200870 80200870        0     1                 
80200870 80200870        0     1                 
80200874 80200874        0     1                 
8020088a 8020088a        0     1                 
8020088e 8020088e        0     1                 
8020088e 8020088e        0     1                 
8020088e 8020088e        0     1                 
8020088e 8020088e        0     1                 
8020088e 8020088e        0     1                 
8020088e 8020088e       1c     1                 memcpy
80200892 80200892        0     1                 
80200892 80200892        0     1                 
80200894 80200894        0     1                 
80200894 80200894        0     1                 .LBB1_2
80200894 80200894        0     1                 
80200898 80200898        0     1                 
8020089a 8020089a        0     1                 
8020089e 8020089e        0     1                 
8020089e 8020089e        0     1                 
802008a2 802008a2        0     1                 
802008a4 802008a4        0     1                 
802008a4 802008a4        0     1                 
802008a8 802008a8        0     1                 .LBB1_3
802008a8 802008a8        0     1                 
802008a8 802008a8        0     1                 
802008aa 802008aa        0     1                 
802008aa 802008aa        0     1                 
802008aa 802008aa        0     1                 
802008aa 802008aa        0     1                 
802008aa 802008aa        0     1                 
802008aa 802008aa       16     1                 memset
802008ae 802008ae        0     1                 
802008ae 802008ae        0     1                 
802008b0 802008b0        0     1                 
802008b0 802008b0        0     1                 .LBB2_2
802008b0 802008b0        0     1                 
802008b4 802008b4        0     1                 
802008b4 802008b4        0     1                 
802008b8 802008b8        0     1                 
802008ba 802008ba        0     1                 
802008ba 802008ba        0     1                 
802008be 802008be        0     1                 .LBB2_3
802008be 802008be        0     1                 
802008be 802008be        0     1                 
802008c0 802008c0        0     1                 
802008c0 802008c0        0     1                 
802008c0 802008c0        0     1                 
802008c0 802008c0        0     1                 
802008c0 802008c0        0     1                 
802008c0 802008c0       24     1                 strcpy
802008c6 802008c6        0     1                 
802008ca 802008ca        0     1                 
802008ca 802008ca        0     1                 
802008cc 802008cc        0     1                 
802008cc 802008cc        0     1                 .LBB3_2
802008cc 802008cc        0     1                 
802008d0 802008d0        0     1                 
802008d4 802008d4        0     1                 
802008d8 802008d8        0     1                 
802008d8 802008d8        0     1                 
802008da 802008da        0     1                 
802008da 802008da        0     1                 
802008dc 802008dc        0     1                 
802008de 802008de        0     1                 .LBB3_3
802008de 802008de        0     1                 
802008de 802008de        0     1                 
802008e2 802008e2        0     1                 
802008e4 802008e4        0     1                 
802008e4 802008e4        0     1                 
802008e4 802008e4        0     1                 
802008e4 802008e4        0     1                 
802008e4 802008e4        0     1                 
802008e4 802008e4       2e     1                 strcmp
802008e8 802008e8        0     1                 
802008ea 802008ea        0     1                 
802008ec 802008ec        0     1                 
802008ec 802008ec        0     1                 .LBB4_2
802008ec 802008ec        0     1                 
802008f4 802008f4        0     1                 
802008f8 802008f8        0     1                 
802008f8 802008f8        0     1                 
802008fc 802008fc        0     1                 
802008fe 802008fe        0     1                 
80200900 80200900        0     1                 
80200902 80200902        0     1                 .LBB4_4
80200902 80200902        0     1                 
80200908 80200908        0     1                 .LBB4_5
80200908 80200908        0     1                 
80200908 80200908        0     1                 
8020090a 8020090a        0     1                 .LBB4_6
8020090a 8020090a        0     1                 
8020090a 8020090a        0     1                 
8020090e 8020090e        0     1                 
8020090e 8020090e        0     1                 
80200910 80200910        0     1                 
80200912 80200912        0     1                 
80200912 80200912        0     1                 
80200914 80200914      158     4 .rodata
80200914 80200914      158     1         <internal>:(.rodata.str1.1)
80200a6c 80200a6c    10260     4 .data
80200a6c 80200a6c    10260     1         shell.bin.o:(.data)
80200a6c 80200a6c        0     1                 _binary_shell_bin_start
80210ccc 80210ccc        0     1                 _binary_shell_bin_end
80210ccc 80210ccc        4     4 .sdata
80210ccc 80210ccc        4     4         /tmp/kernel-782bbe.o:(.sdata)
80210ccc 80210ccc        4     1                 alloc_pages.next_paddr
80210ccc 80210ccc        0     1                 $d.2
80210cd0 80210cd0    10090     4 .bss
80210cd0 80210cd0        0     1         __bss = .
80210cd0 80210cd0    10080     4         /tmp/kernel-782bbe.o:(.bss)
80210cd0 80210cd0        0     1                 $d.4
80210cd0 80210cd0    10080     1                 procs
80220d50 80220d50       10     4         /tmp/kernel-782bbe.o:(.sbss)
80220d50 80220d50        0     1                 $d.5
80220d50 80220d50        4     1                 idle_proc
80220d54 80220d54        4     1                 current_proc
80220d58 80220d58        4     1                 proc_a
80220d5c 80220d5c        4     1                 proc_b
80220d60 80220d60        0     1         __bss_end = .
80220d60 80220d60        0     1 . = ALIGN ( 4 )
80220d60 80220d60    20000     1 . += 128 * 1024
80240d60 80240d60        0     1 __stack_top = .
80240d60 80240d60      2a0     1 . = ALIGN ( 4096 )
80241000 80241000        0     1 __free_ram = .
80241000 80241000  4000000     1 . += 64 * 1024 * 1024
84241000 84241000        0     1 __free_ram_end = .
       0        0      967     1 .debug_loc
       0        0      67c     1         /tmp/kernel-782bbe.o:(.debug_loc)
       0        0        0     1                 
       0        0        0     1                 $d.6
      1b       1b        0     1                 
      36       36        0     1                 
      51       51        0     1                 
      6c       6c        0     1                 
      9d       9d        0     1                 
      c3       c3        0     1                 
     10a      10a        0     1                 
     151      151        0     1                 
     16c      16c        0     1                 
     187      187        0     1                 
     1a2      1a2        0     1                 
     1c9      1c9        0     1                 
     2b6      2b6        0     1                 
     2ef      2ef        0     1                 
     30a      30a        0     1                 
     326      326        0     1                 
     341      341        0     1                 
     35c      35c        0     1                 
     377      377        0     1                 
     394      394        0     1                 
     3fc      3fc        0     1                 
     481      481        0     1                 
     4a7      4a7        0     1                 
     4c2      4c2        0     1                 
     501      501        0     1                 
     51f      51f        0     1                 
     53c      53c        0     1                 
     57b      57b        0     1                 
     599      599        0     1                 
     5b6      5b6        0     1                 
     5f5      5f5        0     1                 
     610      610        0     1                 
     62b      62b        0     1                 
     646      646        0     1                 
     661      661        0     1                 
     67c      67c      2eb     1         /tmp/common-fe58a5.o:(.debug_loc)
     67c      67c        0     1                 
     67c      67c        0     1                 $d.2
     69a      69a        0     1                 
     6b8      6b8        0     1                 
     6d6      6d6        0     1                 
     717      717        0     1                 
     794      794        0     1                 
     7a7      7a7        0     1                 
     807      807        0     1                 
     832      832        0     1                 
     845      845        0     1                 
     879      879        0     1                 
     88e      88e        0     1                 
     8c2      8c2        0     1                 
     8d7      8d7        0     1                 
     8f5      8f5        0     1                 
     91e      91e        0     1                 
     954      954        0     1                 
       0        0      3dc     1 .debug_abbrev
       0        0      2b4     1         /tmp/kernel-782bbe.o:(.debug_abbrev)
       0        0        0     1                 $d.7
     2b4      2b4      128     1         /tmp/common-fe58a5.o:(.debug_abbrev)
     2b4      2b4        0     1                 $d.3
       0        0      eff     1 .debug_info
       0        0      bd4     1         /tmp/kernel-782bbe.o:(.debug_info)
       0        0        0     1                 $d.8
     bd4      bd4      32b     1         /tmp/common-fe58a5.o:(.debug_info)
     bd4      bd4        0     1                 $d.4
       0        0       80     1 .debug_ranges
       0        0       68     1         /tmp/kernel-782bbe.o:(.debug_ranges)
       0        0        0     1                 
       0        0        0     1                 $d.9
      18       18        0     1                 
      30       30        0     1                 
      48       48        0     1                 
      68       68       18     1         /tmp/common-fe58a5.o:(.debug_ranges)
      68       68        0     1                 
      68       68        0     1                 $d.5
       0        0      350     1 .debug_str
       0        0      350     1         <internal>:(.debug_str)
       0        0       42     1 .comment
       0        0       42     1         <internal>:(.comment)
       0        0       2b     1 .riscv.attributes
       0        0       2b     1         <internal>:(.riscv.attributes)
       0        0      1e4     4 .debug_frame
       0        0      160     4         /tmp/kernel-782bbe.o:(.debug_frame)
       0        0        0     1                 
       0        0        0     1                 $d.13
     160      160       84     4         /tmp/common-fe58a5.o:(.debug_frame)
     160      160        0     1                 
     160      160        0     1                 $d.9
       0        0      b49     1 .debug_line
       0        0      785     1         /tmp/kernel-782bbe.o:(.debug_line)
       0        0        0     1                 .Lline_table_start0
       0        0        0     1                 $d.14
     785      785      3c4     1         /tmp/common-fe58a5.o:(.debug_line)
     785      785        0     1                 .Lline_table_start0
     785      785        0     1                 $d.10
       0        0     35b0     4 .symtab
       0        0     35b0     4         <internal>:(.symtab)
       0        0       ad     1 .shstrtab
       0        0       ad     1         <internal>:(.shstrtab)
       0        0      228     1 .strtab
       0        0      228     1         <internal>:(.strtab)
