     VMA      LMA     Size Align Out     In      Symbol
       0        0 80200000     1 . = 0x80200000
80200000 80200000      362     4 .text
80200000 80200000        e     2         /tmp/kernel-3780a0.o:(.text.boot)
80200000 80200000        0     1                 
80200000 80200000        0     1                 
80200000 80200000        0     1                 $x.1
80200000 80200000        0     1                 
80200000 80200000        e     1                 boot
8020000e 8020000e        0     1                 
8020000e 8020000e        0     1                 
80200010 80200010      128     4         /tmp/kernel-3780a0.o:(.text)
80200010 80200010        0     1                 
80200010 80200010        0     1                 
80200010 80200010        0     1                 $x.0
80200010 80200010        0     1                 
80200010 80200010        6     1                 sbi_call
80200014 80200014        0     1                 
80200016 80200016        0     1                 
80200016 80200016        0     1                 
80200016 80200016        0     1                 
80200016 80200016       14     1                 putchar
80200028 80200028        0     1                 
8020002a 8020002a        0     1                 
8020002c 8020002c        0     1                 
8020002c 8020002c        0     1                 
8020002c 8020002c        0     1                 
8020002c 8020002c       90     1                 kernel_entry
802000bc 802000bc        0     1                 
802000bc 802000bc        0     1                 
802000bc 802000bc        0     1                 
802000bc 802000bc        0     1                 
802000bc 802000bc        0     1                 
802000bc 802000bc       54     1                 kernel_main
802000c0 802000c0        0     1                 
802000d6 802000d6        0     1                 
802000d6 802000d6        0     1                 
802000e8 802000e8        0     1                 
802000e8 802000e8        0     1                 
802000fc 802000fc        0     1                 
802000fc 802000fc        0     1                 
80200104 80200104        0     1                 
80200108 80200108        0     1                 
80200108 80200108        0     1                 
8020010a 8020010a        0     1                 
8020010a 8020010a        0     1                 .LBB4_1
8020010a 8020010a        0     1                 
8020010e 8020010e        0     1                 
80200110 80200110        0     1                 
80200110 80200110        0     1                 
80200110 80200110        0     1                 
80200110 80200110        0     1                 
80200110 80200110        0     1                 
80200110 80200110       28     1                 handle_trap
80200114 80200114        0     1                 
80200114 80200114        0     1                 
80200118 80200118        0     1                 
80200118 80200118        0     1                 
8020011c 8020011c        0     1                 
8020011c 8020011c        0     1                 
80200120 80200120        0     1                 
80200120 80200120        0     1                 
80200124 80200124        0     1                 
80200136 80200136        0     1                 
80200136 80200136        0     1                 .LBB5_1
80200138 80200138        0     1                 
80200138 80200138        0     1                 
80200138 80200138      22a     2         /tmp/common-dbb102.o:(.text)
80200138 80200138        0     1                 
80200138 80200138        0     1                 
80200138 80200138        0     1                 $x.0
80200138 80200138        0     1                 
80200138 80200138      1a6     1                 printf
80200166 80200166        0     1                 
8020018e 8020018e        0     1                 .LBB0_1
8020018e 8020018e        0     1                 
80200192 80200192        0     1                 .LBB0_2
80200192 80200192        0     1                 
80200194 80200194        0     1                 .LBB0_3
80200194 80200194        0     1                 
80200198 80200198        0     1                 
802001a0 802001a0        0     1                 .LBB0_5
802001a0 802001a0        0     1                 
802001a2 802001a2        0     1                 
802001a2 802001a2        0     1                 
802001a4 802001a4        0     1                 
802001a6 802001a6        0     1                 .LBB0_6
802001a6 802001a6        0     1                 
802001aa 802001aa        0     1                 
802001ac 802001ac        0     1                 
802001bc 802001bc        0     1                 
802001bc 802001bc        0     1                 
802001c8 802001c8        0     1                 
802001c8 802001c8        0     1                 
802001cc 802001cc        0     1                 
802001cc 802001cc        0     1                 
802001ce 802001ce        0     1                 
802001d4 802001d4        0     1                 .LBB0_11
802001d4 802001d4        0     1                 
802001d4 802001d4        0     1                 
802001dc 802001dc        0     1                 
802001dc 802001dc        0     1                 
802001e6 802001e6        0     1                 
802001e6 802001e6        0     1                 
802001ea 802001ea        0     1                 
802001ea 802001ea        0     1                 
802001ec 802001ec        0     1                 
802001f0 802001f0        0     1                 
802001f2 802001f2        0     1                 
802001f2 802001f2        0     1                 
802001f8 802001f8        0     1                 
802001f8 802001f8        0     1                 
802001fa 802001fa        0     1                 
802001fe 802001fe        0     1                 
80200200 80200200        0     1                 
80200200 80200200        0     1                 
80200206 80200206        0     1                 
80200206 80200206        0     1                 
80200208 80200208        0     1                 
8020020c 8020020c        0     1                 
8020020e 8020020e        0     1                 
8020020e 8020020e        0     1                 
80200214 80200214        0     1                 
80200214 80200214        0     1                 
80200216 80200216        0     1                 
8020021a 8020021a        0     1                 
8020021c 8020021c        0     1                 
8020021c 8020021c        0     1                 
80200222 80200222        0     1                 
80200222 80200222        0     1                 
80200224 80200224        0     1                 
80200228 80200228        0     1                 
8020022a 8020022a        0     1                 
8020022a 8020022a        0     1                 
80200230 80200230        0     1                 
80200230 80200230        0     1                 
80200232 80200232        0     1                 
80200236 80200236        0     1                 
80200238 80200238        0     1                 
80200238 80200238        0     1                 
8020023e 8020023e        0     1                 
8020023e 8020023e        0     1                 
80200240 80200240        0     1                 
80200244 80200244        0     1                 
80200246 80200246        0     1                 
80200246 80200246        0     1                 
80200248 80200248        0     1                 
80200248 80200248        0     1                 
8020024a 8020024a        0     1                 
8020024e 8020024e        0     1                 
8020024e 8020024e        0     1                 
80200250 80200250        0     1                 
80200250 80200250        0     1                 
80200252 80200252        0     1                 
80200254 80200254        0     1                 .LBB0_14
80200254 80200254        0     1                 
80200254 80200254        0     1                 
8020025e 8020025e        0     1                 
8020025e 8020025e        0     1                 
80200262 80200262        0     1                 
80200268 80200268        0     1                 
80200268 80200268        0     1                 .LBB0_16
80200268 80200268        0     1                 
8020026e 8020026e        0     1                 
8020026e 8020026e        0     1                 
80200272 80200272        0     1                 
80200274 80200274        0     1                 
80200278 80200278        0     1                 .LBB0_17
80200278 80200278        0     1                 
80200278 80200278        0     1                 
8020027e 8020027e        0     1                 
8020027e 8020027e        0     1                 
80200282 80200282        0     1                 
80200282 80200282        0     1                 
80200284 80200284        0     1                 
80200288 80200288        0     1                 .LBB0_18
80200288 80200288        0     1                 
8020028a 8020028a        0     1                 
8020028a 8020028a        0     1                 .LBB0_19
8020028a 8020028a        0     1                 
8020028e 8020028e        0     1                 
80200292 80200292        0     1                 
80200296 80200296        0     1                 .LBB0_20
80200296 80200296        0     1                 
80200296 80200296        0     1                 
80200298 80200298        0     1                 
80200298 80200298        0     1                 
8020029c 8020029c        0     1                 
802002a0 802002a0        0     1                 
802002a6 802002a6        0     1                 
802002a6 802002a6        0     1                 
802002ae 802002ae        0     1                 
802002b4 802002b4        0     1                 
802002b4 802002b4        0     1                 
802002ba 802002ba        0     1                 .LBB0_21
802002ba 802002ba        0     1                 
802002ba 802002ba        0     1                 
802002c0 802002c0        0     1                 .LBB0_22
802002c0 802002c0        0     1                 
802002c0 802002c0        0     1                 
802002c4 802002c4        0     1                 
802002da 802002da        0     1                 
802002de 802002de        0     1                 
802002de 802002de        0     1                 
802002de 802002de        0     1                 
802002de 802002de        0     1                 
802002de 802002de        0     1                 
802002de 802002de       1c     1                 memcpy
802002e2 802002e2        0     1                 
802002e2 802002e2        0     1                 
802002e4 802002e4        0     1                 
802002e4 802002e4        0     1                 .LBB1_2
802002e4 802002e4        0     1                 
802002e8 802002e8        0     1                 
802002ea 802002ea        0     1                 
802002ee 802002ee        0     1                 
802002ee 802002ee        0     1                 
802002f2 802002f2        0     1                 
802002f4 802002f4        0     1                 
802002f4 802002f4        0     1                 
802002f8 802002f8        0     1                 .LBB1_3
802002f8 802002f8        0     1                 
802002f8 802002f8        0     1                 
802002fa 802002fa        0     1                 
802002fa 802002fa        0     1                 
802002fa 802002fa        0     1                 
802002fa 802002fa        0     1                 
802002fa 802002fa        0     1                 
802002fa 802002fa       16     1                 memset
802002fe 802002fe        0     1                 
802002fe 802002fe        0     1                 
80200300 80200300        0     1                 
80200300 80200300        0     1                 .LBB2_2
80200300 80200300        0     1                 
80200304 80200304        0     1                 
80200304 80200304        0     1                 
80200308 80200308        0     1                 
8020030a 8020030a        0     1                 
8020030a 8020030a        0     1                 
8020030e 8020030e        0     1                 .LBB2_3
8020030e 8020030e        0     1                 
8020030e 8020030e        0     1                 
80200310 80200310        0     1                 
80200310 80200310        0     1                 
80200310 80200310        0     1                 
80200310 80200310        0     1                 
80200310 80200310        0     1                 
80200310 80200310       24     1                 strcpy
80200316 80200316        0     1                 
8020031a 8020031a        0     1                 
8020031a 8020031a        0     1                 
8020031c 8020031c        0     1                 
8020031c 8020031c        0     1                 .LBB3_2
8020031c 8020031c        0     1                 
80200320 80200320        0     1                 
80200324 80200324        0     1                 
80200328 80200328        0     1                 
80200328 80200328        0     1                 
8020032a 8020032a        0     1                 
8020032a 8020032a        0     1                 
8020032c 8020032c        0     1                 
8020032e 8020032e        0     1                 .LBB3_3
8020032e 8020032e        0     1                 
8020032e 8020032e        0     1                 
80200332 80200332        0     1                 
80200334 80200334        0     1                 
80200334 80200334        0     1                 
80200334 80200334        0     1                 
80200334 80200334        0     1                 
80200334 80200334        0     1                 
80200334 80200334       2e     1                 strcmp
80200338 80200338        0     1                 
8020033a 8020033a        0     1                 
8020033c 8020033c        0     1                 
8020033c 8020033c        0     1                 .LBB4_2
8020033c 8020033c        0     1                 
80200344 80200344        0     1                 
80200348 80200348        0     1                 
80200348 80200348        0     1                 
8020034c 8020034c        0     1                 
8020034e 8020034e        0     1                 
80200350 80200350        0     1                 
80200352 80200352        0     1                 .LBB4_4
80200352 80200352        0     1                 
80200358 80200358        0     1                 .LBB4_5
80200358 80200358        0     1                 
80200358 80200358        0     1                 
8020035a 8020035a        0     1                 .LBB4_6
8020035a 8020035a        0     1                 
8020035a 8020035a        0     1                 
8020035e 8020035e        0     1                 
8020035e 8020035e        0     1                 
80200360 80200360        0     1                 
80200362 80200362        0     1                 
80200362 80200362        0     1                 
80200364 80200364       76     4 .rodata
80200364 80200364       76     1         <internal>:(.rodata.str1.1)
802003dc 802003dc        0     4 .bss
802003dc 802003dc        0     1         __bss = .
802003dc 802003dc        0     1         __bss_end = .
802003dc 802003dc        0     1 . = ALIGN ( 4 )
802003dc 802003dc    20000     1 . += 128 * 1024
802203dc 802203dc        0     1 __stack_top = .
       0        0      3e0     1 .debug_loc
       0        0       f5     1         /tmp/kernel-3780a0.o:(.debug_loc)
       0        0        0     1                 
       0        0        0     1                 $d.3
      1b       1b        0     1                 
      36       36        0     1                 
      51       51        0     1                 
      6e       6e        0     1                 
      89       89        0     1                 
      a4       a4        0     1                 
      bf       bf        0     1                 
      da       da        0     1                 
      f5       f5      2eb     1         /tmp/common-dbb102.o:(.debug_loc)
      f5       f5        0     1                 
      f5       f5        0     1                 $d.2
     113      113        0     1                 
     131      131        0     1                 
     14f      14f        0     1                 
     190      190        0     1                 
     20d      20d        0     1                 
     220      220        0     1                 
     280      280        0     1                 
     2ab      2ab        0     1                 
     2be      2be        0     1                 
     2f2      2f2        0     1                 
     307      307        0     1                 
     33b      33b        0     1                 
     350      350        0     1                 
     36e      36e        0     1                 
     397      397        0     1                 
     3cd      3cd        0     1                 
       0        0      2c1     1 .debug_abbrev
       0        0      199     1         /tmp/kernel-3780a0.o:(.debug_abbrev)
       0        0        0     1                 $d.4
     199      199      128     1         /tmp/common-dbb102.o:(.debug_abbrev)
     199      199        0     1                 $d.3
       0        0      8bf     1 .debug_info
       0        0      594     1         /tmp/kernel-3780a0.o:(.debug_info)
       0        0        0     1                 $d.5
     594      594      32b     1         /tmp/common-dbb102.o:(.debug_info)
     594      594        0     1                 $d.4
       0        0       38     1 .debug_ranges
       0        0       20     1         /tmp/kernel-3780a0.o:(.debug_ranges)
       0        0        0     1                 
       0        0        0     1                 $d.6
      20       20       18     1         /tmp/common-dbb102.o:(.debug_ranges)
      20       20        0     1                 
      20       20        0     1                 $d.5
       0        0      227     1 .debug_str
       0        0      227     1         <internal>:(.debug_str)
       0        0       42     1 .comment
       0        0       42     1         <internal>:(.comment)
       0        0       2b     1 .riscv.attributes
       0        0       2b     1         <internal>:(.riscv.attributes)
       0        0      108     4 .debug_frame
       0        0       84     4         /tmp/kernel-3780a0.o:(.debug_frame)
       0        0        0     1                 
       0        0        0     1                 $d.10
      84       84       84     4         /tmp/common-dbb102.o:(.debug_frame)
      84       84        0     1                 
      84       84        0     1                 $d.9
       0        0      4bb     1 .debug_line
       0        0       f7     1         /tmp/kernel-3780a0.o:(.debug_line)
       0        0        0     1                 .Lline_table_start0
       0        0        0     1                 $d.11
      f7       f7      3c4     1         /tmp/common-dbb102.o:(.debug_line)
      f7       f7        0     1                 .Lline_table_start0
      f7       f7        0     1                 $d.10
       0        0     1a60     4 .symtab
       0        0     1a60     4         <internal>:(.symtab)
       0        0       a0     1 .shstrtab
       0        0       a0     1         <internal>:(.shstrtab)
       0        0      103     1 .strtab
       0        0      103     1         <internal>:(.strtab)
