     VMA      LMA     Size Align Out     In      Symbol
       0        0 80200000     1 . = 0x80200000
80200000 80200000      366     4 .text
80200000 80200000        e     2         /tmp/kernel-c20385.o:(.text.boot)
80200000 80200000        0     1                 
80200000 80200000        0     1                 
80200000 80200000        0     1                 $x.1
80200000 80200000        0     1                 
80200000 80200000        e     1                 boot
8020000e 8020000e        0     1                 
8020000e 8020000e        0     1                 
80200010 80200010      12c     4         /tmp/kernel-c20385.o:(.text)
80200010 80200010        0     1                 
80200010 80200010        0     1                 
80200010 80200010        0     1                 $x.0
80200010 80200010        0     1                 
80200010 80200010        6     1                 sbi_call
80200014 80200014        0     1                 
80200016 80200016        0     1                 
80200016 80200016        0     1                 
80200016 80200016        0     1                 
80200016 80200016       14     1                 putchar
80200028 80200028        0     1                 
8020002a 8020002a        0     1                 
8020002c 8020002c        0     1                 
8020002c 8020002c        0     1                 
8020002c 8020002c        0     1                 
8020002c 8020002c       90     1                 kernel_entry
802000bc 802000bc        0     1                 
802000bc 802000bc        0     1                 
802000bc 802000bc        0     1                 
802000bc 802000bc        0     1                 
802000bc 802000bc        0     1                 
802000bc 802000bc       58     1                 kernel_main
802000c0 802000c0        0     1                 
802000d6 802000d6        0     1                 
802000d6 802000d6        0     1                 
802000e8 802000e8        0     1                 
802000e8 802000e8        0     1                 
802000fc 802000fc        0     1                 
802000fc 802000fc        0     1                 
80200112 80200112        0     1                 
80200112 80200112        0     1                 .LBB4_1
80200114 80200114        0     1                 
80200114 80200114        0     1                 
80200114 80200114        0     1                 
80200114 80200114        0     1                 
80200114 80200114        0     1                 
80200114 80200114       28     1                 handle_trap
80200118 80200118        0     1                 
80200118 80200118        0     1                 
8020011c 8020011c        0     1                 
8020011c 8020011c        0     1                 
80200120 80200120        0     1                 
80200120 80200120        0     1                 
80200124 80200124        0     1                 
80200124 80200124        0     1                 
80200128 80200128        0     1                 
8020013a 8020013a        0     1                 
8020013a 8020013a        0     1                 .LBB5_1
8020013c 8020013c        0     1                 
8020013c 8020013c        0     1                 
8020013c 8020013c      22a     2         /tmp/common-292147.o:(.text)
8020013c 8020013c        0     1                 
8020013c 8020013c        0     1                 
8020013c 8020013c        0     1                 $x.0
8020013c 8020013c        0     1                 
8020013c 8020013c      1a6     1                 printf
8020016a 8020016a        0     1                 
80200192 80200192        0     1                 .LBB0_1
80200192 80200192        0     1                 
80200196 80200196        0     1                 .LBB0_2
80200196 80200196        0     1                 
80200198 80200198        0     1                 .LBB0_3
80200198 80200198        0     1                 
8020019c 8020019c        0     1                 
802001a4 802001a4        0     1                 .LBB0_5
802001a4 802001a4        0     1                 
802001a6 802001a6        0     1                 
802001a6 802001a6        0     1                 
802001a8 802001a8        0     1                 
802001aa 802001aa        0     1                 .LBB0_6
802001aa 802001aa        0     1                 
802001ae 802001ae        0     1                 
802001b0 802001b0        0     1                 
802001c0 802001c0        0     1                 
802001c0 802001c0        0     1                 
802001cc 802001cc        0     1                 
802001cc 802001cc        0     1                 
802001d0 802001d0        0     1                 
802001d0 802001d0        0     1                 
802001d2 802001d2        0     1                 
802001d8 802001d8        0     1                 .LBB0_11
802001d8 802001d8        0     1                 
802001d8 802001d8        0     1                 
802001e0 802001e0        0     1                 
802001e0 802001e0        0     1                 
802001ea 802001ea        0     1                 
802001ea 802001ea        0     1                 
802001ee 802001ee        0     1                 
802001ee 802001ee        0     1                 
802001f0 802001f0        0     1                 
802001f4 802001f4        0     1                 
802001f6 802001f6        0     1                 
802001f6 802001f6        0     1                 
802001fc 802001fc        0     1                 
802001fc 802001fc        0     1                 
802001fe 802001fe        0     1                 
80200202 80200202        0     1                 
80200204 80200204        0     1                 
80200204 80200204        0     1                 
8020020a 8020020a        0     1                 
8020020a 8020020a        0     1                 
8020020c 8020020c        0     1                 
80200210 80200210        0     1                 
80200212 80200212        0     1                 
80200212 80200212        0     1                 
80200218 80200218        0     1                 
80200218 80200218        0     1                 
8020021a 8020021a        0     1                 
8020021e 8020021e        0     1                 
80200220 80200220        0     1                 
80200220 80200220        0     1                 
80200226 80200226        0     1                 
80200226 80200226        0     1                 
80200228 80200228        0     1                 
8020022c 8020022c        0     1                 
8020022e 8020022e        0     1                 
8020022e 8020022e        0     1                 
80200234 80200234        0     1                 
80200234 80200234        0     1                 
80200236 80200236        0     1                 
8020023a 8020023a        0     1                 
8020023c 8020023c        0     1                 
8020023c 8020023c        0     1                 
80200242 80200242        0     1                 
80200242 80200242        0     1                 
80200244 80200244        0     1                 
80200248 80200248        0     1                 
8020024a 8020024a        0     1                 
8020024a 8020024a        0     1                 
8020024c 8020024c        0     1                 
8020024c 8020024c        0     1                 
8020024e 8020024e        0     1                 
80200252 80200252        0     1                 
80200252 80200252        0     1                 
80200254 80200254        0     1                 
80200254 80200254        0     1                 
80200256 80200256        0     1                 
80200258 80200258        0     1                 .LBB0_14
80200258 80200258        0     1                 
80200258 80200258        0     1                 
80200262 80200262        0     1                 
80200262 80200262        0     1                 
80200266 80200266        0     1                 
8020026c 8020026c        0     1                 
8020026c 8020026c        0     1                 .LBB0_16
8020026c 8020026c        0     1                 
80200272 80200272        0     1                 
80200272 80200272        0     1                 
80200276 80200276        0     1                 
80200278 80200278        0     1                 
8020027c 8020027c        0     1                 .LBB0_17
8020027c 8020027c        0     1                 
8020027c 8020027c        0     1                 
80200282 80200282        0     1                 
80200282 80200282        0     1                 
80200286 80200286        0     1                 
80200286 80200286        0     1                 
80200288 80200288        0     1                 
8020028c 8020028c        0     1                 .LBB0_18
8020028c 8020028c        0     1                 
8020028e 8020028e        0     1                 
8020028e 8020028e        0     1                 .LBB0_19
8020028e 8020028e        0     1                 
80200292 80200292        0     1                 
80200296 80200296        0     1                 
8020029a 8020029a        0     1                 .LBB0_20
8020029a 8020029a        0     1                 
8020029a 8020029a        0     1                 
8020029c 8020029c        0     1                 
8020029c 8020029c        0     1                 
802002a0 802002a0        0     1                 
802002a4 802002a4        0     1                 
802002aa 802002aa        0     1                 
802002aa 802002aa        0     1                 
802002b2 802002b2        0     1                 
802002b8 802002b8        0     1                 
802002b8 802002b8        0     1                 
802002be 802002be        0     1                 .LBB0_21
802002be 802002be        0     1                 
802002be 802002be        0     1                 
802002c4 802002c4        0     1                 .LBB0_22
802002c4 802002c4        0     1                 
802002c4 802002c4        0     1                 
802002c8 802002c8        0     1                 
802002de 802002de        0     1                 
802002e2 802002e2        0     1                 
802002e2 802002e2        0     1                 
802002e2 802002e2        0     1                 
802002e2 802002e2        0     1                 
802002e2 802002e2        0     1                 
802002e2 802002e2       1c     1                 memcpy
802002e6 802002e6        0     1                 
802002e6 802002e6        0     1                 
802002e8 802002e8        0     1                 
802002e8 802002e8        0     1                 .LBB1_2
802002e8 802002e8        0     1                 
802002ec 802002ec        0     1                 
802002ee 802002ee        0     1                 
802002f2 802002f2        0     1                 
802002f2 802002f2        0     1                 
802002f6 802002f6        0     1                 
802002f8 802002f8        0     1                 
802002f8 802002f8        0     1                 
802002fc 802002fc        0     1                 .LBB1_3
802002fc 802002fc        0     1                 
802002fc 802002fc        0     1                 
802002fe 802002fe        0     1                 
802002fe 802002fe        0     1                 
802002fe 802002fe        0     1                 
802002fe 802002fe        0     1                 
802002fe 802002fe        0     1                 
802002fe 802002fe       16     1                 memset
80200302 80200302        0     1                 
80200302 80200302        0     1                 
80200304 80200304        0     1                 
80200304 80200304        0     1                 .LBB2_2
80200304 80200304        0     1                 
80200308 80200308        0     1                 
80200308 80200308        0     1                 
8020030c 8020030c        0     1                 
8020030e 8020030e        0     1                 
8020030e 8020030e        0     1                 
80200312 80200312        0     1                 .LBB2_3
80200312 80200312        0     1                 
80200312 80200312        0     1                 
80200314 80200314        0     1                 
80200314 80200314        0     1                 
80200314 80200314        0     1                 
80200314 80200314        0     1                 
80200314 80200314        0     1                 
80200314 80200314       24     1                 strcpy
8020031a 8020031a        0     1                 
8020031e 8020031e        0     1                 
8020031e 8020031e        0     1                 
80200320 80200320        0     1                 
80200320 80200320        0     1                 .LBB3_2
80200320 80200320        0     1                 
80200324 80200324        0     1                 
80200328 80200328        0     1                 
8020032c 8020032c        0     1                 
8020032c 8020032c        0     1                 
8020032e 8020032e        0     1                 
8020032e 8020032e        0     1                 
80200330 80200330        0     1                 
80200332 80200332        0     1                 .LBB3_3
80200332 80200332        0     1                 
80200332 80200332        0     1                 
80200336 80200336        0     1                 
80200338 80200338        0     1                 
80200338 80200338        0     1                 
80200338 80200338        0     1                 
80200338 80200338        0     1                 
80200338 80200338        0     1                 
80200338 80200338       2e     1                 strcmp
8020033c 8020033c        0     1                 
8020033e 8020033e        0     1                 
80200340 80200340        0     1                 
80200340 80200340        0     1                 .LBB4_2
80200340 80200340        0     1                 
80200348 80200348        0     1                 
8020034c 8020034c        0     1                 
8020034c 8020034c        0     1                 
80200350 80200350        0     1                 
80200352 80200352        0     1                 
80200354 80200354        0     1                 
80200356 80200356        0     1                 .LBB4_4
80200356 80200356        0     1                 
8020035c 8020035c        0     1                 .LBB4_5
8020035c 8020035c        0     1                 
8020035c 8020035c        0     1                 
8020035e 8020035e        0     1                 .LBB4_6
8020035e 8020035e        0     1                 
8020035e 8020035e        0     1                 
80200362 80200362        0     1                 
80200362 80200362        0     1                 
80200364 80200364        0     1                 
80200366 80200366        0     1                 
80200366 80200366        0     1                 
80200368 80200368       8d     4 .rodata
80200368 80200368       8d     1         <internal>:(.rodata.str1.1)
802003f8 802003f8        0     4 .bss
802003f8 802003f8        0     1         __bss = .
802003f8 802003f8        0     1         __bss_end = .
802003f8 802003f8        0     1 . = ALIGN ( 4 )
802003f8 802003f8    20000     1 . += 128 * 1024
802203f8 802203f8        0     1 __stack_top = .
       0        0      3c5     1 .debug_loc
       0        0       da     1         /tmp/kernel-c20385.o:(.debug_loc)
       0        0        0     1                 
       0        0        0     1                 $d.3
      1b       1b        0     1                 
      36       36        0     1                 
      51       51        0     1                 
      6e       6e        0     1                 
      89       89        0     1                 
      a4       a4        0     1                 
      bf       bf        0     1                 
      da       da      2eb     1         /tmp/common-292147.o:(.debug_loc)
      da       da        0     1                 
      da       da        0     1                 $d.2
      f8       f8        0     1                 
     116      116        0     1                 
     134      134        0     1                 
     175      175        0     1                 
     1f2      1f2        0     1                 
     205      205        0     1                 
     265      265        0     1                 
     290      290        0     1                 
     2a3      2a3        0     1                 
     2d7      2d7        0     1                 
     2ec      2ec        0     1                 
     320      320        0     1                 
     335      335        0     1                 
     353      353        0     1                 
     37c      37c        0     1                 
     3b2      3b2        0     1                 
       0        0      2cc     1 .debug_abbrev
       0        0      1a4     1         /tmp/kernel-c20385.o:(.debug_abbrev)
       0        0        0     1                 $d.4
     1a4      1a4      128     1         /tmp/common-292147.o:(.debug_abbrev)
     1a4      1a4        0     1                 $d.3
       0        0      8db     1 .debug_info
       0        0      5b0     1         /tmp/kernel-c20385.o:(.debug_info)
       0        0        0     1                 $d.5
     5b0      5b0      32b     1         /tmp/common-292147.o:(.debug_info)
     5b0      5b0        0     1                 $d.4
       0        0       38     1 .debug_ranges
       0        0       20     1         /tmp/kernel-c20385.o:(.debug_ranges)
       0        0        0     1                 
       0        0        0     1                 $d.6
      20       20       18     1         /tmp/common-292147.o:(.debug_ranges)
      20       20        0     1                 
      20       20        0     1                 $d.5
       0        0      227     1 .debug_str
       0        0      227     1         <internal>:(.debug_str)
       0        0       42     1 .comment
       0        0       42     1         <internal>:(.comment)
       0        0       2b     1 .riscv.attributes
       0        0       2b     1         <internal>:(.riscv.attributes)
       0        0      108     4 .debug_frame
       0        0       84     4         /tmp/kernel-c20385.o:(.debug_frame)
       0        0        0     1                 
       0        0        0     1                 $d.10
      84       84       84     4         /tmp/common-292147.o:(.debug_frame)
      84       84        0     1                 
      84       84        0     1                 $d.9
       0        0      4a7     1 .debug_line
       0        0       e3     1         /tmp/kernel-c20385.o:(.debug_line)
       0        0        0     1                 .Lline_table_start0
       0        0        0     1                 $d.11
      e3       e3      3c4     1         /tmp/common-292147.o:(.debug_line)
      e3       e3        0     1                 .Lline_table_start0
      e3       e3        0     1                 $d.10
       0        0     1a00     4 .symtab
       0        0     1a00     4         <internal>:(.symtab)
       0        0       a0     1 .shstrtab
       0        0       a0     1         <internal>:(.shstrtab)
       0        0      103     1 .strtab
       0        0      103     1         <internal>:(.strtab)
