     VMA      LMA     Size Align Out     In      Symbol
       0        0 80200000     1 . = 0x80200000
80200000        0        0     1 __kernel_base = .
80200000 80200000      ab2     4 .text
80200000 80200000        e     2         /tmp/kernel-162a26.o:(.text.boot)
80200000 80200000        0     1                 
80200000 80200000        0     1                 
80200000 80200000        0     1                 $x.1
80200000 80200000        0     1                 
80200000 80200000        e     1                 boot
8020000e 8020000e        0     1                 
8020000e 8020000e        0     1                 
80200010 80200010      878     4         /tmp/kernel-162a26.o:(.text)
80200010 80200010        0     1                 
80200010 80200010        0     1                 
80200010 80200010        0     1                 $x.0
80200010 80200010        0     1                 
80200010 80200010        6     1                 sbi_call
80200014 80200014        0     1                 
80200016 80200016        0     1                 
80200016 80200016        0     1                 
80200016 80200016        0     1                 
80200016 80200016       46     1                 switch_context
8020005c 8020005c        0     1                 
8020005c 8020005c        0     1                 
8020005c 8020005c        0     1                 
8020005c 8020005c       50     1                 alloc_pages
80200062 80200062        0     1                 
8020006a 8020006a        0     1                 
8020006a 8020006a        0     1                 
8020006e 8020006e        0     1                 
80200072 80200072        0     1                 
80200072 80200072        0     1                 
8020007a 8020007a        0     1                 
8020007e 8020007e        0     1                 
80200082 80200082        0     1                 
80200098 80200098        0     1                 
80200098 80200098        0     1                 .LBB2_2
8020009a 8020009a        0     1                 .LBB2_3
8020009a 8020009a        0     1                 
802000a2 802000a2        0     1                 
802000a2 802000a2        0     1                 
802000a8 802000a8        0     1                 
802000a8 802000a8        0     1                 
802000ac 802000ac        0     1                 
802000ac 802000ac        0     1                 
802000ac 802000ac        0     1                 
802000ac 802000ac        0     1                 
802000ac 802000ac        0     1                 
802000ac 802000ac       da     1                 map_page
802000bc 802000bc        0     1                 
802000bc 802000bc        0     1                 
802000c0 802000c0        0     1                 
802000c4 802000c4        0     1                 
802000d4 802000d4        0     1                 
802000d6 802000d6        0     1                 
802000d8 802000d8        0     1                 
802000d8 802000d8        0     1                 .LBB3_2
802000da 802000da        0     1                 .LBB3_3
802000da 802000da        0     1                 
802000da 802000da        0     1                 
802000de 802000de        0     1                 
802000e0 802000e0        0     1                 
802000e2 802000e2        0     1                 
802000e6 802000e6        0     1                 
802000f4 802000f4        0     1                 
802000f8 802000f8        0     1                 
802000fa 802000fa        0     1                 
802000fa 802000fa        0     1                 .LBB3_5
802000fc 802000fc        0     1                 .LBB3_6
802000fc 802000fc        0     1                 
802000fc 802000fc        0     1                 
80200108 80200108        0     1                 
80200108 80200108        0     1                 
8020010c 8020010c        0     1                 
8020010e 8020010e        0     1                 
8020010e 8020010e        0     1                 
80200116 80200116        0     1                 
80200116 80200116        0     1                 
80200118 80200118        0     1                 
8020011a 8020011a        0     1                 
80200122 80200122        0     1                 
80200126 80200126        0     1                 
8020012a 8020012a        0     1                 
8020013e 8020013e        0     1                 
80200140 80200140        0     1                 
80200140 80200140        0     1                 .LBB3_9
80200142 80200142        0     1                 .LBB3_10
80200142 80200142        0     1                 
80200142 80200142        0     1                 
80200144 80200144        0     1                 
80200144 80200144        0     1                 
8020014c 8020014c        0     1                 
80200150 80200150        0     1                 
80200150 80200150        0     1                 
80200154 80200154        0     1                 
80200154 80200154        0     1                 
8020015a 8020015a        0     1                 
8020015c 8020015c        0     1                 
8020015e 8020015e        0     1                 .LBB3_11
8020015e 8020015e        0     1                 
8020015e 8020015e        0     1                 
80200162 80200162        0     1                 
80200162 80200162        0     1                 
80200164 80200164        0     1                 
8020016a 8020016a        0     1                 
8020016c 8020016c        0     1                 
8020016c 8020016c        0     1                 
80200170 80200170        0     1                 
80200174 80200174        0     1                 
80200174 80200174        0     1                 
80200182 80200182        0     1                 
80200186 80200186        0     1                 
80200186 80200186        0     1                 
80200186 80200186        0     1                 
80200186 80200186        0     1                 
80200186 80200186        0     1                 
80200186 80200186       14     1                 user_entry
8020018e 8020018e        0     1                 
8020019a 8020019a        0     1                 
8020019a 8020019a        0     1                 
8020019a 8020019a        0     1                 
8020019a 8020019a      236     1                 create_process
802001b6 802001b6        0     1                 
802001c4 802001c4        0     1                 
802001c4 802001c4        0     1                 
802001c6 802001c6        0     1                 
802001c6 802001c6        0     1                 
802001c8 802001c8        0     1                 
802001c8 802001c8        0     1                 
802001ce 802001ce        0     1                 
802001d0 802001d0        0     1                 
802001d0 802001d0        0     1                 
802001de 802001de        0     1                 
802001e0 802001e0        0     1                 
802001e0 802001e0        0     1                 
802001e6 802001e6        0     1                 
802001e8 802001e8        0     1                 
802001e8 802001e8        0     1                 
802001f6 802001f6        0     1                 
802001f8 802001f8        0     1                 
802001f8 802001f8        0     1                 
802001fe 802001fe        0     1                 
80200200 80200200        0     1                 
80200200 80200200        0     1                 
8020020e 8020020e        0     1                 
80200210 80200210        0     1                 
80200210 80200210        0     1                 
80200216 80200216        0     1                 
80200218 80200218        0     1                 
80200218 80200218        0     1                 
8020022e 8020022e        0     1                 
8020022e 8020022e        0     1                 .LBB5_9
80200230 80200230        0     1                 .LBB5_10
80200230 80200230        0     1                 
80200230 80200230        0     1                 
80200234 80200234        0     1                 .LBB5_11
80200234 80200234        0     1                 
80200238 80200238        0     1                 .LBB5_12
80200238 80200238        0     1                 
8020023c 8020023c        0     1                 .LBB5_13
8020023c 8020023c        0     1                 
80200240 80200240        0     1                 .LBB5_14
80200240 80200240        0     1                 
80200244 80200244        0     1                 .LBB5_15
80200244 80200244        0     1                 
80200248 80200248        0     1                 .LBB5_16
80200248 80200248        0     1                 
8020024c 8020024c        0     1                 .LBB5_17
8020024c 8020024c        0     1                 
8020024e 8020024e        0     1                 .LBB5_18
8020024e 8020024e        0     1                 
8020024e 8020024e        0     1                 
8020025c 8020025c        0     1                 
8020025c 8020025c        0     1                 
80200262 80200262        0     1                 
80200266 80200266        0     1                 
8020026a 8020026a        0     1                 
8020026e 8020026e        0     1                 
80200272 80200272        0     1                 
80200276 80200276        0     1                 
8020027a 8020027a        0     1                 
8020027e 8020027e        0     1                 
80200282 80200282        0     1                 
80200286 80200286        0     1                 
8020028a 8020028a        0     1                 
8020028e 8020028e        0     1                 
80200296 80200296        0     1                 
80200298 80200298        0     1                 
80200298 80200298        0     1                 
8020029c 8020029c        0     1                 
8020029c 8020029c        0     1                 
802002a4 802002a4        0     1                 
802002a4 802002a4        0     1                 
802002ae 802002ae        0     1                 
802002ae 802002ae        0     1                 
802002b0 802002b0        0     1                 
802002b8 802002b8        0     1                 
802002c0 802002c0        0     1                 
802002d6 802002d6        0     1                 
802002d6 802002d6        0     1                 .LBB5_20
802002d8 802002d8        0     1                 .LBB5_21
802002d8 802002d8        0     1                 
802002e2 802002e2        0     1                 
802002e2 802002e2        0     1                 
802002ee 802002ee        0     1                 
802002ee 802002ee        0     1                 
802002f6 802002f6        0     1                 
802002f6 802002f6        0     1                 .LBB5_23
802002f6 802002f6        0     1                 
80200300 80200300        0     1                 
80200300 80200300        0     1                 
80200302 80200302        0     1                 
80200306 80200306        0     1                 .LBB5_24
80200306 80200306        0     1                 
80200306 80200306        0     1                 
8020030a 8020030a        0     1                 
8020030e 8020030e        0     1                 
8020031a 8020031a        0     1                 
8020031e 8020031e        0     1                 
80200322 80200322        0     1                 
80200322 80200322        0     1                 
80200326 80200326        0     1                 
8020032c 8020032c        0     1                 
80200340 80200340        0     1                 
80200340 80200340        0     1                 .LBB5_26
80200342 80200342        0     1                 
80200342 80200342        0     1                 
80200344 80200344        0     1                 
80200348 80200348        0     1                 
80200348 80200348        0     1                 
8020034c 8020034c        0     1                 
80200354 80200354        0     1                 
80200354 80200354        0     1                 
80200356 80200356        0     1                 
80200356 80200356        0     1                 
8020035e 8020035e        0     1                 
80200362 80200362        0     1                 .LBB5_27
80200362 80200362        0     1                 
80200362 80200362        0     1                 
80200366 80200366        0     1                 
80200366 80200366        0     1                 
8020036e 8020036e        0     1                 
80200372 80200372        0     1                 
8020037a 8020037a        0     1                 
8020037a 8020037a        0     1                 
8020037c 8020037c        0     1                 
8020037c 8020037c        0     1                 
80200380 80200380        0     1                 
80200380 80200380        0     1                 
80200384 80200384        0     1                 .LBB5_30
80200384 80200384        0     1                 
80200394 80200394        0     1                 
80200394 80200394        0     1                 
80200398 80200398        0     1                 
802003a2 802003a2        0     1                 
802003a2 802003a2        0     1                 
802003a4 802003a4        0     1                 
802003ae 802003ae        0     1                 
802003b4 802003b4        0     1                 
802003b8 802003b8        0     1                 .LBB5_31
802003b8 802003b8        0     1                 
802003b8 802003b8        0     1                 
802003ce 802003ce        0     1                 
802003ce 802003ce        0     1                 .LBB5_32
802003d0 802003d0        0     1                 
802003d0 802003d0        0     1                 
802003d0 802003d0        0     1                 
802003d0 802003d0        0     1                 
802003d0 802003d0        0     1                 
802003d0 802003d0        0     1                 
802003d0 802003d0       14     1                 putchar
802003e2 802003e2        0     1                 
802003e2 802003e2        0     1                 
802003e4 802003e4        0     1                 
802003e4 802003e4        0     1                 
802003e4 802003e4        0     1                 
802003e4 802003e4       5a     1                 handle_syscall
80200402 80200402        0     1                 
80200406 80200406        0     1                 
8020040a 8020040a        0     1                 
8020040a 8020040a        0     1                 
8020041c 8020041c        0     1                 
8020041c 8020041c        0     1                 
8020041e 8020041e        0     1                 .LBB7_2
8020041e 8020041e        0     1                 
80200420 80200420        0     1                 
80200422 80200422        0     1                 
80200426 80200426        0     1                 
80200438 80200438        0     1                 
80200438 80200438        0     1                 
8020043c 8020043c        0     1                 .LBB7_3
8020043c 8020043c        0     1                 
8020043e 8020043e        0     1                 
8020043e 8020043e        0     1                 
8020043e 8020043e        0     1                 
8020043e 8020043e        0     1                 
8020043e 8020043e        0     1                 
8020043e 8020043e      1d2     1                 yield
8020044a 8020044a        0     1                 
8020044e 8020044e        0     1                 
8020044e 8020044e        0     1                 
8020045c 8020045c        0     1                 
80200470 80200470        0     1                 
80200470 80200470        0     1                 
80200474 80200474        0     1                 
80200474 80200474        0     1                 
80200476 80200476        0     1                 
80200476 80200476        0     1                 
8020047a 8020047a        0     1                 
8020047a 8020047a        0     1                 
8020047c 8020047c        0     1                 
80200480 80200480        0     1                 .LBB8_2
80200480 80200480        0     1                 
80200480 80200480        0     1                 
80200484 80200484        0     1                 
80200490 80200490        0     1                 
8020049c 8020049c        0     1                 
802004a0 802004a0        0     1                 
802004aa 802004aa        0     1                 
802004aa 802004aa        0     1                 
802004ac 802004ac        0     1                 
802004b0 802004b0        0     1                 .LBB8_4
802004b0 802004b0        0     1                 
802004b0 802004b0        0     1                 
802004b4 802004b4        0     1                 
802004c0 802004c0        0     1                 
802004d8 802004d8        0     1                 
802004dc 802004dc        0     1                 
802004dc 802004dc        0     1                 
802004de 802004de        0     1                 
802004e2 802004e2        0     1                 .LBB8_6
802004e2 802004e2        0     1                 
802004e2 802004e2        0     1                 
802004e6 802004e6        0     1                 
802004f2 802004f2        0     1                 
802004fe 802004fe        0     1                 
80200502 80200502        0     1                 
8020050c 8020050c        0     1                 
8020050c 8020050c        0     1                 
8020050e 8020050e        0     1                 
80200512 80200512        0     1                 .LBB8_8
80200512 80200512        0     1                 
80200512 80200512        0     1                 
80200516 80200516        0     1                 
80200522 80200522        0     1                 
8020053a 8020053a        0     1                 
8020053e 8020053e        0     1                 
8020053e 8020053e        0     1                 
80200540 80200540        0     1                 
80200544 80200544        0     1                 .LBB8_10
80200544 80200544        0     1                 
80200544 80200544        0     1                 
80200548 80200548        0     1                 
80200554 80200554        0     1                 
80200560 80200560        0     1                 
80200564 80200564        0     1                 
8020056e 8020056e        0     1                 
8020056e 8020056e        0     1                 
80200570 80200570        0     1                 
80200574 80200574        0     1                 .LBB8_12
80200574 80200574        0     1                 
80200574 80200574        0     1                 
80200578 80200578        0     1                 
80200584 80200584        0     1                 
8020059c 8020059c        0     1                 
802005a0 802005a0        0     1                 
802005a0 802005a0        0     1                 
802005a2 802005a2        0     1                 
802005a6 802005a6        0     1                 .LBB8_14
802005a6 802005a6        0     1                 
802005a6 802005a6        0     1                 
802005a8 802005a8        0     1                 
802005b4 802005b4        0     1                 
802005c0 802005c0        0     1                 
802005c4 802005c4        0     1                 
802005ce 802005ce        0     1                 
802005ce 802005ce        0     1                 
802005d0 802005d0        0     1                 
802005d4 802005d4        0     1                 .LBB8_16
802005d4 802005d4        0     1                 
802005d4 802005d4        0     1                 
802005d6 802005d6        0     1                 .LBB8_17
802005d6 802005d6        0     1                 
802005d6 802005d6        0     1                 
802005da 802005da        0     1                 
802005dc 802005dc        0     1                 
802005e2 802005e2        0     1                 
802005e8 802005e8        0     1                 
802005ea 802005ea        0     1                 
802005fa 802005fa        0     1                 
80200602 80200602        0     1                 
80200602 80200602        0     1                 
80200604 80200604        0     1                 
80200604 80200604        0     1                 
80200608 80200608        0     1                 
8020060c 8020060c        0     1                 
8020060e 8020060e        0     1                 .LBB8_19
8020060e 8020060e        0     1                 
8020060e 8020060e        0     1                 
80200610 80200610        0     1                 
80200610 80200610        0     1                 
80200610 80200610        0     1                 
80200610 80200610        0     1                 
80200610 80200610        0     1                 
80200610 80200610       96     1                 kernel_entry
802006a6 802006a6        0     1                 
802006a6 802006a6        0     1                 
802006a6 802006a6        0     1                 
802006a6 802006a6        0     1                 
802006a6 802006a6        0     1                 
802006a6 802006a6       10     1                 delay
802006ae 802006ae        0     1                 .LBB11_1
802006ae 802006ae        0     1                 
802006ae 802006ae        0     1                 
802006b0 802006b0        0     1                 
802006b0 802006b0        0     1                 
802006b2 802006b2        0     1                 
802006b2 802006b2        0     1                 
802006b4 802006b4        0     1                 
802006b4 802006b4        0     1                 
802006b6 802006b6        0     1                 
802006b6 802006b6        0     1                 
802006b6 802006b6        0     1                 
802006b6 802006b6        0     1                 
802006b6 802006b6        0     1                 
802006b6 802006b6       52     1                 proc_a_entry
802006c0 802006c0        0     1                 
802006ca 802006ca        0     1                 
802006ca 802006ca        0     1                 
802006da 802006da        0     1                 .LBB12_1
802006da 802006da        0     1                 
802006da 802006da        0     1                 
802006f0 802006f0        0     1                 
802006f0 802006f0        0     1                 
802006f4 802006f4        0     1                 
802006f8 802006f8        0     1                 
802006fa 802006fa        0     1                 
802006fc 802006fc        0     1                 
802006fe 802006fe        0     1                 
802006fe 802006fe        0     1                 
80200700 80200700        0     1                 
80200700 80200700        0     1                 .LBB12_2
80200700 80200700        0     1                 
80200702 80200702        0     1                 
80200702 80200702        0     1                 
80200704 80200704        0     1                 
80200704 80200704        0     1                 
80200708 80200708        0     1                 
80200708 80200708        0     1                 
80200708 80200708        0     1                 
80200708 80200708        0     1                 
80200708 80200708        0     1                 
80200708 80200708        0     1                 
80200708 80200708       52     1                 proc_b_entry
80200712 80200712        0     1                 
8020071c 8020071c        0     1                 
8020071c 8020071c        0     1                 
8020072c 8020072c        0     1                 .LBB13_1
8020072c 8020072c        0     1                 
8020072c 8020072c        0     1                 
80200742 80200742        0     1                 
80200742 80200742        0     1                 
80200746 80200746        0     1                 
8020074a 8020074a        0     1                 
8020074c 8020074c        0     1                 
8020074e 8020074e        0     1                 
80200750 80200750        0     1                 
80200750 80200750        0     1                 
80200752 80200752        0     1                 
80200752 80200752        0     1                 .LBB13_2
80200752 80200752        0     1                 
80200754 80200754        0     1                 
80200754 80200754        0     1                 
80200756 80200756        0     1                 
80200756 80200756        0     1                 
8020075a 8020075a        0     1                 
8020075a 8020075a        0     1                 
8020075a 8020075a        0     1                 
8020075a 8020075a        0     1                 
8020075a 8020075a        0     1                 
8020075a 8020075a        0     1                 
8020075a 8020075a       76     1                 kernel_main
8020075e 8020075e        0     1                 
80200774 80200774        0     1                 
80200774 80200774        0     1                 
8020077e 8020077e        0     1                 
8020077e 8020077e        0     1                 
80200786 80200786        0     1                 
8020078a 8020078a        0     1                 
8020078a 8020078a        0     1                 
8020078c 8020078c        0     1                 
80200790 80200790        0     1                 
80200790 80200790        0     1                 
80200798 80200798        0     1                 
8020079c 8020079c        0     1                 
802007a4 802007a4        0     1                 
802007b6 802007b6        0     1                 
802007b6 802007b6        0     1                 
802007b8 802007b8        0     1                 
802007b8 802007b8        0     1                 
802007ce 802007ce        0     1                 
802007ce 802007ce        0     1                 .LBB14_1
802007d0 802007d0        0     1                 
802007d0 802007d0        0     1                 
802007d0 802007d0        0     1                 
802007d0 802007d0        0     1                 
802007d0 802007d0        0     1                 
802007d0 802007d0       b8     1                 handle_trap
802007d8 802007d8        0     1                 
802007d8 802007d8        0     1                 
802007dc 802007dc        0     1                 
802007dc 802007dc        0     1                 
802007e0 802007e0        0     1                 
802007ea 802007ea        0     1                 
802007ea 802007ea        0     1                 
802007ee 802007ee        0     1                 
802007ee 802007ee        0     1                 
802007f2 802007f2        0     1                 
802007fc 802007fc        0     1                 
802007fc 802007fc        0     1                 
80200800 80200800        0     1                 
80200800 80200800        0     1                 
80200804 80200804        0     1                 
80200804 80200804        0     1                 
80200806 80200806        0     1                 
80200806 80200806        0     1                 
8020080a 8020080a        0     1                 
8020080a 8020080a        0     1                 
8020080e 8020080e        0     1                 
8020080e 8020080e        0     1                 
8020081e 8020081e        0     1                 
8020082e 8020082e        0     1                 
80200832 80200832        0     1                 
80200836 80200836        0     1                 
80200836 80200836        0     1                 
80200840 80200840        0     1                 
80200848 80200848        0     1                 
80200848 80200848        0     1                 
8020084a 8020084a        0     1                 
8020084a 8020084a        0     1                 
80200852 80200852        0     1                 
80200852 80200852        0     1                 
80200856 80200856        0     1                 .LBB15_3
80200856 80200856        0     1                 
80200856 80200856        0     1                 
8020086e 8020086e        0     1                 
8020086e 8020086e        0     1                 .LBB15_4
80200870 80200870        0     1                 .LBB15_5
80200870 80200870        0     1                 
80200870 80200870        0     1                 
80200886 80200886        0     1                 
80200886 80200886        0     1                 .LBB15_6
80200888 80200888        0     1                 
80200888 80200888        0     1                 
80200888 80200888        0     1                 
80200888 80200888      22a     2         /tmp/common-0fe763.o:(.text)
80200888 80200888        0     1                 
80200888 80200888        0     1                 
80200888 80200888        0     1                 $x.0
80200888 80200888        0     1                 
80200888 80200888      1a6     1                 printf
802008b6 802008b6        0     1                 
802008de 802008de        0     1                 .LBB0_1
802008de 802008de        0     1                 
802008e2 802008e2        0     1                 .LBB0_2
802008e2 802008e2        0     1                 
802008e4 802008e4        0     1                 .LBB0_3
802008e4 802008e4        0     1                 
802008e8 802008e8        0     1                 
802008f0 802008f0        0     1                 .LBB0_5
802008f0 802008f0        0     1                 
802008f2 802008f2        0     1                 
802008f2 802008f2        0     1                 
802008f4 802008f4        0     1                 
802008f6 802008f6        0     1                 .LBB0_6
802008f6 802008f6        0     1                 
802008fa 802008fa        0     1                 
802008fc 802008fc        0     1                 
8020090c 8020090c        0     1                 
8020090c 8020090c        0     1                 
80200918 80200918        0     1                 
80200918 80200918        0     1                 
8020091c 8020091c        0     1                 
8020091c 8020091c        0     1                 
8020091e 8020091e        0     1                 
80200924 80200924        0     1                 .LBB0_11
80200924 80200924        0     1                 
80200924 80200924        0     1                 
8020092c 8020092c        0     1                 
8020092c 8020092c        0     1                 
80200936 80200936        0     1                 
80200936 80200936        0     1                 
8020093a 8020093a        0     1                 
8020093a 8020093a        0     1                 
8020093c 8020093c        0     1                 
80200940 80200940        0     1                 
80200942 80200942        0     1                 
80200942 80200942        0     1                 
80200948 80200948        0     1                 
80200948 80200948        0     1                 
8020094a 8020094a        0     1                 
8020094e 8020094e        0     1                 
80200950 80200950        0     1                 
80200950 80200950        0     1                 
80200956 80200956        0     1                 
80200956 80200956        0     1                 
80200958 80200958        0     1                 
8020095c 8020095c        0     1                 
8020095e 8020095e        0     1                 
8020095e 8020095e        0     1                 
80200964 80200964        0     1                 
80200964 80200964        0     1                 
80200966 80200966        0     1                 
8020096a 8020096a        0     1                 
8020096c 8020096c        0     1                 
8020096c 8020096c        0     1                 
80200972 80200972        0     1                 
80200972 80200972        0     1                 
80200974 80200974        0     1                 
80200978 80200978        0     1                 
8020097a 8020097a        0     1                 
8020097a 8020097a        0     1                 
80200980 80200980        0     1                 
80200980 80200980        0     1                 
80200982 80200982        0     1                 
80200986 80200986        0     1                 
80200988 80200988        0     1                 
80200988 80200988        0     1                 
8020098e 8020098e        0     1                 
8020098e 8020098e        0     1                 
80200990 80200990        0     1                 
80200994 80200994        0     1                 
80200996 80200996        0     1                 
80200996 80200996        0     1                 
80200998 80200998        0     1                 
80200998 80200998        0     1                 
8020099a 8020099a        0     1                 
8020099e 8020099e        0     1                 
8020099e 8020099e        0     1                 
802009a0 802009a0        0     1                 
802009a0 802009a0        0     1                 
802009a2 802009a2        0     1                 
802009a4 802009a4        0     1                 .LBB0_14
802009a4 802009a4        0     1                 
802009a4 802009a4        0     1                 
802009ae 802009ae        0     1                 
802009ae 802009ae        0     1                 
802009b2 802009b2        0     1                 
802009b8 802009b8        0     1                 
802009b8 802009b8        0     1                 .LBB0_16
802009b8 802009b8        0     1                 
802009be 802009be        0     1                 
802009be 802009be        0     1                 
802009c2 802009c2        0     1                 
802009c4 802009c4        0     1                 
802009c8 802009c8        0     1                 .LBB0_17
802009c8 802009c8        0     1                 
802009c8 802009c8        0     1                 
802009ce 802009ce        0     1                 
802009ce 802009ce        0     1                 
802009d2 802009d2        0     1                 
802009d2 802009d2        0     1                 
802009d4 802009d4        0     1                 
802009d8 802009d8        0     1                 .LBB0_18
802009d8 802009d8        0     1                 
802009da 802009da        0     1                 
802009da 802009da        0     1                 .LBB0_19
802009da 802009da        0     1                 
802009de 802009de        0     1                 
802009e2 802009e2        0     1                 
802009e6 802009e6        0     1                 .LBB0_20
802009e6 802009e6        0     1                 
802009e6 802009e6        0     1                 
802009e8 802009e8        0     1                 
802009e8 802009e8        0     1                 
802009ec 802009ec        0     1                 
802009f0 802009f0        0     1                 
802009f6 802009f6        0     1                 
802009f6 802009f6        0     1                 
802009fe 802009fe        0     1                 
80200a04 80200a04        0     1                 
80200a04 80200a04        0     1                 
80200a0a 80200a0a        0     1                 .LBB0_21
80200a0a 80200a0a        0     1                 
80200a0a 80200a0a        0     1                 
80200a10 80200a10        0     1                 .LBB0_22
80200a10 80200a10        0     1                 
80200a10 80200a10        0     1                 
80200a14 80200a14        0     1                 
80200a2a 80200a2a        0     1                 
80200a2e 80200a2e        0     1                 
80200a2e 80200a2e        0     1                 
80200a2e 80200a2e        0     1                 
80200a2e 80200a2e        0     1                 
80200a2e 80200a2e        0     1                 
80200a2e 80200a2e       1c     1                 memcpy
80200a32 80200a32        0     1                 
80200a32 80200a32        0     1                 
80200a34 80200a34        0     1                 
80200a34 80200a34        0     1                 .LBB1_2
80200a34 80200a34        0     1                 
80200a38 80200a38        0     1                 
80200a3a 80200a3a        0     1                 
80200a3e 80200a3e        0     1                 
80200a3e 80200a3e        0     1                 
80200a42 80200a42        0     1                 
80200a44 80200a44        0     1                 
80200a44 80200a44        0     1                 
80200a48 80200a48        0     1                 .LBB1_3
80200a48 80200a48        0     1                 
80200a48 80200a48        0     1                 
80200a4a 80200a4a        0     1                 
80200a4a 80200a4a        0     1                 
80200a4a 80200a4a        0     1                 
80200a4a 80200a4a        0     1                 
80200a4a 80200a4a        0     1                 
80200a4a 80200a4a       16     1                 memset
80200a4e 80200a4e        0     1                 
80200a4e 80200a4e        0     1                 
80200a50 80200a50        0     1                 
80200a50 80200a50        0     1                 .LBB2_2
80200a50 80200a50        0     1                 
80200a54 80200a54        0     1                 
80200a54 80200a54        0     1                 
80200a58 80200a58        0     1                 
80200a5a 80200a5a        0     1                 
80200a5a 80200a5a        0     1                 
80200a5e 80200a5e        0     1                 .LBB2_3
80200a5e 80200a5e        0     1                 
80200a5e 80200a5e        0     1                 
80200a60 80200a60        0     1                 
80200a60 80200a60        0     1                 
80200a60 80200a60        0     1                 
80200a60 80200a60        0     1                 
80200a60 80200a60        0     1                 
80200a60 80200a60       24     1                 strcpy
80200a66 80200a66        0     1                 
80200a6a 80200a6a        0     1                 
80200a6a 80200a6a        0     1                 
80200a6c 80200a6c        0     1                 
80200a6c 80200a6c        0     1                 .LBB3_2
80200a6c 80200a6c        0     1                 
80200a70 80200a70        0     1                 
80200a74 80200a74        0     1                 
80200a78 80200a78        0     1                 
80200a78 80200a78        0     1                 
80200a7a 80200a7a        0     1                 
80200a7a 80200a7a        0     1                 
80200a7c 80200a7c        0     1                 
80200a7e 80200a7e        0     1                 .LBB3_3
80200a7e 80200a7e        0     1                 
80200a7e 80200a7e        0     1                 
80200a82 80200a82        0     1                 
80200a84 80200a84        0     1                 
80200a84 80200a84        0     1                 
80200a84 80200a84        0     1                 
80200a84 80200a84        0     1                 
80200a84 80200a84        0     1                 
80200a84 80200a84       2e     1                 strcmp
80200a88 80200a88        0     1                 
80200a8a 80200a8a        0     1                 
80200a8c 80200a8c        0     1                 
80200a8c 80200a8c        0     1                 .LBB4_2
80200a8c 80200a8c        0     1                 
80200a94 80200a94        0     1                 
80200a98 80200a98        0     1                 
80200a98 80200a98        0     1                 
80200a9c 80200a9c        0     1                 
80200a9e 80200a9e        0     1                 
80200aa0 80200aa0        0     1                 
80200aa2 80200aa2        0     1                 .LBB4_4
80200aa2 80200aa2        0     1                 
80200aa8 80200aa8        0     1                 .LBB4_5
80200aa8 80200aa8        0     1                 
80200aa8 80200aa8        0     1                 
80200aaa 80200aaa        0     1                 .LBB4_6
80200aaa 80200aaa        0     1                 
80200aaa 80200aaa        0     1                 
80200aae 80200aae        0     1                 
80200aae 80200aae        0     1                 
80200ab0 80200ab0        0     1                 
80200ab2 80200ab2        0     1                 
80200ab2 80200ab2        0     1                 
80200ab4 80200ab4      1d6     4 .rodata
80200ab4 80200ab4      1d6     1         <internal>:(.rodata.str1.1)
80200c8c 80200c8c    102a0     4 .data
80200c8c 80200c8c    102a0     1         shell.bin.o:(.data)
80200c8c 80200c8c        0     1                 _binary_shell_bin_start
80210f2c 80210f2c        0     1                 _binary_shell_bin_end
80210f2c 80210f2c        4     4 .sdata
80210f2c 80210f2c        4     4         /tmp/kernel-162a26.o:(.sdata)
80210f2c 80210f2c        4     1                 alloc_pages.next_paddr
80210f2c 80210f2c        0     1                 $d.2
80210f30 80210f30    10090     4 .bss
80210f30 80210f30        0     1         __bss = .
80210f30 80210f30    10080     4         /tmp/kernel-162a26.o:(.bss)
80210f30 80210f30        0     1                 $d.4
80210f30 80210f30    10080     1                 procs
80220fb0 80220fb0       10     4         /tmp/kernel-162a26.o:(.sbss)
80220fb0 80220fb0        0     1                 $d.5
80220fb0 80220fb0        4     1                 idle_proc
80220fb4 80220fb4        4     1                 current_proc
80220fb8 80220fb8        4     1                 proc_a
80220fbc 80220fbc        4     1                 proc_b
80220fc0 80220fc0        0     1         __bss_end = .
80220fc0 80220fc0        0     1 . = ALIGN ( 4 )
80220fc0 80220fc0    20000     1 . += 128 * 1024
80240fc0 80240fc0        0     1 __stack_top = .
80240fc0 80240fc0       40     1 . = ALIGN ( 4096 )
80241000 80241000        0     1 __free_ram = .
80241000 80241000  4000000     1 . += 64 * 1024 * 1024
84241000 84241000        0     1 __free_ram_end = .
       0        0      b9a     1 .debug_loc
       0        0      8af     1         /tmp/kernel-162a26.o:(.debug_loc)
       0        0        0     1                 
       0        0        0     1                 $d.6
      1b       1b        0     1                 
      36       36        0     1                 
      51       51        0     1                 
      6c       6c        0     1                 
      9d       9d        0     1                 
      c3       c3        0     1                 
     10a      10a        0     1                 
     151      151        0     1                 
     16c      16c        0     1                 
     187      187        0     1                 
     1a2      1a2        0     1                 
     1c9      1c9        0     1                 
     1fa      1fa        0     1                 
     2e7      2e7        0     1                 
     319      319        0     1                 
     343      343        0     1                 
     35e      35e        0     1                 
     37a      37a        0     1                 
     3a0      3a0        0     1                 
     3bb      3bb        0     1                 
     3ed      3ed        0     1                 
     413      413        0     1                 
     443      443        0     1                 
     45e      45e        0     1                 
     486      486        0     1                 
     4ac      4ac        0     1                 
     4c7      4c7        0     1                 
     4e4      4e4        0     1                 
     50a      50a        0     1                 
     527      527        0     1                 
     58f      58f        0     1                 
     614      614        0     1                 
     63a      63a        0     1                 
     655      655        0     1                 
     694      694        0     1                 
     6b2      6b2        0     1                 
     6cf      6cf        0     1                 
     70e      70e        0     1                 
     72c      72c        0     1                 
     749      749        0     1                 
     788      788        0     1                 
     7a3      7a3        0     1                 
     7d4      7d4        0     1                 
     7fa      7fa        0     1                 
     82b      82b        0     1                 
     846      846        0     1                 
     86c      86c        0     1                 
     892      892        0     1                 
     8af      8af      2eb     1         /tmp/common-0fe763.o:(.debug_loc)
     8af      8af        0     1                 
     8af      8af        0     1                 $d.2
     8cd      8cd        0     1                 
     8eb      8eb        0     1                 
     909      909        0     1                 
     94a      94a        0     1                 
     9c7      9c7        0     1                 
     9da      9da        0     1                 
     a3a      a3a        0     1                 
     a65      a65        0     1                 
     a78      a78        0     1                 
     aac      aac        0     1                 
     ac1      ac1        0     1                 
     af5      af5        0     1                 
     b0a      b0a        0     1                 
     b28      b28        0     1                 
     b51      b51        0     1                 
     b87      b87        0     1                 
       0        0      412     1 .debug_abbrev
       0        0      2ea     1         /tmp/kernel-162a26.o:(.debug_abbrev)
       0        0        0     1                 $d.7
     2ea      2ea      128     1         /tmp/common-0fe763.o:(.debug_abbrev)
     2ea      2ea        0     1                 $d.3
       0        0     11f2     1 .debug_info
       0        0      ec7     1         /tmp/kernel-162a26.o:(.debug_info)
       0        0        0     1                 $d.8
     ec7      ec7      32b     1         /tmp/common-0fe763.o:(.debug_info)
     ec7      ec7        0     1                 $d.4
       0        0       e8     1 .debug_ranges
       0        0       d0     1         /tmp/kernel-162a26.o:(.debug_ranges)
       0        0        0     1                 
       0        0        0     1                 $d.9
      18       18        0     1                 
      30       30        0     1                 
      50       50        0     1                 
      68       68        0     1                 
      80       80        0     1                 
      98       98        0     1                 
      b0       b0        0     1                 
      d0       d0       18     1         /tmp/common-0fe763.o:(.debug_ranges)
      d0       d0        0     1                 
      d0       d0        0     1                 $d.5
       0        0      37c     1 .debug_str
       0        0      37c     1         <internal>:(.debug_str)
       0        0       42     1 .comment
       0        0       42     1         <internal>:(.comment)
       0        0       2b     1 .riscv.attributes
       0        0       2b     1         <internal>:(.riscv.attributes)
       0        0      200     4 .debug_frame
       0        0      17c     4         /tmp/kernel-162a26.o:(.debug_frame)
       0        0        0     1                 
       0        0        0     1                 $d.13
     17c      17c       84     4         /tmp/common-0fe763.o:(.debug_frame)
     17c      17c        0     1                 
     17c      17c        0     1                 $d.9
       0        0      cda     1 .debug_line
       0        0      916     1         /tmp/kernel-162a26.o:(.debug_line)
       0        0        0     1                 .Lline_table_start0
       0        0        0     1                 $d.14
     916      916      3c4     1         /tmp/common-0fe763.o:(.debug_line)
     916      916        0     1                 .Lline_table_start0
     916      916        0     1                 $d.10
       0        0     3ca0     4 .symtab
       0        0     3ca0     4         <internal>:(.symtab)
       0        0       ad     1 .shstrtab
       0        0       ad     1         <internal>:(.shstrtab)
       0        0      237     1 .strtab
       0        0      237     1         <internal>:(.strtab)
