     VMA      LMA     Size Align Out     In      Symbol
       0        0 80200000     1 . = 0x80200000
80200000 80200000      2aa     2 .text
80200000 80200000        e     2         /tmp/kernel-83c076.o:(.text.boot)
80200000 80200000        0     1                 
80200000 80200000        0     1                 
80200000 80200000        0     1                 $x.1
80200000 80200000        0     1                 
80200000 80200000        e     1                 boot
8020000e 8020000e        0     1                 
8020000e 8020000e        0     1                 
8020000e 8020000e       72     2         /tmp/kernel-83c076.o:(.text)
8020000e 8020000e        0     1                 
8020000e 8020000e        0     1                 
8020000e 8020000e        0     1                 $x.0
8020000e 8020000e        0     1                 
8020000e 8020000e        6     1                 sbi_call
80200012 80200012        0     1                 
80200014 80200014        0     1                 
80200014 80200014        0     1                 
80200014 80200014        0     1                 
80200014 80200014       14     1                 putchar
80200026 80200026        0     1                 
80200028 80200028        0     1                 
80200028 80200028        0     1                 
80200028 80200028        0     1                 
80200028 80200028       58     1                 kernel_main
8020002c 8020002c        0     1                 
80200042 80200042        0     1                 
80200042 80200042        0     1                 
80200054 80200054        0     1                 
80200054 80200054        0     1                 
80200068 80200068        0     1                 
80200068 80200068        0     1                 
8020007e 8020007e        0     1                 
8020007e 8020007e        0     1                 .LBB2_1
80200080 80200080        0     1                 
80200080 80200080        0     1                 
80200080 80200080      22a     2         /tmp/common-fe19d6.o:(.text)
80200080 80200080        0     1                 
80200080 80200080        0     1                 
80200080 80200080        0     1                 $x.0
80200080 80200080        0     1                 
80200080 80200080      1a6     1                 printf
802000ae 802000ae        0     1                 
802000d6 802000d6        0     1                 .LBB0_1
802000d6 802000d6        0     1                 
802000da 802000da        0     1                 .LBB0_2
802000da 802000da        0     1                 
802000dc 802000dc        0     1                 .LBB0_3
802000dc 802000dc        0     1                 
802000e0 802000e0        0     1                 
802000e8 802000e8        0     1                 .LBB0_5
802000e8 802000e8        0     1                 
802000ea 802000ea        0     1                 
802000ea 802000ea        0     1                 
802000ec 802000ec        0     1                 
802000ee 802000ee        0     1                 .LBB0_6
802000ee 802000ee        0     1                 
802000f2 802000f2        0     1                 
802000f4 802000f4        0     1                 
80200104 80200104        0     1                 
80200104 80200104        0     1                 
80200110 80200110        0     1                 
80200110 80200110        0     1                 
80200114 80200114        0     1                 
80200114 80200114        0     1                 
80200116 80200116        0     1                 
8020011c 8020011c        0     1                 .LBB0_11
8020011c 8020011c        0     1                 
8020011c 8020011c        0     1                 
80200124 80200124        0     1                 
80200124 80200124        0     1                 
8020012e 8020012e        0     1                 
8020012e 8020012e        0     1                 
80200132 80200132        0     1                 
80200132 80200132        0     1                 
80200134 80200134        0     1                 
80200138 80200138        0     1                 
8020013a 8020013a        0     1                 
8020013a 8020013a        0     1                 
80200140 80200140        0     1                 
80200140 80200140        0     1                 
80200142 80200142        0     1                 
80200146 80200146        0     1                 
80200148 80200148        0     1                 
80200148 80200148        0     1                 
8020014e 8020014e        0     1                 
8020014e 8020014e        0     1                 
80200150 80200150        0     1                 
80200154 80200154        0     1                 
80200156 80200156        0     1                 
80200156 80200156        0     1                 
8020015c 8020015c        0     1                 
8020015c 8020015c        0     1                 
8020015e 8020015e        0     1                 
80200162 80200162        0     1                 
80200164 80200164        0     1                 
80200164 80200164        0     1                 
8020016a 8020016a        0     1                 
8020016a 8020016a        0     1                 
8020016c 8020016c        0     1                 
80200170 80200170        0     1                 
80200172 80200172        0     1                 
80200172 80200172        0     1                 
80200178 80200178        0     1                 
80200178 80200178        0     1                 
8020017a 8020017a        0     1                 
8020017e 8020017e        0     1                 
80200180 80200180        0     1                 
80200180 80200180        0     1                 
80200186 80200186        0     1                 
80200186 80200186        0     1                 
80200188 80200188        0     1                 
8020018c 8020018c        0     1                 
8020018e 8020018e        0     1                 
8020018e 8020018e        0     1                 
80200190 80200190        0     1                 
80200190 80200190        0     1                 
80200192 80200192        0     1                 
80200196 80200196        0     1                 
80200196 80200196        0     1                 
80200198 80200198        0     1                 
80200198 80200198        0     1                 
8020019a 8020019a        0     1                 
8020019c 8020019c        0     1                 .LBB0_14
8020019c 8020019c        0     1                 
8020019c 8020019c        0     1                 
802001a6 802001a6        0     1                 
802001a6 802001a6        0     1                 
802001aa 802001aa        0     1                 
802001b0 802001b0        0     1                 
802001b0 802001b0        0     1                 .LBB0_16
802001b0 802001b0        0     1                 
802001b6 802001b6        0     1                 
802001b6 802001b6        0     1                 
802001ba 802001ba        0     1                 
802001bc 802001bc        0     1                 
802001c0 802001c0        0     1                 .LBB0_17
802001c0 802001c0        0     1                 
802001c0 802001c0        0     1                 
802001c6 802001c6        0     1                 
802001c6 802001c6        0     1                 
802001ca 802001ca        0     1                 
802001ca 802001ca        0     1                 
802001cc 802001cc        0     1                 
802001d0 802001d0        0     1                 .LBB0_18
802001d0 802001d0        0     1                 
802001d2 802001d2        0     1                 
802001d2 802001d2        0     1                 .LBB0_19
802001d2 802001d2        0     1                 
802001d6 802001d6        0     1                 
802001da 802001da        0     1                 
802001de 802001de        0     1                 .LBB0_20
802001de 802001de        0     1                 
802001de 802001de        0     1                 
802001e0 802001e0        0     1                 
802001e0 802001e0        0     1                 
802001e4 802001e4        0     1                 
802001e8 802001e8        0     1                 
802001ee 802001ee        0     1                 
802001ee 802001ee        0     1                 
802001f6 802001f6        0     1                 
802001fc 802001fc        0     1                 
802001fc 802001fc        0     1                 
80200202 80200202        0     1                 .LBB0_21
80200202 80200202        0     1                 
80200202 80200202        0     1                 
80200208 80200208        0     1                 .LBB0_22
80200208 80200208        0     1                 
80200208 80200208        0     1                 
8020020c 8020020c        0     1                 
80200222 80200222        0     1                 
80200226 80200226        0     1                 
80200226 80200226        0     1                 
80200226 80200226        0     1                 
80200226 80200226        0     1                 
80200226 80200226        0     1                 
80200226 80200226       1c     1                 memcpy
8020022a 8020022a        0     1                 
8020022a 8020022a        0     1                 
8020022c 8020022c        0     1                 
8020022c 8020022c        0     1                 .LBB1_2
8020022c 8020022c        0     1                 
80200230 80200230        0     1                 
80200232 80200232        0     1                 
80200236 80200236        0     1                 
80200236 80200236        0     1                 
8020023a 8020023a        0     1                 
8020023c 8020023c        0     1                 
8020023c 8020023c        0     1                 
80200240 80200240        0     1                 .LBB1_3
80200240 80200240        0     1                 
80200240 80200240        0     1                 
80200242 80200242        0     1                 
80200242 80200242        0     1                 
80200242 80200242        0     1                 
80200242 80200242        0     1                 
80200242 80200242        0     1                 
80200242 80200242       16     1                 memset
80200246 80200246        0     1                 
80200246 80200246        0     1                 
80200248 80200248        0     1                 
80200248 80200248        0     1                 .LBB2_2
80200248 80200248        0     1                 
8020024c 8020024c        0     1                 
8020024c 8020024c        0     1                 
80200250 80200250        0     1                 
80200252 80200252        0     1                 
80200252 80200252        0     1                 
80200256 80200256        0     1                 .LBB2_3
80200256 80200256        0     1                 
80200256 80200256        0     1                 
80200258 80200258        0     1                 
80200258 80200258        0     1                 
80200258 80200258        0     1                 
80200258 80200258        0     1                 
80200258 80200258        0     1                 
80200258 80200258       24     1                 strcpy
8020025e 8020025e        0     1                 
80200262 80200262        0     1                 
80200262 80200262        0     1                 
80200264 80200264        0     1                 
80200264 80200264        0     1                 .LBB3_2
80200264 80200264        0     1                 
80200268 80200268        0     1                 
8020026c 8020026c        0     1                 
80200270 80200270        0     1                 
80200270 80200270        0     1                 
80200272 80200272        0     1                 
80200272 80200272        0     1                 
80200274 80200274        0     1                 
80200276 80200276        0     1                 .LBB3_3
80200276 80200276        0     1                 
80200276 80200276        0     1                 
8020027a 8020027a        0     1                 
8020027c 8020027c        0     1                 
8020027c 8020027c        0     1                 
8020027c 8020027c        0     1                 
8020027c 8020027c        0     1                 
8020027c 8020027c        0     1                 
8020027c 8020027c       2e     1                 strcmp
80200280 80200280        0     1                 
80200282 80200282        0     1                 
80200284 80200284        0     1                 
80200284 80200284        0     1                 .LBB4_2
80200284 80200284        0     1                 
8020028c 8020028c        0     1                 
80200290 80200290        0     1                 
80200290 80200290        0     1                 
80200294 80200294        0     1                 
80200296 80200296        0     1                 
80200298 80200298        0     1                 
8020029a 8020029a        0     1                 .LBB4_4
8020029a 8020029a        0     1                 
802002a0 802002a0        0     1                 .LBB4_5
802002a0 802002a0        0     1                 
802002a0 802002a0        0     1                 
802002a2 802002a2        0     1                 .LBB4_6
802002a2 802002a2        0     1                 
802002a2 802002a2        0     1                 
802002a6 802002a6        0     1                 
802002a6 802002a6        0     1                 
802002a8 802002a8        0     1                 
802002aa 802002aa        0     1                 
802002aa 802002aa        0     1                 
802002ac 802002ac       50     4 .rodata
802002ac 802002ac       50     1         <internal>:(.rodata.str1.1)
802002fc 802002fc        0     4 .bss
802002fc 802002fc        0     1         __bss = .
802002fc 802002fc        0     1         __bss_end = .
802002fc 802002fc        0     1 . = ALIGN ( 4 )
802002fc 802002fc    20000     1 . += 128 * 1024
802202fc 802202fc        0     1 __stack_top = .
       0        0      359     1 .debug_loc
       0        0       6e     1         /tmp/kernel-83c076.o:(.debug_loc)
       0        0        0     1                 
       0        0        0     1                 $d.3
      1b       1b        0     1                 
      36       36        0     1                 
      51       51        0     1                 
      6e       6e      2eb     1         /tmp/common-fe19d6.o:(.debug_loc)
      6e       6e        0     1                 
      6e       6e        0     1                 $d.2
      8c       8c        0     1                 
      aa       aa        0     1                 
      c8       c8        0     1                 
     109      109        0     1                 
     186      186        0     1                 
     199      199        0     1                 
     1f9      1f9        0     1                 
     224      224        0     1                 
     237      237        0     1                 
     26b      26b        0     1                 
     280      280        0     1                 
     2b4      2b4        0     1                 
     2c9      2c9        0     1                 
     2e7      2e7        0     1                 
     310      310        0     1                 
     346      346        0     1                 
       0        0      2b4     1 .debug_abbrev
       0        0      18c     1         /tmp/kernel-83c076.o:(.debug_abbrev)
       0        0        0     1                 $d.4
     18c      18c      128     1         /tmp/common-fe19d6.o:(.debug_abbrev)
     18c      18c        0     1                 $d.3
       0        0      692     1 .debug_info
       0        0      367     1         /tmp/kernel-83c076.o:(.debug_info)
       0        0        0     1                 $d.5
     367      367      32b     1         /tmp/common-fe19d6.o:(.debug_info)
     367      367        0     1                 $d.4
       0        0       30     1 .debug_ranges
       0        0       18     1         /tmp/kernel-83c076.o:(.debug_ranges)
       0        0        0     1                 
       0        0        0     1                 $d.6
      18       18       18     1         /tmp/common-fe19d6.o:(.debug_ranges)
      18       18        0     1                 
      18       18        0     1                 $d.5
       0        0      197     1 .debug_str
       0        0      197     1         <internal>:(.debug_str)
       0        0       42     1 .comment
       0        0       42     1         <internal>:(.comment)
       0        0       2b     1 .riscv.attributes
       0        0       2b     1         <internal>:(.riscv.attributes)
       0        0       e0     4 .debug_frame
       0        0       5c     4         /tmp/kernel-83c076.o:(.debug_frame)
       0        0        0     1                 
       0        0        0     1                 $d.10
      5c       5c       84     4         /tmp/common-fe19d6.o:(.debug_frame)
      5c       5c        0     1                 
      5c       5c        0     1                 $d.9
       0        0      46a     1 .debug_line
       0        0       a6     1         /tmp/kernel-83c076.o:(.debug_line)
       0        0        0     1                 .Lline_table_start0
       0        0        0     1                 $d.11
      a6       a6      3c4     1         /tmp/common-fe19d6.o:(.debug_line)
      a6       a6        0     1                 .Lline_table_start0
      a6       a6        0     1                 $d.10
       0        0     1650     4 .symtab
       0        0     1650     4         <internal>:(.symtab)
       0        0       a0     1 .shstrtab
       0        0       a0     1         <internal>:(.shstrtab)
       0        0       ea     1 .strtab
       0        0       ea     1         <internal>:(.strtab)
