     VMA      LMA     Size Align Out     In      Symbol
       0        0 80200000     1 . = 0x80200000
80200000 80200000      418     4 .text
80200000 80200000        e     2         /tmp/kernel-c5fcce.o:(.text.boot)
80200000 80200000        0     1                 
80200000 80200000        0     1                 
80200000 80200000        0     1                 $x.1
80200000 80200000        0     1                 
80200000 80200000        e     1                 boot
8020000e 8020000e        0     1                 
8020000e 8020000e        0     1                 
80200010 80200010      1de     4         /tmp/kernel-c5fcce.o:(.text)
80200010 80200010        0     1                 
80200010 80200010        0     1                 
80200010 80200010        0     1                 $x.0
80200010 80200010        0     1                 
80200010 80200010        6     1                 sbi_call
80200014 80200014        0     1                 
80200016 80200016        0     1                 
80200016 80200016        0     1                 
80200016 80200016        0     1                 
80200016 80200016       14     1                 putchar
80200028 80200028        0     1                 
8020002a 8020002a        0     1                 
8020002a 8020002a        0     1                 
8020002a 8020002a        0     1                 
8020002a 8020002a       4e     1                 alloc_pages
80200030 80200030        0     1                 
80200038 80200038        0     1                 
80200038 80200038        0     1                 
8020003c 8020003c        0     1                 
80200040 80200040        0     1                 
80200040 80200040        0     1                 
80200048 80200048        0     1                 
8020004c 8020004c        0     1                 
80200050 80200050        0     1                 
80200066 80200066        0     1                 
80200066 80200066        0     1                 .LBB2_2
80200068 80200068        0     1                 .LBB2_3
80200068 80200068        0     1                 
8020006e 8020006e        0     1                 
8020006e 8020006e        0     1                 
80200074 80200074        0     1                 
80200074 80200074        0     1                 
80200078 80200078        0     1                 
80200078 80200078        0     1                 
80200078 80200078        0     1                 
80200078 80200078        0     1                 
80200078 80200078        0     1                 
80200078 80200078       90     1                 kernel_entry
80200108 80200108        0     1                 
80200108 80200108        0     1                 
80200108 80200108        0     1                 
80200108 80200108        0     1                 
80200108 80200108        0     1                 
80200108 80200108       be     1                 kernel_main
80200114 80200114        0     1                 
8020012a 8020012a        0     1                 
8020012a 8020012a        0     1                 
80200132 80200132        0     1                 
80200132 80200132        0     1                 
80200134 80200134        0     1                 
80200136 80200136        0     1                 
8020013e 8020013e        0     1                 
80200142 80200142        0     1                 
80200146 80200146        0     1                 
8020015c 8020015c        0     1                 
8020015c 8020015c        0     1                 .LBB5_2
8020015e 8020015e        0     1                 .LBB5_3
8020015e 8020015e        0     1                 
80200166 80200166        0     1                 
80200166 80200166        0     1                 
8020016a 8020016a        0     1                 
8020016a 8020016a        0     1                 
8020016c 8020016c        0     1                 
80200172 80200172        0     1                 
80200176 80200176        0     1                 
80200176 80200176        0     1                 
8020018c 8020018c        0     1                 
8020018c 8020018c        0     1                 .LBB5_5
8020018e 8020018e        0     1                 .LBB5_6
8020018e 8020018e        0     1                 
80200196 80200196        0     1                 
80200196 80200196        0     1                 
802001a2 802001a2        0     1                 
802001a2 802001a2        0     1                 
802001ae 802001ae        0     1                 
802001ae 802001ae        0     1                 
802001c4 802001c4        0     1                 
802001c4 802001c4        0     1                 .LBB5_7
802001c6 802001c6        0     1                 
802001c6 802001c6        0     1                 
802001c6 802001c6        0     1                 
802001c6 802001c6        0     1                 
802001c6 802001c6        0     1                 
802001c6 802001c6       28     1                 handle_trap
802001ca 802001ca        0     1                 
802001ca 802001ca        0     1                 
802001ce 802001ce        0     1                 
802001ce 802001ce        0     1                 
802001d2 802001d2        0     1                 
802001d2 802001d2        0     1                 
802001d6 802001d6        0     1                 
802001d6 802001d6        0     1                 
802001da 802001da        0     1                 
802001ec 802001ec        0     1                 
802001ec 802001ec        0     1                 .LBB6_1
802001ee 802001ee        0     1                 
802001ee 802001ee        0     1                 
802001ee 802001ee      22a     2         /tmp/common-39bc1a.o:(.text)
802001ee 802001ee        0     1                 
802001ee 802001ee        0     1                 
802001ee 802001ee        0     1                 $x.0
802001ee 802001ee        0     1                 
802001ee 802001ee      1a6     1                 printf
8020021c 8020021c        0     1                 
80200244 80200244        0     1                 .LBB0_1
80200244 80200244        0     1                 
80200248 80200248        0     1                 .LBB0_2
80200248 80200248        0     1                 
8020024a 8020024a        0     1                 .LBB0_3
8020024a 8020024a        0     1                 
8020024e 8020024e        0     1                 
80200256 80200256        0     1                 .LBB0_5
80200256 80200256        0     1                 
80200258 80200258        0     1                 
80200258 80200258        0     1                 
8020025a 8020025a        0     1                 
8020025c 8020025c        0     1                 .LBB0_6
8020025c 8020025c        0     1                 
80200260 80200260        0     1                 
80200262 80200262        0     1                 
80200272 80200272        0     1                 
80200272 80200272        0     1                 
8020027e 8020027e        0     1                 
8020027e 8020027e        0     1                 
80200282 80200282        0     1                 
80200282 80200282        0     1                 
80200284 80200284        0     1                 
8020028a 8020028a        0     1                 .LBB0_11
8020028a 8020028a        0     1                 
8020028a 8020028a        0     1                 
80200292 80200292        0     1                 
80200292 80200292        0     1                 
8020029c 8020029c        0     1                 
8020029c 8020029c        0     1                 
802002a0 802002a0        0     1                 
802002a0 802002a0        0     1                 
802002a2 802002a2        0     1                 
802002a6 802002a6        0     1                 
802002a8 802002a8        0     1                 
802002a8 802002a8        0     1                 
802002ae 802002ae        0     1                 
802002ae 802002ae        0     1                 
802002b0 802002b0        0     1                 
802002b4 802002b4        0     1                 
802002b6 802002b6        0     1                 
802002b6 802002b6        0     1                 
802002bc 802002bc        0     1                 
802002bc 802002bc        0     1                 
802002be 802002be        0     1                 
802002c2 802002c2        0     1                 
802002c4 802002c4        0     1                 
802002c4 802002c4        0     1                 
802002ca 802002ca        0     1                 
802002ca 802002ca        0     1                 
802002cc 802002cc        0     1                 
802002d0 802002d0        0     1                 
802002d2 802002d2        0     1                 
802002d2 802002d2        0     1                 
802002d8 802002d8        0     1                 
802002d8 802002d8        0     1                 
802002da 802002da        0     1                 
802002de 802002de        0     1                 
802002e0 802002e0        0     1                 
802002e0 802002e0        0     1                 
802002e6 802002e6        0     1                 
802002e6 802002e6        0     1                 
802002e8 802002e8        0     1                 
802002ec 802002ec        0     1                 
802002ee 802002ee        0     1                 
802002ee 802002ee        0     1                 
802002f4 802002f4        0     1                 
802002f4 802002f4        0     1                 
802002f6 802002f6        0     1                 
802002fa 802002fa        0     1                 
802002fc 802002fc        0     1                 
802002fc 802002fc        0     1                 
802002fe 802002fe        0     1                 
802002fe 802002fe        0     1                 
80200300 80200300        0     1                 
80200304 80200304        0     1                 
80200304 80200304        0     1                 
80200306 80200306        0     1                 
80200306 80200306        0     1                 
80200308 80200308        0     1                 
8020030a 8020030a        0     1                 .LBB0_14
8020030a 8020030a        0     1                 
8020030a 8020030a        0     1                 
80200314 80200314        0     1                 
80200314 80200314        0     1                 
80200318 80200318        0     1                 
8020031e 8020031e        0     1                 
8020031e 8020031e        0     1                 .LBB0_16
8020031e 8020031e        0     1                 
80200324 80200324        0     1                 
80200324 80200324        0     1                 
80200328 80200328        0     1                 
8020032a 8020032a        0     1                 
8020032e 8020032e        0     1                 .LBB0_17
8020032e 8020032e        0     1                 
8020032e 8020032e        0     1                 
80200334 80200334        0     1                 
80200334 80200334        0     1                 
80200338 80200338        0     1                 
80200338 80200338        0     1                 
8020033a 8020033a        0     1                 
8020033e 8020033e        0     1                 .LBB0_18
8020033e 8020033e        0     1                 
80200340 80200340        0     1                 
80200340 80200340        0     1                 .LBB0_19
80200340 80200340        0     1                 
80200344 80200344        0     1                 
80200348 80200348        0     1                 
8020034c 8020034c        0     1                 .LBB0_20
8020034c 8020034c        0     1                 
8020034c 8020034c        0     1                 
8020034e 8020034e        0     1                 
8020034e 8020034e        0     1                 
80200352 80200352        0     1                 
80200356 80200356        0     1                 
8020035c 8020035c        0     1                 
8020035c 8020035c        0     1                 
80200364 80200364        0     1                 
8020036a 8020036a        0     1                 
8020036a 8020036a        0     1                 
80200370 80200370        0     1                 .LBB0_21
80200370 80200370        0     1                 
80200370 80200370        0     1                 
80200376 80200376        0     1                 .LBB0_22
80200376 80200376        0     1                 
80200376 80200376        0     1                 
8020037a 8020037a        0     1                 
80200390 80200390        0     1                 
80200394 80200394        0     1                 
80200394 80200394        0     1                 
80200394 80200394        0     1                 
80200394 80200394        0     1                 
80200394 80200394        0     1                 
80200394 80200394       1c     1                 memcpy
80200398 80200398        0     1                 
80200398 80200398        0     1                 
8020039a 8020039a        0     1                 
8020039a 8020039a        0     1                 .LBB1_2
8020039a 8020039a        0     1                 
8020039e 8020039e        0     1                 
802003a0 802003a0        0     1                 
802003a4 802003a4        0     1                 
802003a4 802003a4        0     1                 
802003a8 802003a8        0     1                 
802003aa 802003aa        0     1                 
802003aa 802003aa        0     1                 
802003ae 802003ae        0     1                 .LBB1_3
802003ae 802003ae        0     1                 
802003ae 802003ae        0     1                 
802003b0 802003b0        0     1                 
802003b0 802003b0        0     1                 
802003b0 802003b0        0     1                 
802003b0 802003b0        0     1                 
802003b0 802003b0        0     1                 
802003b0 802003b0       16     1                 memset
802003b4 802003b4        0     1                 
802003b4 802003b4        0     1                 
802003b6 802003b6        0     1                 
802003b6 802003b6        0     1                 .LBB2_2
802003b6 802003b6        0     1                 
802003ba 802003ba        0     1                 
802003ba 802003ba        0     1                 
802003be 802003be        0     1                 
802003c0 802003c0        0     1                 
802003c0 802003c0        0     1                 
802003c4 802003c4        0     1                 .LBB2_3
802003c4 802003c4        0     1                 
802003c4 802003c4        0     1                 
802003c6 802003c6        0     1                 
802003c6 802003c6        0     1                 
802003c6 802003c6        0     1                 
802003c6 802003c6        0     1                 
802003c6 802003c6        0     1                 
802003c6 802003c6       24     1                 strcpy
802003cc 802003cc        0     1                 
802003d0 802003d0        0     1                 
802003d0 802003d0        0     1                 
802003d2 802003d2        0     1                 
802003d2 802003d2        0     1                 .LBB3_2
802003d2 802003d2        0     1                 
802003d6 802003d6        0     1                 
802003da 802003da        0     1                 
802003de 802003de        0     1                 
802003de 802003de        0     1                 
802003e0 802003e0        0     1                 
802003e0 802003e0        0     1                 
802003e2 802003e2        0     1                 
802003e4 802003e4        0     1                 .LBB3_3
802003e4 802003e4        0     1                 
802003e4 802003e4        0     1                 
802003e8 802003e8        0     1                 
802003ea 802003ea        0     1                 
802003ea 802003ea        0     1                 
802003ea 802003ea        0     1                 
802003ea 802003ea        0     1                 
802003ea 802003ea        0     1                 
802003ea 802003ea       2e     1                 strcmp
802003ee 802003ee        0     1                 
802003f0 802003f0        0     1                 
802003f2 802003f2        0     1                 
802003f2 802003f2        0     1                 .LBB4_2
802003f2 802003f2        0     1                 
802003fa 802003fa        0     1                 
802003fe 802003fe        0     1                 
802003fe 802003fe        0     1                 
80200402 80200402        0     1                 
80200404 80200404        0     1                 
80200406 80200406        0     1                 
80200408 80200408        0     1                 .LBB4_4
80200408 80200408        0     1                 
8020040e 8020040e        0     1                 .LBB4_5
8020040e 8020040e        0     1                 
8020040e 8020040e        0     1                 
80200410 80200410        0     1                 .LBB4_6
80200410 80200410        0     1                 
80200410 80200410        0     1                 
80200414 80200414        0     1                 
80200414 80200414        0     1                 
80200416 80200416        0     1                 
80200418 80200418        0     1                 
80200418 80200418        0     1                 
80200418 80200418       c5     4 .rodata
80200418 80200418       c5     1         <internal>:(.rodata.str1.1)
802004e0 802004e0        4     4 .sdata
802004e0 802004e0        4     4         /tmp/kernel-c5fcce.o:(.sdata)
802004e0 802004e0        4     1                 alloc_pages.next_paddr
802004e0 802004e0        0     1                 $d.2
802004e4 802004e4        0     4 .bss
802004e4 802004e4        0     1         __bss = .
802004e4 802004e4        0     1         __bss_end = .
802004e4 802004e4        0     1 . = ALIGN ( 4 )
802004e4 802004e4    20000     1 . += 128 * 1024
802204e4 802204e4        0     1 __stack_top = .
802204e4 802204e4      b1c     1 . = ALIGN ( 4096 )
80221000 80221000        0     1 __free_ram = .
80221000 80221000  4000000     1 . += 64 * 1024 * 1024
84221000 84221000        0     1 __free_ram_end = .
       0        0      467     1 .debug_loc
       0        0      17c     1         /tmp/kernel-c5fcce.o:(.debug_loc)
       0        0        0     1                 
       0        0        0     1                 $d.4
      1b       1b        0     1                 
      36       36        0     1                 
      51       51        0     1                 
      6e       6e        0     1                 
      89       89        0     1                 
      a4       a4        0     1                 
      bf       bf        0     1                 
      da       da        0     1                 
      f5       f5        0     1                 
     110      110        0     1                 
     12b      12b        0     1                 
     146      146        0     1                 
     161      161        0     1                 
     17c      17c      2eb     1         /tmp/common-39bc1a.o:(.debug_loc)
     17c      17c        0     1                 
     17c      17c        0     1                 $d.2
     19a      19a        0     1                 
     1b8      1b8        0     1                 
     1d6      1d6        0     1                 
     217      217        0     1                 
     294      294        0     1                 
     2a7      2a7        0     1                 
     307      307        0     1                 
     332      332        0     1                 
     345      345        0     1                 
     379      379        0     1                 
     38e      38e        0     1                 
     3c2      3c2        0     1                 
     3d7      3d7        0     1                 
     3f5      3f5        0     1                 
     41e      41e        0     1                 
     454      454        0     1                 
       0        0      2d9     1 .debug_abbrev
       0        0      1b1     1         /tmp/kernel-c5fcce.o:(.debug_abbrev)
       0        0        0     1                 $d.5
     1b1      1b1      128     1         /tmp/common-39bc1a.o:(.debug_abbrev)
     1b1      1b1        0     1                 $d.3
       0        0      9b1     1 .debug_info
       0        0      686     1         /tmp/kernel-c5fcce.o:(.debug_info)
       0        0        0     1                 $d.6
     686      686      32b     1         /tmp/common-39bc1a.o:(.debug_info)
     686      686        0     1                 $d.4
       0        0       38     1 .debug_ranges
       0        0       20     1         /tmp/kernel-c5fcce.o:(.debug_ranges)
       0        0        0     1                 
       0        0        0     1                 $d.7
      20       20       18     1         /tmp/common-39bc1a.o:(.debug_ranges)
      20       20        0     1                 
      20       20        0     1                 $d.5
       0        0      25a     1 .debug_str
       0        0      25a     1         <internal>:(.debug_str)
       0        0       42     1 .comment
       0        0       42     1         <internal>:(.comment)
       0        0       2b     1 .riscv.attributes
       0        0       2b     1         <internal>:(.riscv.attributes)
       0        0      128     4 .debug_frame
       0        0       a4     4         /tmp/kernel-c5fcce.o:(.debug_frame)
       0        0        0     1                 
       0        0        0     1                 $d.11
      a4       a4       84     4         /tmp/common-39bc1a.o:(.debug_frame)
      a4       a4        0     1                 
      a4       a4        0     1                 $d.9
       0        0      573     1 .debug_line
       0        0      1af     1         /tmp/kernel-c5fcce.o:(.debug_line)
       0        0        0     1                 .Lline_table_start0
       0        0        0     1                 $d.12
     1af      1af      3c4     1         /tmp/common-39bc1a.o:(.debug_line)
     1af      1af        0     1                 .Lline_table_start0
     1af      1af        0     1                 $d.10
       0        0     1da0     4 .symtab
       0        0     1da0     4         <internal>:(.symtab)
       0        0       a7     1 .shstrtab
       0        0       a7     1         <internal>:(.shstrtab)
       0        0      146     1 .strtab
       0        0      146     1         <internal>:(.strtab)
