     VMA      LMA     Size Align Out     In      Symbol
       0        0 80200000     1 . = 0x80200000
80200000        0        0     1 __kernel_base = .
80200000 80200000      912     4 .text
80200000 80200000        e     2         /tmp/kernel-d986d3.o:(.text.boot)
80200000 80200000        0     1                 
80200000 80200000        0     1                 
80200000 80200000        0     1                 $x.1
80200000 80200000        0     1                 
80200000 80200000        e     1                 boot
8020000e 8020000e        0     1                 
8020000e 8020000e        0     1                 
80200010 80200010      6d8     4         /tmp/kernel-d986d3.o:(.text)
80200010 80200010        0     1                 
80200010 80200010        0     1                 
80200010 80200010        0     1                 $x.0
80200010 80200010        0     1                 
80200010 80200010        6     1                 sbi_call
80200014 80200014        0     1                 
80200016 80200016        0     1                 
80200016 80200016        0     1                 
80200016 80200016        0     1                 
80200016 80200016       46     1                 switch_context
8020005c 8020005c        0     1                 
8020005c 8020005c        0     1                 
8020005c 8020005c        0     1                 
8020005c 8020005c       50     1                 alloc_pages
80200062 80200062        0     1                 
8020006a 8020006a        0     1                 
8020006a 8020006a        0     1                 
8020006e 8020006e        0     1                 
80200072 80200072        0     1                 
80200072 80200072        0     1                 
8020007a 8020007a        0     1                 
8020007e 8020007e        0     1                 
80200082 80200082        0     1                 
80200098 80200098        0     1                 
80200098 80200098        0     1                 .LBB2_2
8020009a 8020009a        0     1                 .LBB2_3
8020009a 8020009a        0     1                 
802000a2 802000a2        0     1                 
802000a2 802000a2        0     1                 
802000a8 802000a8        0     1                 
802000a8 802000a8        0     1                 
802000ac 802000ac        0     1                 
802000ac 802000ac        0     1                 
802000ac 802000ac        0     1                 
802000ac 802000ac        0     1                 
802000ac 802000ac        0     1                 
802000ac 802000ac       d8     1                 map_page
802000bc 802000bc        0     1                 
802000bc 802000bc        0     1                 
802000c0 802000c0        0     1                 
802000c4 802000c4        0     1                 
802000d4 802000d4        0     1                 
802000d6 802000d6        0     1                 
802000d8 802000d8        0     1                 
802000d8 802000d8        0     1                 .LBB3_2
802000da 802000da        0     1                 .LBB3_3
802000da 802000da        0     1                 
802000da 802000da        0     1                 
802000de 802000de        0     1                 
802000e0 802000e0        0     1                 
802000e2 802000e2        0     1                 
802000e6 802000e6        0     1                 
802000f4 802000f4        0     1                 
802000f8 802000f8        0     1                 
802000fa 802000fa        0     1                 
802000fa 802000fa        0     1                 .LBB3_5
802000fc 802000fc        0     1                 .LBB3_6
802000fc 802000fc        0     1                 
802000fc 802000fc        0     1                 
80200108 80200108        0     1                 
80200108 80200108        0     1                 
8020010c 8020010c        0     1                 
8020010e 8020010e        0     1                 
8020010e 8020010e        0     1                 
80200116 80200116        0     1                 
80200116 80200116        0     1                 
80200118 80200118        0     1                 
8020011a 8020011a        0     1                 
80200122 80200122        0     1                 
80200126 80200126        0     1                 
8020012a 8020012a        0     1                 
8020013e 8020013e        0     1                 
80200140 80200140        0     1                 
80200140 80200140        0     1                 .LBB3_9
80200142 80200142        0     1                 .LBB3_10
80200142 80200142        0     1                 
80200142 80200142        0     1                 
80200144 80200144        0     1                 
80200144 80200144        0     1                 
8020014c 8020014c        0     1                 
8020014e 8020014e        0     1                 
8020014e 8020014e        0     1                 
80200152 80200152        0     1                 
80200152 80200152        0     1                 
80200158 80200158        0     1                 
8020015a 8020015a        0     1                 
8020015c 8020015c        0     1                 .LBB3_11
8020015c 8020015c        0     1                 
8020015c 8020015c        0     1                 
80200160 80200160        0     1                 
80200160 80200160        0     1                 
80200162 80200162        0     1                 
80200168 80200168        0     1                 
8020016a 8020016a        0     1                 
8020016a 8020016a        0     1                 
8020016e 8020016e        0     1                 
80200172 80200172        0     1                 
80200172 80200172        0     1                 
80200180 80200180        0     1                 
80200184 80200184        0     1                 
80200184 80200184        0     1                 
80200184 80200184        0     1                 
80200184 80200184        0     1                 
80200184 80200184        0     1                 
80200184 80200184      184     1                 create_process
80200196 80200196        0     1                 
802001a0 802001a0        0     1                 
802001a0 802001a0        0     1                 
802001a2 802001a2        0     1                 
802001a2 802001a2        0     1                 
802001a8 802001a8        0     1                 
802001aa 802001aa        0     1                 
802001aa 802001aa        0     1                 
802001b8 802001b8        0     1                 
802001ba 802001ba        0     1                 
802001ba 802001ba        0     1                 
802001c0 802001c0        0     1                 
802001c2 802001c2        0     1                 
802001c2 802001c2        0     1                 
802001d0 802001d0        0     1                 
802001d2 802001d2        0     1                 
802001d2 802001d2        0     1                 
802001d8 802001d8        0     1                 
802001da 802001da        0     1                 
802001da 802001da        0     1                 
802001e8 802001e8        0     1                 
802001ea 802001ea        0     1                 
802001ea 802001ea        0     1                 
802001f0 802001f0        0     1                 
802001f2 802001f2        0     1                 
802001f2 802001f2        0     1                 
802001f6 802001f6        0     1                 
80200208 80200208        0     1                 
80200208 80200208        0     1                 .LBB4_9
8020020a 8020020a        0     1                 .LBB4_10
8020020a 8020020a        0     1                 
8020020a 8020020a        0     1                 
8020020e 8020020e        0     1                 .LBB4_11
8020020e 8020020e        0     1                 
80200212 80200212        0     1                 .LBB4_12
80200212 80200212        0     1                 
80200216 80200216        0     1                 .LBB4_13
80200216 80200216        0     1                 
8020021a 8020021a        0     1                 .LBB4_14
8020021a 8020021a        0     1                 
8020021e 8020021e        0     1                 .LBB4_15
8020021e 8020021e        0     1                 
80200222 80200222        0     1                 .LBB4_16
80200222 80200222        0     1                 
80200226 80200226        0     1                 .LBB4_17
80200226 80200226        0     1                 
80200228 80200228        0     1                 .LBB4_18
80200228 80200228        0     1                 
80200228 80200228        0     1                 
80200236 80200236        0     1                 
8020023c 8020023c        0     1                 
80200240 80200240        0     1                 
80200244 80200244        0     1                 
80200248 80200248        0     1                 
8020024c 8020024c        0     1                 
80200250 80200250        0     1                 
80200254 80200254        0     1                 
80200258 80200258        0     1                 
8020025c 8020025c        0     1                 
80200260 80200260        0     1                 
80200264 80200264        0     1                 
80200268 80200268        0     1                 
80200270 80200270        0     1                 
80200270 80200270        0     1                 
80200278 80200278        0     1                 
80200278 80200278        0     1                 
8020027a 8020027a        0     1                 
8020027a 8020027a        0     1                 
80200280 80200280        0     1                 
80200280 80200280        0     1                 
80200282 80200282        0     1                 
8020028a 8020028a        0     1                 
80200292 80200292        0     1                 
802002a8 802002a8        0     1                 
802002a8 802002a8        0     1                 .LBB4_20
802002aa 802002aa        0     1                 .LBB4_21
802002aa 802002aa        0     1                 
802002b4 802002b4        0     1                 
802002b4 802002b4        0     1                 
802002c0 802002c0        0     1                 
802002c0 802002c0        0     1                 
802002c8 802002c8        0     1                 
802002c8 802002c8        0     1                 .LBB4_23
802002c8 802002c8        0     1                 
802002d2 802002d2        0     1                 
802002d2 802002d2        0     1                 
802002d4 802002d4        0     1                 
802002d8 802002d8        0     1                 .LBB4_24
802002d8 802002d8        0     1                 
802002d8 802002d8        0     1                 
802002e2 802002e2        0     1                 
802002e2 802002e2        0     1                 
802002e4 802002e4        0     1                 
802002ea 802002ea        0     1                 
802002ec 802002ec        0     1                 
802002f0 802002f0        0     1                 
80200304 80200304        0     1                 
80200304 80200304        0     1                 
80200308 80200308        0     1                 
80200308 80200308        0     1                 
80200308 80200308        0     1                 
80200308 80200308        0     1                 
80200308 80200308        0     1                 
80200308 80200308       14     1                 putchar
8020031a 8020031a        0     1                 
8020031a 8020031a        0     1                 
8020031c 8020031c        0     1                 
8020031c 8020031c        0     1                 
8020031c 8020031c        0     1                 
8020031c 8020031c      1d2     1                 yield
80200328 80200328        0     1                 
8020032c 8020032c        0     1                 
8020032c 8020032c        0     1                 
8020033a 8020033a        0     1                 
8020034e 8020034e        0     1                 
8020034e 8020034e        0     1                 
80200352 80200352        0     1                 
80200352 80200352        0     1                 
80200354 80200354        0     1                 
80200354 80200354        0     1                 
80200358 80200358        0     1                 
80200358 80200358        0     1                 
8020035a 8020035a        0     1                 
8020035e 8020035e        0     1                 .LBB6_2
8020035e 8020035e        0     1                 
8020035e 8020035e        0     1                 
80200362 80200362        0     1                 
8020036e 8020036e        0     1                 
8020037a 8020037a        0     1                 
8020037e 8020037e        0     1                 
80200388 80200388        0     1                 
80200388 80200388        0     1                 
8020038a 8020038a        0     1                 
8020038e 8020038e        0     1                 .LBB6_4
8020038e 8020038e        0     1                 
8020038e 8020038e        0     1                 
80200392 80200392        0     1                 
8020039e 8020039e        0     1                 
802003b6 802003b6        0     1                 
802003ba 802003ba        0     1                 
802003ba 802003ba        0     1                 
802003bc 802003bc        0     1                 
802003c0 802003c0        0     1                 .LBB6_6
802003c0 802003c0        0     1                 
802003c0 802003c0        0     1                 
802003c4 802003c4        0     1                 
802003d0 802003d0        0     1                 
802003dc 802003dc        0     1                 
802003e0 802003e0        0     1                 
802003ea 802003ea        0     1                 
802003ea 802003ea        0     1                 
802003ec 802003ec        0     1                 
802003f0 802003f0        0     1                 .LBB6_8
802003f0 802003f0        0     1                 
802003f0 802003f0        0     1                 
802003f4 802003f4        0     1                 
80200400 80200400        0     1                 
80200418 80200418        0     1                 
8020041c 8020041c        0     1                 
8020041c 8020041c        0     1                 
8020041e 8020041e        0     1                 
80200422 80200422        0     1                 .LBB6_10
80200422 80200422        0     1                 
80200422 80200422        0     1                 
80200426 80200426        0     1                 
80200432 80200432        0     1                 
8020043e 8020043e        0     1                 
80200442 80200442        0     1                 
8020044c 8020044c        0     1                 
8020044c 8020044c        0     1                 
8020044e 8020044e        0     1                 
80200452 80200452        0     1                 .LBB6_12
80200452 80200452        0     1                 
80200452 80200452        0     1                 
80200456 80200456        0     1                 
80200462 80200462        0     1                 
8020047a 8020047a        0     1                 
8020047e 8020047e        0     1                 
8020047e 8020047e        0     1                 
80200480 80200480        0     1                 
80200484 80200484        0     1                 .LBB6_14
80200484 80200484        0     1                 
80200484 80200484        0     1                 
80200486 80200486        0     1                 
80200492 80200492        0     1                 
8020049e 8020049e        0     1                 
802004a2 802004a2        0     1                 
802004ac 802004ac        0     1                 
802004ac 802004ac        0     1                 
802004ae 802004ae        0     1                 
802004b2 802004b2        0     1                 .LBB6_16
802004b2 802004b2        0     1                 
802004b2 802004b2        0     1                 
802004b4 802004b4        0     1                 .LBB6_17
802004b4 802004b4        0     1                 
802004b4 802004b4        0     1                 
802004b8 802004b8        0     1                 
802004ba 802004ba        0     1                 
802004c0 802004c0        0     1                 
802004c6 802004c6        0     1                 
802004c8 802004c8        0     1                 
802004d8 802004d8        0     1                 
802004e0 802004e0        0     1                 
802004e0 802004e0        0     1                 
802004e2 802004e2        0     1                 
802004e2 802004e2        0     1                 
802004e6 802004e6        0     1                 
802004ea 802004ea        0     1                 
802004ec 802004ec        0     1                 .LBB6_19
802004ec 802004ec        0     1                 
802004ec 802004ec        0     1                 
802004ee 802004ee        0     1                 
802004ee 802004ee        0     1                 
802004f0 802004f0        0     1                 
802004f0 802004f0        0     1                 
802004f0 802004f0        0     1                 
802004f0 802004f0       96     1                 kernel_entry
80200586 80200586        0     1                 
80200586 80200586        0     1                 
80200586 80200586        0     1                 
80200586 80200586        0     1                 
80200586 80200586        0     1                 
80200586 80200586       10     1                 delay
8020058e 8020058e        0     1                 .LBB9_1
8020058e 8020058e        0     1                 
8020058e 8020058e        0     1                 
80200590 80200590        0     1                 
80200590 80200590        0     1                 
80200592 80200592        0     1                 
80200592 80200592        0     1                 
80200594 80200594        0     1                 
80200594 80200594        0     1                 
80200596 80200596        0     1                 
80200596 80200596        0     1                 
80200596 80200596        0     1                 
80200596 80200596        0     1                 
80200596 80200596        0     1                 
80200596 80200596       52     1                 proc_a_entry
802005a0 802005a0        0     1                 
802005aa 802005aa        0     1                 
802005aa 802005aa        0     1                 
802005ba 802005ba        0     1                 .LBB10_1
802005ba 802005ba        0     1                 
802005ba 802005ba        0     1                 
802005d0 802005d0        0     1                 
802005d0 802005d0        0     1                 
802005d4 802005d4        0     1                 
802005d8 802005d8        0     1                 
802005da 802005da        0     1                 
802005dc 802005dc        0     1                 
802005de 802005de        0     1                 
802005de 802005de        0     1                 
802005e0 802005e0        0     1                 
802005e0 802005e0        0     1                 .LBB10_2
802005e0 802005e0        0     1                 
802005e2 802005e2        0     1                 
802005e2 802005e2        0     1                 
802005e4 802005e4        0     1                 
802005e4 802005e4        0     1                 
802005e8 802005e8        0     1                 
802005e8 802005e8        0     1                 
802005e8 802005e8        0     1                 
802005e8 802005e8        0     1                 
802005e8 802005e8        0     1                 
802005e8 802005e8        0     1                 
802005e8 802005e8       52     1                 proc_b_entry
802005f2 802005f2        0     1                 
802005fc 802005fc        0     1                 
802005fc 802005fc        0     1                 
8020060c 8020060c        0     1                 .LBB11_1
8020060c 8020060c        0     1                 
8020060c 8020060c        0     1                 
80200622 80200622        0     1                 
80200622 80200622        0     1                 
80200626 80200626        0     1                 
8020062a 8020062a        0     1                 
8020062c 8020062c        0     1                 
8020062e 8020062e        0     1                 
80200630 80200630        0     1                 
80200630 80200630        0     1                 
80200632 80200632        0     1                 
80200632 80200632        0     1                 .LBB11_2
80200632 80200632        0     1                 
80200634 80200634        0     1                 
80200634 80200634        0     1                 
80200636 80200636        0     1                 
80200636 80200636        0     1                 
8020063a 8020063a        0     1                 
8020063a 8020063a        0     1                 
8020063a 8020063a        0     1                 
8020063a 8020063a        0     1                 
8020063a 8020063a        0     1                 
8020063a 8020063a        0     1                 
8020063a 8020063a       86     1                 kernel_main
8020063e 8020063e        0     1                 
80200654 80200654        0     1                 
80200654 80200654        0     1                 
8020065e 8020065e        0     1                 
8020065e 8020065e        0     1                 
80200666 80200666        0     1                 
8020066a 8020066a        0     1                 
8020066a 8020066a        0     1                 
8020066c 8020066c        0     1                 
8020066e 8020066e        0     1                 
8020066e 8020066e        0     1                 
80200676 80200676        0     1                 
8020067a 8020067a        0     1                 
80200682 80200682        0     1                 
8020068c 8020068c        0     1                 
8020068c 8020068c        0     1                 
80200694 80200694        0     1                 
8020069e 8020069e        0     1                 
8020069e 8020069e        0     1                 
802006a6 802006a6        0     1                 
802006a8 802006a8        0     1                 
802006a8 802006a8        0     1                 
802006be 802006be        0     1                 
802006be 802006be        0     1                 .LBB12_1
802006c0 802006c0        0     1                 
802006c0 802006c0        0     1                 
802006c0 802006c0        0     1                 
802006c0 802006c0        0     1                 
802006c0 802006c0        0     1                 
802006c0 802006c0       28     1                 handle_trap
802006c4 802006c4        0     1                 
802006c4 802006c4        0     1                 
802006c8 802006c8        0     1                 
802006c8 802006c8        0     1                 
802006cc 802006cc        0     1                 
802006cc 802006cc        0     1                 
802006d0 802006d0        0     1                 
802006d0 802006d0        0     1                 
802006d4 802006d4        0     1                 
802006e6 802006e6        0     1                 
802006e6 802006e6        0     1                 .LBB13_1
802006e8 802006e8        0     1                 
802006e8 802006e8        0     1                 
802006e8 802006e8      22a     2         /tmp/common-59c4c2.o:(.text)
802006e8 802006e8        0     1                 
802006e8 802006e8        0     1                 
802006e8 802006e8        0     1                 $x.0
802006e8 802006e8        0     1                 
802006e8 802006e8      1a6     1                 printf
80200716 80200716        0     1                 
8020073e 8020073e        0     1                 .LBB0_1
8020073e 8020073e        0     1                 
80200742 80200742        0     1                 .LBB0_2
80200742 80200742        0     1                 
80200744 80200744        0     1                 .LBB0_3
80200744 80200744        0     1                 
80200748 80200748        0     1                 
80200750 80200750        0     1                 .LBB0_5
80200750 80200750        0     1                 
80200752 80200752        0     1                 
80200752 80200752        0     1                 
80200754 80200754        0     1                 
80200756 80200756        0     1                 .LBB0_6
80200756 80200756        0     1                 
8020075a 8020075a        0     1                 
8020075c 8020075c        0     1                 
8020076c 8020076c        0     1                 
8020076c 8020076c        0     1                 
80200778 80200778        0     1                 
80200778 80200778        0     1                 
8020077c 8020077c        0     1                 
8020077c 8020077c        0     1                 
8020077e 8020077e        0     1                 
80200784 80200784        0     1                 .LBB0_11
80200784 80200784        0     1                 
80200784 80200784        0     1                 
8020078c 8020078c        0     1                 
8020078c 8020078c        0     1                 
80200796 80200796        0     1                 
80200796 80200796        0     1                 
8020079a 8020079a        0     1                 
8020079a 8020079a        0     1                 
8020079c 8020079c        0     1                 
802007a0 802007a0        0     1                 
802007a2 802007a2        0     1                 
802007a2 802007a2        0     1                 
802007a8 802007a8        0     1                 
802007a8 802007a8        0     1                 
802007aa 802007aa        0     1                 
802007ae 802007ae        0     1                 
802007b0 802007b0        0     1                 
802007b0 802007b0        0     1                 
802007b6 802007b6        0     1                 
802007b6 802007b6        0     1                 
802007b8 802007b8        0     1                 
802007bc 802007bc        0     1                 
802007be 802007be        0     1                 
802007be 802007be        0     1                 
802007c4 802007c4        0     1                 
802007c4 802007c4        0     1                 
802007c6 802007c6        0     1                 
802007ca 802007ca        0     1                 
802007cc 802007cc        0     1                 
802007cc 802007cc        0     1                 
802007d2 802007d2        0     1                 
802007d2 802007d2        0     1                 
802007d4 802007d4        0     1                 
802007d8 802007d8        0     1                 
802007da 802007da        0     1                 
802007da 802007da        0     1                 
802007e0 802007e0        0     1                 
802007e0 802007e0        0     1                 
802007e2 802007e2        0     1                 
802007e6 802007e6        0     1                 
802007e8 802007e8        0     1                 
802007e8 802007e8        0     1                 
802007ee 802007ee        0     1                 
802007ee 802007ee        0     1                 
802007f0 802007f0        0     1                 
802007f4 802007f4        0     1                 
802007f6 802007f6        0     1                 
802007f6 802007f6        0     1                 
802007f8 802007f8        0     1                 
802007f8 802007f8        0     1                 
802007fa 802007fa        0     1                 
802007fe 802007fe        0     1                 
802007fe 802007fe        0     1                 
80200800 80200800        0     1                 
80200800 80200800        0     1                 
80200802 80200802        0     1                 
80200804 80200804        0     1                 .LBB0_14
80200804 80200804        0     1                 
80200804 80200804        0     1                 
8020080e 8020080e        0     1                 
8020080e 8020080e        0     1                 
80200812 80200812        0     1                 
80200818 80200818        0     1                 
80200818 80200818        0     1                 .LBB0_16
80200818 80200818        0     1                 
8020081e 8020081e        0     1                 
8020081e 8020081e        0     1                 
80200822 80200822        0     1                 
80200824 80200824        0     1                 
80200828 80200828        0     1                 .LBB0_17
80200828 80200828        0     1                 
80200828 80200828        0     1                 
8020082e 8020082e        0     1                 
8020082e 8020082e        0     1                 
80200832 80200832        0     1                 
80200832 80200832        0     1                 
80200834 80200834        0     1                 
80200838 80200838        0     1                 .LBB0_18
80200838 80200838        0     1                 
8020083a 8020083a        0     1                 
8020083a 8020083a        0     1                 .LBB0_19
8020083a 8020083a        0     1                 
8020083e 8020083e        0     1                 
80200842 80200842        0     1                 
80200846 80200846        0     1                 .LBB0_20
80200846 80200846        0     1                 
80200846 80200846        0     1                 
80200848 80200848        0     1                 
80200848 80200848        0     1                 
8020084c 8020084c        0     1                 
80200850 80200850        0     1                 
80200856 80200856        0     1                 
80200856 80200856        0     1                 
8020085e 8020085e        0     1                 
80200864 80200864        0     1                 
80200864 80200864        0     1                 
8020086a 8020086a        0     1                 .LBB0_21
8020086a 8020086a        0     1                 
8020086a 8020086a        0     1                 
80200870 80200870        0     1                 .LBB0_22
80200870 80200870        0     1                 
80200870 80200870        0     1                 
80200874 80200874        0     1                 
8020088a 8020088a        0     1                 
8020088e 8020088e        0     1                 
8020088e 8020088e        0     1                 
8020088e 8020088e        0     1                 
8020088e 8020088e        0     1                 
8020088e 8020088e        0     1                 
8020088e 8020088e       1c     1                 memcpy
80200892 80200892        0     1                 
80200892 80200892        0     1                 
80200894 80200894        0     1                 
80200894 80200894        0     1                 .LBB1_2
80200894 80200894        0     1                 
80200898 80200898        0     1                 
8020089a 8020089a        0     1                 
8020089e 8020089e        0     1                 
8020089e 8020089e        0     1                 
802008a2 802008a2        0     1                 
802008a4 802008a4        0     1                 
802008a4 802008a4        0     1                 
802008a8 802008a8        0     1                 .LBB1_3
802008a8 802008a8        0     1                 
802008a8 802008a8        0     1                 
802008aa 802008aa        0     1                 
802008aa 802008aa        0     1                 
802008aa 802008aa        0     1                 
802008aa 802008aa        0     1                 
802008aa 802008aa        0     1                 
802008aa 802008aa       16     1                 memset
802008ae 802008ae        0     1                 
802008ae 802008ae        0     1                 
802008b0 802008b0        0     1                 
802008b0 802008b0        0     1                 .LBB2_2
802008b0 802008b0        0     1                 
802008b4 802008b4        0     1                 
802008b4 802008b4        0     1                 
802008b8 802008b8        0     1                 
802008ba 802008ba        0     1                 
802008ba 802008ba        0     1                 
802008be 802008be        0     1                 .LBB2_3
802008be 802008be        0     1                 
802008be 802008be        0     1                 
802008c0 802008c0        0     1                 
802008c0 802008c0        0     1                 
802008c0 802008c0        0     1                 
802008c0 802008c0        0     1                 
802008c0 802008c0        0     1                 
802008c0 802008c0       24     1                 strcpy
802008c6 802008c6        0     1                 
802008ca 802008ca        0     1                 
802008ca 802008ca        0     1                 
802008cc 802008cc        0     1                 
802008cc 802008cc        0     1                 .LBB3_2
802008cc 802008cc        0     1                 
802008d0 802008d0        0     1                 
802008d4 802008d4        0     1                 
802008d8 802008d8        0     1                 
802008d8 802008d8        0     1                 
802008da 802008da        0     1                 
802008da 802008da        0     1                 
802008dc 802008dc        0     1                 
802008de 802008de        0     1                 .LBB3_3
802008de 802008de        0     1                 
802008de 802008de        0     1                 
802008e2 802008e2        0     1                 
802008e4 802008e4        0     1                 
802008e4 802008e4        0     1                 
802008e4 802008e4        0     1                 
802008e4 802008e4        0     1                 
802008e4 802008e4        0     1                 
802008e4 802008e4       2e     1                 strcmp
802008e8 802008e8        0     1                 
802008ea 802008ea        0     1                 
802008ec 802008ec        0     1                 
802008ec 802008ec        0     1                 .LBB4_2
802008ec 802008ec        0     1                 
802008f4 802008f4        0     1                 
802008f8 802008f8        0     1                 
802008f8 802008f8        0     1                 
802008fc 802008fc        0     1                 
802008fe 802008fe        0     1                 
80200900 80200900        0     1                 
80200902 80200902        0     1                 .LBB4_4
80200902 80200902        0     1                 
80200908 80200908        0     1                 .LBB4_5
80200908 80200908        0     1                 
80200908 80200908        0     1                 
8020090a 8020090a        0     1                 .LBB4_6
8020090a 8020090a        0     1                 
8020090a 8020090a        0     1                 
8020090e 8020090e        0     1                 
8020090e 8020090e        0     1                 
80200910 80200910        0     1                 
80200912 80200912        0     1                 
80200912 80200912        0     1                 
80200914 80200914      135     4 .rodata
80200914 80200914      135     1         <internal>:(.rodata.str1.1)
80200a4c 80200a4c        4     4 .sdata
80200a4c 80200a4c        4     4         /tmp/kernel-d986d3.o:(.sdata)
80200a4c 80200a4c        4     1                 alloc_pages.next_paddr
80200a4c 80200a4c        0     1                 $d.2
80200a50 80200a50    10090     4 .bss
80200a50 80200a50        0     1         __bss = .
80200a50 80200a50    10080     4         /tmp/kernel-d986d3.o:(.bss)
80200a50 80200a50        0     1                 $d.4
80200a50 80200a50    10080     1                 procs
80210ad0 80210ad0       10     4         /tmp/kernel-d986d3.o:(.sbss)
80210ad0 80210ad0        0     1                 $d.5
80210ad0 80210ad0        4     1                 idle_proc
80210ad4 80210ad4        4     1                 current_proc
80210ad8 80210ad8        4     1                 proc_a
80210adc 80210adc        4     1                 proc_b
80210ae0 80210ae0        0     1         __bss_end = .
80210ae0 80210ae0        0     1 . = ALIGN ( 4 )
80210ae0 80210ae0    20000     1 . += 128 * 1024
80230ae0 80230ae0        0     1 __stack_top = .
80230ae0 80230ae0      520     1 . = ALIGN ( 4096 )
80231000 80231000        0     1 __free_ram = .
80231000 80231000  4000000     1 . += 64 * 1024 * 1024
84231000 84231000        0     1 __free_ram_end = .
       0        0      98d     1 .debug_loc
       0        0      6a2     1         /tmp/kernel-d986d3.o:(.debug_loc)
       0        0        0     1                 
       0        0        0     1                 $d.6
      1b       1b        0     1                 
      36       36        0     1                 
      51       51        0     1                 
      6c       6c        0     1                 
      9d       9d        0     1                 
      c3       c3        0     1                 
     10a      10a        0     1                 
     151      151        0     1                 
     16c      16c        0     1                 
     187      187        0     1                 
     1a2      1a2        0     1                 
     1c8      1c8        0     1                 
     2b5      2b5        0     1                 
     2dc      2dc        0     1                 
     315      315        0     1                 
     330      330        0     1                 
     34c      34c        0     1                 
     367      367        0     1                 
     382      382        0     1                 
     39d      39d        0     1                 
     3ba      3ba        0     1                 
     422      422        0     1                 
     4a7      4a7        0     1                 
     4cd      4cd        0     1                 
     4e8      4e8        0     1                 
     527      527        0     1                 
     545      545        0     1                 
     562      562        0     1                 
     5a1      5a1        0     1                 
     5bf      5bf        0     1                 
     5dc      5dc        0     1                 
     61b      61b        0     1                 
     636      636        0     1                 
     651      651        0     1                 
     66c      66c        0     1                 
     687      687        0     1                 
     6a2      6a2      2eb     1         /tmp/common-59c4c2.o:(.debug_loc)
     6a2      6a2        0     1                 
     6a2      6a2        0     1                 $d.2
     6c0      6c0        0     1                 
     6de      6de        0     1                 
     6fc      6fc        0     1                 
     73d      73d        0     1                 
     7ba      7ba        0     1                 
     7cd      7cd        0     1                 
     82d      82d        0     1                 
     858      858        0     1                 
     86b      86b        0     1                 
     89f      89f        0     1                 
     8b4      8b4        0     1                 
     8e8      8e8        0     1                 
     8fd      8fd        0     1                 
     91b      91b        0     1                 
     944      944        0     1                 
     97a      97a        0     1                 
       0        0      3d7     1 .debug_abbrev
       0        0      2af     1         /tmp/kernel-d986d3.o:(.debug_abbrev)
       0        0        0     1                 $d.7
     2af      2af      128     1         /tmp/common-59c4c2.o:(.debug_abbrev)
     2af      2af        0     1                 $d.3
       0        0      ec7     1 .debug_info
       0        0      b9c     1         /tmp/kernel-d986d3.o:(.debug_info)
       0        0        0     1                 $d.8
     b9c      b9c      32b     1         /tmp/common-59c4c2.o:(.debug_info)
     b9c      b9c        0     1                 $d.4
       0        0       80     1 .debug_ranges
       0        0       68     1         /tmp/kernel-d986d3.o:(.debug_ranges)
       0        0        0     1                 
       0        0        0     1                 $d.9
      18       18        0     1                 
      30       30        0     1                 
      48       48        0     1                 
      68       68       18     1         /tmp/common-59c4c2.o:(.debug_ranges)
      68       68        0     1                 
      68       68        0     1                 $d.5
       0        0      337     1 .debug_str
       0        0      337     1         <internal>:(.debug_str)
       0        0       42     1 .comment
       0        0       42     1         <internal>:(.comment)
       0        0       2b     1 .riscv.attributes
       0        0       2b     1         <internal>:(.riscv.attributes)
       0        0      1cc     4 .debug_frame
       0        0      148     4         /tmp/kernel-d986d3.o:(.debug_frame)
       0        0        0     1                 
       0        0        0     1                 $d.13
     148      148       84     4         /tmp/common-59c4c2.o:(.debug_frame)
     148      148        0     1                 
     148      148        0     1                 $d.9
       0        0      b4e     1 .debug_line
       0        0      78a     1         /tmp/kernel-d986d3.o:(.debug_line)
       0        0        0     1                 .Lline_table_start0
       0        0        0     1                 $d.14
     78a      78a      3c4     1         /tmp/common-59c4c2.o:(.debug_line)
     78a      78a        0     1                 .Lline_table_start0
     78a      78a        0     1                 $d.10
       0        0     3540     4 .symtab
       0        0     3540     4         <internal>:(.symtab)
       0        0       a7     1 .shstrtab
       0        0       a7     1         <internal>:(.shstrtab)
       0        0      1d8     1 .strtab
       0        0      1d8     1         <internal>:(.strtab)
