     VMA      LMA     Size Align Out     In      Symbol
       0        0  1000000     1 . = 0x1000000
 1000000  1000000      272     2 .text
 1000000  1000000        e     2         /tmp/user-839754.o:(.text.start)
 1000000  1000000        0     1                 
 1000000  1000000        0     1                 
 1000000  1000000        0     1                 $x.1
 1000000  1000000        0     1                 
 1000000  1000000        e     1                 start
 100000e  100000e        0     1                 
 100000e  100000e        0     1                 
 100000e  100000e       1c     2         /tmp/shell-314464.o:(.text)
 100000e  100000e        0     1                 
 100000e  100000e        0     1                 
 100000e  100000e        0     1                 $x.0
 100000e  100000e        0     1                 
 100000e  100000e       1c     1                 main
 1000012  1000012        0     1                 
 100001c  100001c        0     1                 
 100001c  100001c        0     1                 
 1000026  1000026        0     1                 
 1000028  1000028        0     1                 .LBB0_1
 1000028  1000028        0     1                 
 100002a  100002a        0     1                 
 100002a  100002a        0     1                 
 100002a  100002a       1e     2         /tmp/user-839754.o:(.text)
 100002a  100002a        0     1                 
 100002a  100002a        0     1                 
 100002a  100002a        0     1                 .LBB0_1
 100002a  100002a        0     1                 $x.0
 100002a  100002a        0     1                 
 100002a  100002a        2     1                 exit
 100002c  100002c        0     1                 
 100002c  100002c        0     1                 
 100002c  100002c        0     1                 
 100002c  100002c        0     1                 
 100002c  100002c        0     1                 
 100002c  100002c       10     1                 syscall
 100002e  100002e        0     1                 
 100002e  100002e        0     1                 
 1000030  1000030        0     1                 
 1000032  1000032        0     1                 
 1000034  1000034        0     1                 
 1000036  1000036        0     1                 
 100003a  100003a        0     1                 
 100003a  100003a        0     1                 
 100003c  100003c        0     1                 
 100003c  100003c        0     1                 
 100003c  100003c        0     1                 
 100003c  100003c        0     1                 
 100003c  100003c        c     1                 putchar
 1000046  1000046        0     1                 
 1000046  1000046        0     1                 
 1000048  1000048        0     1                 
 1000048  1000048      22a     2         /tmp/common-df2493.o:(.text)
 1000048  1000048        0     1                 
 1000048  1000048        0     1                 
 1000048  1000048        0     1                 $x.0
 1000048  1000048        0     1                 
 1000048  1000048      1a6     1                 printf
 1000076  1000076        0     1                 
 100009e  100009e        0     1                 .LBB0_1
 100009e  100009e        0     1                 
 10000a2  10000a2        0     1                 .LBB0_2
 10000a2  10000a2        0     1                 
 10000a4  10000a4        0     1                 .LBB0_3
 10000a4  10000a4        0     1                 
 10000a8  10000a8        0     1                 
 10000b0  10000b0        0     1                 .LBB0_5
 10000b0  10000b0        0     1                 
 10000b2  10000b2        0     1                 
 10000b2  10000b2        0     1                 
 10000b4  10000b4        0     1                 
 10000b6  10000b6        0     1                 .LBB0_6
 10000b6  10000b6        0     1                 
 10000ba  10000ba        0     1                 
 10000bc  10000bc        0     1                 
 10000cc  10000cc        0     1                 
 10000cc  10000cc        0     1                 
 10000d8  10000d8        0     1                 
 10000d8  10000d8        0     1                 
 10000dc  10000dc        0     1                 
 10000dc  10000dc        0     1                 
 10000de  10000de        0     1                 
 10000e4  10000e4        0     1                 .LBB0_11
 10000e4  10000e4        0     1                 
 10000e4  10000e4        0     1                 
 10000ec  10000ec        0     1                 
 10000ec  10000ec        0     1                 
 10000f6  10000f6        0     1                 
 10000f6  10000f6        0     1                 
 10000fa  10000fa        0     1                 
 10000fa  10000fa        0     1                 
 10000fc  10000fc        0     1                 
 1000100  1000100        0     1                 
 1000102  1000102        0     1                 
 1000102  1000102        0     1                 
 1000108  1000108        0     1                 
 1000108  1000108        0     1                 
 100010a  100010a        0     1                 
 100010e  100010e        0     1                 
 1000110  1000110        0     1                 
 1000110  1000110        0     1                 
 1000116  1000116        0     1                 
 1000116  1000116        0     1                 
 1000118  1000118        0     1                 
 100011c  100011c        0     1                 
 100011e  100011e        0     1                 
 100011e  100011e        0     1                 
 1000124  1000124        0     1                 
 1000124  1000124        0     1                 
 1000126  1000126        0     1                 
 100012a  100012a        0     1                 
 100012c  100012c        0     1                 
 100012c  100012c        0     1                 
 1000132  1000132        0     1                 
 1000132  1000132        0     1                 
 1000134  1000134        0     1                 
 1000138  1000138        0     1                 
 100013a  100013a        0     1                 
 100013a  100013a        0     1                 
 1000140  1000140        0     1                 
 1000140  1000140        0     1                 
 1000142  1000142        0     1                 
 1000146  1000146        0     1                 
 1000148  1000148        0     1                 
 1000148  1000148        0     1                 
 100014e  100014e        0     1                 
 100014e  100014e        0     1                 
 1000150  1000150        0     1                 
 1000154  1000154        0     1                 
 1000156  1000156        0     1                 
 1000156  1000156        0     1                 
 1000158  1000158        0     1                 
 1000158  1000158        0     1                 
 100015a  100015a        0     1                 
 100015e  100015e        0     1                 
 100015e  100015e        0     1                 
 1000160  1000160        0     1                 
 1000160  1000160        0     1                 
 1000162  1000162        0     1                 
 1000164  1000164        0     1                 .LBB0_14
 1000164  1000164        0     1                 
 1000164  1000164        0     1                 
 100016e  100016e        0     1                 
 100016e  100016e        0     1                 
 1000172  1000172        0     1                 
 1000178  1000178        0     1                 
 1000178  1000178        0     1                 .LBB0_16
 1000178  1000178        0     1                 
 100017e  100017e        0     1                 
 100017e  100017e        0     1                 
 1000182  1000182        0     1                 
 1000184  1000184        0     1                 
 1000188  1000188        0     1                 .LBB0_17
 1000188  1000188        0     1                 
 1000188  1000188        0     1                 
 100018e  100018e        0     1                 
 100018e  100018e        0     1                 
 1000192  1000192        0     1                 
 1000192  1000192        0     1                 
 1000194  1000194        0     1                 
 1000198  1000198        0     1                 .LBB0_18
 1000198  1000198        0     1                 
 100019a  100019a        0     1                 
 100019a  100019a        0     1                 .LBB0_19
 100019a  100019a        0     1                 
 100019e  100019e        0     1                 
 10001a2  10001a2        0     1                 
 10001a6  10001a6        0     1                 .LBB0_20
 10001a6  10001a6        0     1                 
 10001a6  10001a6        0     1                 
 10001a8  10001a8        0     1                 
 10001a8  10001a8        0     1                 
 10001ac  10001ac        0     1                 
 10001b0  10001b0        0     1                 
 10001b6  10001b6        0     1                 
 10001b6  10001b6        0     1                 
 10001be  10001be        0     1                 
 10001c4  10001c4        0     1                 
 10001c4  10001c4        0     1                 
 10001ca  10001ca        0     1                 .LBB0_21
 10001ca  10001ca        0     1                 
 10001ca  10001ca        0     1                 
 10001d0  10001d0        0     1                 .LBB0_22
 10001d0  10001d0        0     1                 
 10001d0  10001d0        0     1                 
 10001d4  10001d4        0     1                 
 10001ea  10001ea        0     1                 
 10001ee  10001ee        0     1                 
 10001ee  10001ee        0     1                 
 10001ee  10001ee        0     1                 
 10001ee  10001ee        0     1                 
 10001ee  10001ee        0     1                 
 10001ee  10001ee       1c     1                 memcpy
 10001f2  10001f2        0     1                 
 10001f2  10001f2        0     1                 
 10001f4  10001f4        0     1                 
 10001f4  10001f4        0     1                 .LBB1_2
 10001f4  10001f4        0     1                 
 10001f8  10001f8        0     1                 
 10001fa  10001fa        0     1                 
 10001fe  10001fe        0     1                 
 10001fe  10001fe        0     1                 
 1000202  1000202        0     1                 
 1000204  1000204        0     1                 
 1000204  1000204        0     1                 
 1000208  1000208        0     1                 .LBB1_3
 1000208  1000208        0     1                 
 1000208  1000208        0     1                 
 100020a  100020a        0     1                 
 100020a  100020a        0     1                 
 100020a  100020a        0     1                 
 100020a  100020a        0     1                 
 100020a  100020a        0     1                 
 100020a  100020a       16     1                 memset
 100020e  100020e        0     1                 
 100020e  100020e        0     1                 
 1000210  1000210        0     1                 
 1000210  1000210        0     1                 .LBB2_2
 1000210  1000210        0     1                 
 1000214  1000214        0     1                 
 1000214  1000214        0     1                 
 1000218  1000218        0     1                 
 100021a  100021a        0     1                 
 100021a  100021a        0     1                 
 100021e  100021e        0     1                 .LBB2_3
 100021e  100021e        0     1                 
 100021e  100021e        0     1                 
 1000220  1000220        0     1                 
 1000220  1000220        0     1                 
 1000220  1000220        0     1                 
 1000220  1000220        0     1                 
 1000220  1000220        0     1                 
 1000220  1000220       24     1                 strcpy
 1000226  1000226        0     1                 
 100022a  100022a        0     1                 
 100022a  100022a        0     1                 
 100022c  100022c        0     1                 
 100022c  100022c        0     1                 .LBB3_2
 100022c  100022c        0     1                 
 1000230  1000230        0     1                 
 1000234  1000234        0     1                 
 1000238  1000238        0     1                 
 1000238  1000238        0     1                 
 100023a  100023a        0     1                 
 100023a  100023a        0     1                 
 100023c  100023c        0     1                 
 100023e  100023e        0     1                 .LBB3_3
 100023e  100023e        0     1                 
 100023e  100023e        0     1                 
 1000242  1000242        0     1                 
 1000244  1000244        0     1                 
 1000244  1000244        0     1                 
 1000244  1000244        0     1                 
 1000244  1000244        0     1                 
 1000244  1000244        0     1                 
 1000244  1000244       2e     1                 strcmp
 1000248  1000248        0     1                 
 100024a  100024a        0     1                 
 100024c  100024c        0     1                 
 100024c  100024c        0     1                 .LBB4_2
 100024c  100024c        0     1                 
 1000254  1000254        0     1                 
 1000258  1000258        0     1                 
 1000258  1000258        0     1                 
 100025c  100025c        0     1                 
 100025e  100025e        0     1                 
 1000260  1000260        0     1                 
 1000262  1000262        0     1                 .LBB4_4
 1000262  1000262        0     1                 
 1000268  1000268        0     1                 .LBB4_5
 1000268  1000268        0     1                 
 1000268  1000268        0     1                 
 100026a  100026a        0     1                 .LBB4_6
 100026a  100026a        0     1                 
 100026a  100026a        0     1                 
 100026e  100026e        0     1                 
 100026e  100026e        0     1                 
 1000270  1000270        0     1                 
 1000272  1000272        0     1                 
 1000272  1000272        0     1                 
 1000274  1000274       2a     4 .rodata
 1000274  1000274       2a     1         <internal>:(.rodata.str1.1)
 10002a0  10002a0    10000     4 .bss
 10002a0  10002a0        0     1         . = ALIGN ( 16 )
 10002a0  10002a0    10000     1         . += 64 * 1024
 10102a0  10102a0        0     1         __stack_top = .
 10102a0  10102a0        0     1         
       0        0      2c1     1 .debug_abbrev
       0        0       9c     1         /tmp/shell-314464.o:(.debug_abbrev)
       0        0        0     1                 $d.2
      9c       9c       fd     1         /tmp/user-839754.o:(.debug_abbrev)
      9c       9c        0     1                 $d.3
     199      199      128     1         /tmp/common-df2493.o:(.debug_abbrev)
     199      199        0     1                 $d.3
       0        0      535     1 .debug_info
       0        0       92     1         /tmp/shell-314464.o:(.debug_info)
       0        0        0     1                 $d.3
      92       92      178     1         /tmp/user-839754.o:(.debug_info)
      92       92        0     1                 $d.4
     20a      20a      32b     1         /tmp/common-df2493.o:(.debug_info)
     20a      20a        0     1                 $d.4
       0        0      175     1 .debug_str
       0        0      175     1         <internal>:(.debug_str)
       0        0       42     1 .comment
       0        0       42     1         <internal>:(.comment)
       0        0       2b     1 .riscv.attributes
       0        0       2b     1         <internal>:(.riscv.attributes)
       0        0      104     4 .debug_frame
       0        0       2c     4         /tmp/shell-314464.o:(.debug_frame)
       0        0        0     1                 
       0        0        0     1                 $d.7
      2c       2c       54     4         /tmp/user-839754.o:(.debug_frame)
      2c       2c        0     1                 
      2c       2c        0     1                 $d.9
      80       80       84     4         /tmp/common-df2493.o:(.debug_frame)
      80       80        0     1                 
      80       80        0     1                 $d.9
       0        0      4a4     1 .debug_line
       0        0       66     1         /tmp/shell-314464.o:(.debug_line)
       0        0        0     1                 .Lline_table_start0
       0        0        0     1                 $d.8
      66       66       7a     1         /tmp/user-839754.o:(.debug_line)
      66       66        0     1                 .Lline_table_start0
      66       66        0     1                 $d.10
      e0       e0      3c4     1         /tmp/common-df2493.o:(.debug_line)
      e0       e0        0     1                 .Lline_table_start0
      e0       e0        0     1                 $d.10
       0        0      44c     1 .debug_loc
       0        0      161     1         /tmp/user-839754.o:(.debug_loc)
       0        0        0     1                 
       0        0        0     1                 $d.2
      31       31        0     1                 
      57       57        0     1                 
      7d       7d        0     1                 
      a3       a3        0     1                 
      c9       c9        0     1                 
      ef       ef        0     1                 
     115      115        0     1                 
     146      146        0     1                 
     161      161      2eb     1         /tmp/common-df2493.o:(.debug_loc)
     161      161        0     1                 
     161      161        0     1                 $d.2
     17f      17f        0     1                 
     19d      19d        0     1                 
     1bb      1bb        0     1                 
     1fc      1fc        0     1                 
     279      279        0     1                 
     28c      28c        0     1                 
     2ec      2ec        0     1                 
     317      317        0     1                 
     32a      32a        0     1                 
     35e      35e        0     1                 
     373      373        0     1                 
     3a7      3a7        0     1                 
     3bc      3bc        0     1                 
     3da      3da        0     1                 
     403      403        0     1                 
     439      439        0     1                 
       0        0       38     1 .debug_ranges
       0        0       20     1         /tmp/user-839754.o:(.debug_ranges)
       0        0        0     1                 
       0        0        0     1                 $d.5
      20       20       18     1         /tmp/common-df2493.o:(.debug_ranges)
      20       20        0     1                 
      20       20        0     1                 $d.5
       0        0     1760     4 .symtab
       0        0     1760     4         <internal>:(.symtab)
       0        0       a0     1 .shstrtab
       0        0       a0     1         <internal>:(.shstrtab)
       0        0      105     1 .strtab
       0        0      105     1         <internal>:(.strtab)
