     VMA      LMA     Size Align Out     In      Symbol
       0        0  1000000     1 . = 0x1000000
 1000000  1000000      23e     2 .text
 1000000  1000000        e     2         /tmp/user-cd13ca.o:(.text.start)
 1000000  1000000        0     1                 
 1000000  1000000        0     1                 
 1000000  1000000        0     1                 $x.1
 1000000  1000000        0     1                 
 1000000  1000000        e     1                 start
 100000e  100000e        0     1                 
 100000e  100000e        0     1                 
 100000e  100000e        2     2         /tmp/shell-accad9.o:(.text)
 100000e  100000e        0     1                 
 100000e  100000e        0     1                 
 100000e  100000e        0     1                 .LBB0_1
 100000e  100000e        0     1                 $x.0
 100000e  100000e        0     1                 
 100000e  100000e        2     1                 main
 1000010  1000010        0     1                 
 1000010  1000010        0     1                 
 1000010  1000010        4     2         /tmp/user-cd13ca.o:(.text)
 1000010  1000010        0     1                 
 1000010  1000010        0     1                 
 1000010  1000010        0     1                 .LBB0_1
 1000010  1000010        0     1                 $x.0
 1000010  1000010        0     1                 
 1000010  1000010        2     1                 exit
 1000012  1000012        0     1                 
 1000012  1000012        0     1                 
 1000012  1000012        0     1                 
 1000012  1000012        0     1                 
 1000012  1000012        0     1                 
 1000012  1000012        2     1                 putchar
 1000014  1000014        0     1                 
 1000014  1000014      22a     2         /tmp/common-8e8955.o:(.text)
 1000014  1000014        0     1                 
 1000014  1000014        0     1                 
 1000014  1000014        0     1                 $x.0
 1000014  1000014        0     1                 
 1000014  1000014      1a6     1                 printf
 1000042  1000042        0     1                 
 100006a  100006a        0     1                 .LBB0_1
 100006a  100006a        0     1                 
 100006e  100006e        0     1                 .LBB0_2
 100006e  100006e        0     1                 
 1000070  1000070        0     1                 .LBB0_3
 1000070  1000070        0     1                 
 1000074  1000074        0     1                 
 100007c  100007c        0     1                 .LBB0_5
 100007c  100007c        0     1                 
 100007e  100007e        0     1                 
 100007e  100007e        0     1                 
 1000080  1000080        0     1                 
 1000082  1000082        0     1                 .LBB0_6
 1000082  1000082        0     1                 
 1000086  1000086        0     1                 
 1000088  1000088        0     1                 
 1000098  1000098        0     1                 
 1000098  1000098        0     1                 
 10000a4  10000a4        0     1                 
 10000a4  10000a4        0     1                 
 10000a8  10000a8        0     1                 
 10000a8  10000a8        0     1                 
 10000aa  10000aa        0     1                 
 10000b0  10000b0        0     1                 .LBB0_11
 10000b0  10000b0        0     1                 
 10000b0  10000b0        0     1                 
 10000b8  10000b8        0     1                 
 10000b8  10000b8        0     1                 
 10000c2  10000c2        0     1                 
 10000c2  10000c2        0     1                 
 10000c6  10000c6        0     1                 
 10000c6  10000c6        0     1                 
 10000c8  10000c8        0     1                 
 10000cc  10000cc        0     1                 
 10000ce  10000ce        0     1                 
 10000ce  10000ce        0     1                 
 10000d4  10000d4        0     1                 
 10000d4  10000d4        0     1                 
 10000d6  10000d6        0     1                 
 10000da  10000da        0     1                 
 10000dc  10000dc        0     1                 
 10000dc  10000dc        0     1                 
 10000e2  10000e2        0     1                 
 10000e2  10000e2        0     1                 
 10000e4  10000e4        0     1                 
 10000e8  10000e8        0     1                 
 10000ea  10000ea        0     1                 
 10000ea  10000ea        0     1                 
 10000f0  10000f0        0     1                 
 10000f0  10000f0        0     1                 
 10000f2  10000f2        0     1                 
 10000f6  10000f6        0     1                 
 10000f8  10000f8        0     1                 
 10000f8  10000f8        0     1                 
 10000fe  10000fe        0     1                 
 10000fe  10000fe        0     1                 
 1000100  1000100        0     1                 
 1000104  1000104        0     1                 
 1000106  1000106        0     1                 
 1000106  1000106        0     1                 
 100010c  100010c        0     1                 
 100010c  100010c        0     1                 
 100010e  100010e        0     1                 
 1000112  1000112        0     1                 
 1000114  1000114        0     1                 
 1000114  1000114        0     1                 
 100011a  100011a        0     1                 
 100011a  100011a        0     1                 
 100011c  100011c        0     1                 
 1000120  1000120        0     1                 
 1000122  1000122        0     1                 
 1000122  1000122        0     1                 
 1000124  1000124        0     1                 
 1000124  1000124        0     1                 
 1000126  1000126        0     1                 
 100012a  100012a        0     1                 
 100012a  100012a        0     1                 
 100012c  100012c        0     1                 
 100012c  100012c        0     1                 
 100012e  100012e        0     1                 
 1000130  1000130        0     1                 .LBB0_14
 1000130  1000130        0     1                 
 1000130  1000130        0     1                 
 100013a  100013a        0     1                 
 100013a  100013a        0     1                 
 100013e  100013e        0     1                 
 1000144  1000144        0     1                 
 1000144  1000144        0     1                 .LBB0_16
 1000144  1000144        0     1                 
 100014a  100014a        0     1                 
 100014a  100014a        0     1                 
 100014e  100014e        0     1                 
 1000150  1000150        0     1                 
 1000154  1000154        0     1                 .LBB0_17
 1000154  1000154        0     1                 
 1000154  1000154        0     1                 
 100015a  100015a        0     1                 
 100015a  100015a        0     1                 
 100015e  100015e        0     1                 
 100015e  100015e        0     1                 
 1000160  1000160        0     1                 
 1000164  1000164        0     1                 .LBB0_18
 1000164  1000164        0     1                 
 1000166  1000166        0     1                 
 1000166  1000166        0     1                 .LBB0_19
 1000166  1000166        0     1                 
 100016a  100016a        0     1                 
 100016e  100016e        0     1                 
 1000172  1000172        0     1                 .LBB0_20
 1000172  1000172        0     1                 
 1000172  1000172        0     1                 
 1000174  1000174        0     1                 
 1000174  1000174        0     1                 
 1000178  1000178        0     1                 
 100017c  100017c        0     1                 
 1000182  1000182        0     1                 
 1000182  1000182        0     1                 
 100018a  100018a        0     1                 
 1000190  1000190        0     1                 
 1000190  1000190        0     1                 
 1000196  1000196        0     1                 .LBB0_21
 1000196  1000196        0     1                 
 1000196  1000196        0     1                 
 100019c  100019c        0     1                 .LBB0_22
 100019c  100019c        0     1                 
 100019c  100019c        0     1                 
 10001a0  10001a0        0     1                 
 10001b6  10001b6        0     1                 
 10001ba  10001ba        0     1                 
 10001ba  10001ba        0     1                 
 10001ba  10001ba        0     1                 
 10001ba  10001ba        0     1                 
 10001ba  10001ba        0     1                 
 10001ba  10001ba       1c     1                 memcpy
 10001be  10001be        0     1                 
 10001be  10001be        0     1                 
 10001c0  10001c0        0     1                 
 10001c0  10001c0        0     1                 .LBB1_2
 10001c0  10001c0        0     1                 
 10001c4  10001c4        0     1                 
 10001c6  10001c6        0     1                 
 10001ca  10001ca        0     1                 
 10001ca  10001ca        0     1                 
 10001ce  10001ce        0     1                 
 10001d0  10001d0        0     1                 
 10001d0  10001d0        0     1                 
 10001d4  10001d4        0     1                 .LBB1_3
 10001d4  10001d4        0     1                 
 10001d4  10001d4        0     1                 
 10001d6  10001d6        0     1                 
 10001d6  10001d6        0     1                 
 10001d6  10001d6        0     1                 
 10001d6  10001d6        0     1                 
 10001d6  10001d6        0     1                 
 10001d6  10001d6       16     1                 memset
 10001da  10001da        0     1                 
 10001da  10001da        0     1                 
 10001dc  10001dc        0     1                 
 10001dc  10001dc        0     1                 .LBB2_2
 10001dc  10001dc        0     1                 
 10001e0  10001e0        0     1                 
 10001e0  10001e0        0     1                 
 10001e4  10001e4        0     1                 
 10001e6  10001e6        0     1                 
 10001e6  10001e6        0     1                 
 10001ea  10001ea        0     1                 .LBB2_3
 10001ea  10001ea        0     1                 
 10001ea  10001ea        0     1                 
 10001ec  10001ec        0     1                 
 10001ec  10001ec        0     1                 
 10001ec  10001ec        0     1                 
 10001ec  10001ec        0     1                 
 10001ec  10001ec        0     1                 
 10001ec  10001ec       24     1                 strcpy
 10001f2  10001f2        0     1                 
 10001f6  10001f6        0     1                 
 10001f6  10001f6        0     1                 
 10001f8  10001f8        0     1                 
 10001f8  10001f8        0     1                 .LBB3_2
 10001f8  10001f8        0     1                 
 10001fc  10001fc        0     1                 
 1000200  1000200        0     1                 
 1000204  1000204        0     1                 
 1000204  1000204        0     1                 
 1000206  1000206        0     1                 
 1000206  1000206        0     1                 
 1000208  1000208        0     1                 
 100020a  100020a        0     1                 .LBB3_3
 100020a  100020a        0     1                 
 100020a  100020a        0     1                 
 100020e  100020e        0     1                 
 1000210  1000210        0     1                 
 1000210  1000210        0     1                 
 1000210  1000210        0     1                 
 1000210  1000210        0     1                 
 1000210  1000210        0     1                 
 1000210  1000210       2e     1                 strcmp
 1000214  1000214        0     1                 
 1000216  1000216        0     1                 
 1000218  1000218        0     1                 
 1000218  1000218        0     1                 .LBB4_2
 1000218  1000218        0     1                 
 1000220  1000220        0     1                 
 1000224  1000224        0     1                 
 1000224  1000224        0     1                 
 1000228  1000228        0     1                 
 100022a  100022a        0     1                 
 100022c  100022c        0     1                 
 100022e  100022e        0     1                 .LBB4_4
 100022e  100022e        0     1                 
 1000234  1000234        0     1                 .LBB4_5
 1000234  1000234        0     1                 
 1000234  1000234        0     1                 
 1000236  1000236        0     1                 .LBB4_6
 1000236  1000236        0     1                 
 1000236  1000236        0     1                 
 100023a  100023a        0     1                 
 100023a  100023a        0     1                 
 100023c  100023c        0     1                 
 100023e  100023e        0     1                 
 100023e  100023e        0     1                 
 1000240  1000240       11     4 .rodata
 1000240  1000240       11     1         <internal>:(.rodata.str1.1)
 1000254  1000254    1000c     4 .bss
 1000254  1000254        c     1         . = ALIGN ( 16 )
 1000260  1000260    10000     1         . += 64 * 1024
 1010260  1010260        0     1         __stack_top = .
 1010260  1010260        0     1         
       0        0      1cd     1 .debug_abbrev
       0        0       2c     1         /tmp/shell-accad9.o:(.debug_abbrev)
       0        0        0     1                 $d.1
      2c       2c       79     1         /tmp/user-cd13ca.o:(.debug_abbrev)
      2c       2c        0     1                 $d.2
      a5       a5      128     1         /tmp/common-8e8955.o:(.debug_abbrev)
      a5       a5        0     1                 $d.3
       0        0      3d2     1 .debug_info
       0        0       38     1         /tmp/shell-accad9.o:(.debug_info)
       0        0        0     1                 $d.2
      38       38       6f     1         /tmp/user-cd13ca.o:(.debug_info)
      38       38        0     1                 $d.3
      a7       a7      32b     1         /tmp/common-8e8955.o:(.debug_info)
      a7       a7        0     1                 $d.4
       0        0      14c     1 .debug_str
       0        0      14c     1         <internal>:(.debug_str)
       0        0       42     1 .comment
       0        0       42     1         <internal>:(.comment)
       0        0       2b     1 .riscv.attributes
       0        0       2b     1         <internal>:(.riscv.attributes)
       0        0       ec     4 .debug_frame
       0        0       24     4         /tmp/shell-accad9.o:(.debug_frame)
       0        0        0     1                 
       0        0        0     1                 $d.6
      24       24       44     4         /tmp/user-cd13ca.o:(.debug_frame)
      24       24        0     1                 
      24       24        0     1                 $d.8
      68       68       84     4         /tmp/common-8e8955.o:(.debug_frame)
      68       68        0     1                 
      68       68        0     1                 $d.9
       0        0      453     1 .debug_line
       0        0       3a     1         /tmp/shell-accad9.o:(.debug_line)
       0        0        0     1                 .Lline_table_start0
       0        0        0     1                 $d.7
      3a       3a       55     1         /tmp/user-cd13ca.o:(.debug_line)
      3a       3a        0     1                 .Lline_table_start0
      3a       3a        0     1                 $d.9
      8f       8f      3c4     1         /tmp/common-8e8955.o:(.debug_line)
      8f       8f        0     1                 .Lline_table_start0
      8f       8f        0     1                 $d.10
       0        0       30     1 .debug_ranges
       0        0       18     1         /tmp/user-cd13ca.o:(.debug_ranges)
       0        0        0     1                 
       0        0        0     1                 $d.4
      18       18       18     1         /tmp/common-8e8955.o:(.debug_ranges)
      18       18        0     1                 
      18       18        0     1                 $d.5
       0        0      2eb     1 .debug_loc
       0        0      2eb     1         /tmp/common-8e8955.o:(.debug_loc)
       0        0        0     1                 
       0        0        0     1                 $d.2
      1e       1e        0     1                 
      3c       3c        0     1                 
      5a       5a        0     1                 
      9b       9b        0     1                 
     118      118        0     1                 
     12b      12b        0     1                 
     18b      18b        0     1                 
     1b6      1b6        0     1                 
     1c9      1c9        0     1                 
     1fd      1fd        0     1                 
     212      212        0     1                 
     246      246        0     1                 
     25b      25b        0     1                 
     279      279        0     1                 
     2a2      2a2        0     1                 
     2d8      2d8        0     1                 
       0        0     1490     4 .symtab
       0        0     1490     4         <internal>:(.symtab)
       0        0       a0     1 .shstrtab
       0        0       a0     1         <internal>:(.shstrtab)
       0        0       f2     1 .strtab
       0        0       f2     1         <internal>:(.strtab)
